Component: Arm Compiler for Embedded 6.23 Tool: armlink [5f102400]

==============================================================================

Section Cross References

    entrega_2.o(.ARM.exidx.text._Z12SysTick_Initv) refers to entrega_2.o(.text._Z12SysTick_Initv) for [Anonymous Symbol]
    entrega_2.o(.ARM.exidx.text._Z12SysTick_Waitj) refers to entrega_2.o(.text._Z12SysTick_Waitj) for [Anonymous Symbol]
    entrega_2.o(.text._Z14SysTick_Wait1sj) refers to entrega_2.o(.text._Z12SysTick_Waitj) for SysTick_Wait(unsigned int)
    entrega_2.o(.ARM.exidx.text._Z14SysTick_Wait1sj) refers to entrega_2.o(.text._Z14SysTick_Wait1sj) for [Anonymous Symbol]
    entrega_2.o(.text._Z15SysTick_Wait1msj) refers to entrega_2.o(.text._Z12SysTick_Waitj) for SysTick_Wait(unsigned int)
    entrega_2.o(.ARM.exidx.text._Z15SysTick_Wait1msj) refers to entrega_2.o(.text._Z15SysTick_Wait1msj) for [Anonymous Symbol]
    entrega_2.o(.text._Z15SysTick_Wait1usj) refers to entrega_2.o(.text._Z12SysTick_Waitj) for SysTick_Wait(unsigned int)
    entrega_2.o(.ARM.exidx.text._Z15SysTick_Wait1usj) refers to entrega_2.o(.text._Z15SysTick_Wait1usj) for [Anonymous Symbol]
    entrega_2.o(.text._Z7LCD_COMc) refers to entrega_2.o(.text._Z12SysTick_Initv) for SysTick_Init()
    entrega_2.o(.text._Z7LCD_COMc) refers to entrega_2.o(.text._Z15SysTick_Wait1usj) for SysTick_Wait1us(unsigned int)
    entrega_2.o(.ARM.exidx.text._Z7LCD_COMc) refers to entrega_2.o(.text._Z7LCD_COMc) for [Anonymous Symbol]
    entrega_2.o(.text._Z5LCD_Wc) refers to entrega_2.o(.text._Z12SysTick_Initv) for SysTick_Init()
    entrega_2.o(.text._Z5LCD_Wc) refers to entrega_2.o(.text._Z15SysTick_Wait1usj) for SysTick_Wait1us(unsigned int)
    entrega_2.o(.ARM.exidx.text._Z5LCD_Wc) refers to entrega_2.o(.text._Z5LCD_Wc) for [Anonymous Symbol]
    entrega_2.o(.text.__cxx_global_var_init) refers to entrega_2.o(.bss.LCD_pos) for LCD_pos
    entrega_2.o(.text.__cxx_global_var_init) refers to entrega_2.o(.bss.LINE1) for LINE1
    entrega_2.o(.ARM.exidx.text.__cxx_global_var_init) refers to entrega_2.o(.text.__cxx_global_var_init) for [Anonymous Symbol]
    entrega_2.o(.text.__cxx_global_var_init.1) refers to entrega_2.o(.bss.LCD_pos) for LCD_pos
    entrega_2.o(.text.__cxx_global_var_init.1) refers to entrega_2.o(.bss.LINE2) for LINE2
    entrega_2.o(.ARM.exidx.text.__cxx_global_var_init.1) refers to entrega_2.o(.text.__cxx_global_var_init.1) for [Anonymous Symbol]
    entrega_2.o(.ARM.exidx.text._Z15Config_TimerPWMP11TIM_TypeDef) refers to entrega_2.o(.text._Z15Config_TimerPWMP11TIM_TypeDef) for [Anonymous Symbol]
    entrega_2.o(.ARM.exidx.text._Z14Servo_SetAngleP11TIM_TypeDefhh) refers to entrega_2.o(.text._Z14Servo_SetAngleP11TIM_TypeDefhh) for [Anonymous Symbol]
    entrega_2.o(.ARM.exidx.text._Z19Config_TimerEncoderP11TIM_TypeDef) refers to entrega_2.o(.text._Z19Config_TimerEncoderP11TIM_TypeDef) for [Anonymous Symbol]
    entrega_2.o(.ARM.exidx.text._Z15ADC_ReadChannelh) refers to entrega_2.o(.text._Z15ADC_ReadChannelh) for [Anonymous Symbol]
    entrega_2.o(.text._Z11USART3_Initj) refers to entrega_2.o(.bss.BAUDRATE) for BAUDRATE
    entrega_2.o(.text._Z11USART3_Initj) refers to entrega_2.o(.text._ZL18__NVIC_SetPriority9IRQn_Typej) for __NVIC_SetPriority(IRQn_Type, unsigned int)
    entrega_2.o(.text._Z11USART3_Initj) refers to entrega_2.o(.text._ZL16__NVIC_EnableIRQ9IRQn_Type) for __NVIC_EnableIRQ(IRQn_Type)
    entrega_2.o(.ARM.exidx.text._Z11USART3_Initj) refers to entrega_2.o(.text._Z11USART3_Initj) for [Anonymous Symbol]
    entrega_2.o(.ARM.exidx.text._ZL18__NVIC_SetPriority9IRQn_Typej) refers to entrega_2.o(.text._ZL18__NVIC_SetPriority9IRQn_Typej) for [Anonymous Symbol]
    entrega_2.o(.ARM.exidx.text._ZL16__NVIC_EnableIRQ9IRQn_Type) refers to entrega_2.o(.text._ZL16__NVIC_EnableIRQ9IRQn_Type) for [Anonymous Symbol]
    entrega_2.o(.ARM.exidx.text._Z15USART3_SendChari) refers to entrega_2.o(.text._Z15USART3_SendChari) for [Anonymous Symbol]
    entrega_2.o(.text._Z16USART3_SendChainPc) refers to entrega_2.o(.bss.tx) for tx
    entrega_2.o(.text._Z16USART3_SendChainPc) refers to strncpy.o(.text) for strncpy
    entrega_2.o(.text._Z16USART3_SendChainPc) refers to entrega_2.o(.bss.txi) for txi
    entrega_2.o(.text._Z16USART3_SendChainPc) refers to strlen.o(.text) for strlen
    entrega_2.o(.text._Z16USART3_SendChainPc) refers to entrega_2.o(.text._Z15USART3_SendChari) for USART3_SendChar(int)
    entrega_2.o(.ARM.exidx.text._Z16USART3_SendChainPc) refers to entrega_2.o(.text._Z16USART3_SendChainPc) for [Anonymous Symbol]
    entrega_2.o(.text._Z17USART3_SendStringPKc) refers to entrega_2.o(.text._Z15USART3_SendChari) for USART3_SendChar(int)
    entrega_2.o(.ARM.exidx.text._Z17USART3_SendStringPKc) refers to entrega_2.o(.text._Z17USART3_SendStringPKc) for [Anonymous Symbol]
    entrega_2.o(.text._Z16USART3_SendFloatf) refers to entrega_2.o(.rodata.str1.1) for .L.str
    entrega_2.o(.text._Z16USART3_SendFloatf) refers to sprintf.o(.text) for sprintf
[...]
    ../clib/printf.c                         0x00000000   Number         0  _printf_fp_hex.o ABSOLUTE
    ../clib/printf.c                         0x00000000   Number         0  __printf_nopercent.o ABSOLUTE
    ../clib/printf.c                         0x00000000   Number         0  _printf_char.o ABSOLUTE
    ../clib/printf.c                         0x00000000   Number         0  _printf_wchar.o ABSOLUTE
    ../clib/printf.c                         0x00000000   Number         0  _printf_fp_infnan.o ABSOLUTE
    ../clib/printf_percent.s                 0x00000000   Number         0  _printf_c.o ABSOLUTE
    ../clib/printf_percent.s                 0x00000000   Number         0  _printf_s.o ABSOLUTE
    ../clib/printf_percent.s                 0x00000000   Number         0  _printf_n.o ABSOLUTE
    ../clib/printf_percent.s                 0x00000000   Number         0  _printf_x.o ABSOLUTE
    ../clib/printf_percent.s                 0x00000000   Number         0  _printf_p.o ABSOLUTE
    ../clib/printf_percent.s                 0x00000000   Number         0  _printf_o.o ABSOLUTE
    ../clib/printf_percent.s                 0x00000000   Number         0  _printf_i.o ABSOLUTE
    ../clib/printf_percent.s                 0x00000000   Number         0  _printf_d.o ABSOLUTE
    ../clib/printf_percent.s                 0x00000000   Number         0  _printf_u.o ABSOLUTE
    ../clib/printf_percent.s                 0x00000000   Number         0  _printf_f.o ABSOLUTE
    ../clib/printf_percent.s                 0x00000000   Number         0  _printf_e.o ABSOLUTE
    ../clib/printf_percent.s                 0x00000000   Number         0  _printf_g.o ABSOLUTE
    ../clib/printf_percent.s                 0x00000000   Number         0  _printf_a.o ABSOLUTE
    ../clib/printf_percent.s                 0x00000000   Number         0  _printf_percent.o ABSOLUTE
    ../clib/printf_percent.s                 0x00000000   Number         0  _printf_lli.o ABSOLUTE
    ../clib/printf_percent.s                 0x00000000   Number         0  _printf_lld.o ABSOLUTE
    ../clib/printf_percent.s                 0x00000000   Number         0  _printf_llu.o ABSOLUTE
    ../clib/printf_percent.s                 0x00000000   Number         0  _printf_ll.o ABSOLUTE
    ../clib/printf_percent.s                 0x00000000   Number         0  _printf_l.o ABSOLUTE
    ../clib/printf_percent.s                 0x00000000   Number         0  _printf_lc.o ABSOLUTE
    ../clib/printf_percent.s                 0x00000000   Number         0  _printf_ls.o ABSOLUTE
    ../clib/printf_percent.s                 0x00000000   Number         0  _printf_llo.o ABSOLUTE
    ../clib/printf_percent.s                 0x00000000   Number         0  _printf_llx.o ABSOLUTE
    ../clib/printf_percent.s                 0x00000000   Number         0  _printf_percent_end.o ABSOLUTE
    ../clib/r_arm_target.c                   0x00000000   Number         0  __ARM_resolve_target1.o ABSOLUTE
    ../clib/r_arm_target.c                   0x00000000   Number         0  __ARM_resolve_target1_abs32.o ABSOLUTE
    ../clib/scanf.c                          0x00000000   Number         0  strtod.o ABSOLUTE
    ../clib/scanf.c                          0x00000000   Number         0  _sgetc.o ABSOLUTE
    ../clib/scanf.c                          0x00000000   Number         0  scanf_fp.o ABSOLUTE
    ../clib/scanf.c                          0x00000000   Number         0  scanf_fp_accurate.o ABSOLUTE
    ../clib/scanf.c                          0x00000000   Number         0  scanf_hexfp.o ABSOLUTE
    ../clib/scanf.c                          0x00000000   Number         0  scanf_infnan.o ABSOLUTE
    ../clib/scanf.c                          0x00000000   Number         0  _chval.o ABSOLUTE
    ../clib/signal.c                         0x00000000   Number         0  defsig_rtmem_outer.o ABSOLUTE
    ../clib/signal.c                         0x00000000   Number         0  defsig_rtmem_formal.o ABSOLUTE
    ../clib/signal.c                         0x00000000   Number         0  defsig_exit.o ABSOLUTE
    ../clib/signal.c                         0x00000000   Number         0  defsig_rtmem_inner.o ABSOLUTE
    ../clib/signal.c                         0x00000000   Number         0  __raise.o ABSOLUTE
    ../clib/signal.c                         0x00000000   Number         0  defsig_general.o ABSOLUTE
    ../clib/signal.c                         0x00000000   Number         0  defsig_abrt_inner.o ABSOLUTE
    ../clib/signal.c                         0x00000000   Number         0  defsig_fpe_inner.o ABSOLUTE
    ../clib/signal.c                         0x00000000   Number         0  defsig_rtred_inner.o ABSOLUTE
    ../clib/signal.c                         0x00000000   Number         0  defsig_stak_inner.o ABSOLUTE
    ../clib/signal.c                         0x00000000   Number         0  defsig_pvfn_inner.o ABSOLUTE
    ../clib/signal.c                         0x00000000   Number         0  defsig_cppl_inner.o ABSOLUTE
    ../clib/signal.c                         0x00000000   Number         0  defsig_segv_inner.o ABSOLUTE
    ../clib/signal.c                         0x00000000   Number         0  defsig_other.o ABSOLUTE
    ../clib/signal.s                         0x00000000   Number         0  defsig.o ABSOLUTE
    ../clib/stdlib.c                         0x00000000   Number         0  exit.o ABSOLUTE
    ../clib/string.c                         0x00000000   Number         0  strlen.o ABSOLUTE
    ../fplib/dcheck1.s                       0x00000000   Number         0  dcheck1.o ABSOLUTE
    ../fplib/fpconst.s                       0x00000000   Number         0  fpconst.o ABSOLUTE
    ../fplib/fpinit.s                        0x00000000   Number         0  fpinit.o ABSOLUTE
    ../fplib/istatus.s                       0x00000000   Number         0  istatus.o ABSOLUTE
    ../fplib/printf1.s                       0x00000000   Number         0  printf1.o ABSOLUTE
    ../fplib/printf2.s                       0x00000000   Number         0  printf2.o ABSOLUTE
    ../fplib/printf2a.s                      0x00000000   Number         0  printf2a.o ABSOLUTE
    ../fplib/printf2b.s                      0x00000000   Number         0  printf2b.o ABSOLUTE
    ../fplib/retnan.s                        0x00000000   Number         0  retnan.o ABSOLUTE
    ../fplib/scalbn.s                        0x00000000   Number         0  scalbn.o ABSOLUTE
    ../fplib/scanf1.s                        0x00000000   Number         0  scanf1.o ABSOLUTE
    ../fplib/scanf2.s                        0x00000000   Number         0  scanf2.o ABSOLUTE
    ../fplib/scanf2a.s                       0x00000000   Number         0  scanf2a.o ABSOLUTE
    ../fplib/scanf2b.s                       0x00000000   Number         0  scanf2b.o ABSOLUTE
    ../fplib/trapv.s                         0x00000000   Number         0  trapv.o ABSOLUTE
    ../fplib/usenofp.s                       0x00000000   Number         0  usenofp.o ABSOLUTE
    ../mathlib/atof.c                        0x00000000   Number         0  atof.o ABSOLUTE
    ../mathlib/dunder.c                      0x00000000   Number         0  dunder.o ABSOLUTE
    ../mathlib/fpclassify.c                  0x00000000   Number         0  fpclassify.o ABSOLUTE
    ../mathlib/frexp.c                       0x00000000   Number         0  frexp.o ABSOLUTE
    ../mathlib/ldexp.c                       0x00000000   Number         0  ldexp.o ABSOLUTE
    ../mathlib/narrow.c                      0x00000000   Number         0  narrow.o ABSOLUTE
    Entrega_2.cpp                            0x00000000   Number         0  entrega_2.o ABSOLUTE
    RTE/Device/STM32F767ZITx/startup_stm32f767xx.s 0x00000000   Number         0  startup_stm32f767xx.o ABSOLUTE
    dc.s                                     0x00000000   Number         0  dc.o ABSOLUTE
    system_stm32f7xx.c                       0x00000000   Number         0  system_stm32f7xx.o ABSOLUTE
    RESET                                    0x08000000   Section      504  startup_stm32f767xx.o(RESET)
    !!!main                                  0x080001f8   Section        8  __main.o(!!!main)
    !!!scatter                               0x08000200   Section       92  __scatter.o(!!!scatter)
    !!handler_copy                           0x0800025c   Section       26  __scatter_copy.o(!!handler_copy)
    !!handler_null                           0x08000278   Section        2  __scatter.o(!!handler_null)
    !!handler_zi                             0x0800027c   Section       28  __scatter_zi.o(!!handler_zi)
    .ARM.Collect$$libinit$$00000000          0x08000298   Section        2  libinit.o(.ARM.Collect$$libinit$$00000000)
    .ARM.Collect$$libinit$$00000001          0x0800029a   Section        4  libinit2.o(.ARM.Collect$$libinit$$00000001)
    .ARM.Collect$$libinit$$00000004          0x0800029e   Section        0  libinit2.o(.ARM.Collect$$libinit$$00000004)
    .ARM.Collect$$libinit$$00000006          0x0800029e   Section        0  libinit2.o(.ARM.Collect$$libinit$$00000006)
    .ARM.Collect$$libinit$$0000000C          0x0800029e   Section        0  libinit2.o(.ARM.Collect$$libinit$$0000000C)
    .ARM.Collect$$libinit$$0000000E          0x0800029e   Section        0  libinit2.o(.ARM.Collect$$libinit$$0000000E)
    .ARM.Collect$$libinit$$00000010          0x0800029e   Section        0  libinit2.o(.ARM.Collect$$libinit$$00000010)
    .ARM.Collect$$libinit$$00000011          0x0800029e   Section        6  libinit2.o(.ARM.Collect$$libinit$$00000011)
    .ARM.Collect$$libinit$$00000013          0x080002a4   Section        0  libinit2.o(.ARM.Collect$$libinit$$00000013)
    .ARM.Collect$$libinit$$00000014          0x080002a4   Section       12  libinit2.o(.ARM.Collect$$libinit$$00000014)
    .ARM.Collect$$libinit$$00000015          0x080002b0   Section        0  libinit2.o(.ARM.Collect$$libinit$$00000015)
    .ARM.Collect$$libinit$$00000017          0x080002b0   Section        0  libinit2.o(.ARM.Collect$$libinit$$00000017)
    .ARM.Collect$$libinit$$00000018          0x080002b0   Section       10  libinit2.o(.ARM.Collect$$libinit$$00000018)
    .ARM.Collect$$libinit$$00000019          0x080002ba   Section        0  libinit2.o(.ARM.Collect$$libinit$$00000019)
    .ARM.Collect$$libinit$$0000001B          0x080002ba   Section        0  libinit2.o(.ARM.Collect$$libinit$$0000001B)
    .ARM.Collect$$libinit$$0000001D          0x080002ba   Section        0  libinit2.o(.ARM.Collect$$libinit$$0000001D)
    .ARM.Collect$$libinit$$0000001F          0x080002ba   Section        0  libinit2.o(.ARM.Collect$$libinit$$0000001F)
    .ARM.Collect$$libinit$$00000021          0x080002ba   Section        0  libinit2.o(.ARM.Collect$$libinit$$00000021)
    .ARM.Collect$$libinit$$00000023          0x080002ba   Section        0  libinit2.o(.ARM.Collect$$libinit$$00000023)
    .ARM.Collect$$libinit$$00000025          0x080002ba   Section        0  libinit2.o(.ARM.Collect$$libinit$$00000025)
    .ARM.Collect$$libinit$$00000027          0x080002ba   Section        0  libinit2.o(.ARM.Collect$$libinit$$00000027)
    .ARM.Collect$$libinit$$0000002E          0x080002ba   Section        0  libinit2.o(.ARM.Collect$$libinit$$0000002E)
    .ARM.Collect$$libinit$$00000030          0x080002ba   Section        0  libinit2.o(.ARM.Collect$$libinit$$00000030)
    .ARM.Collect$$libinit$$00000032          0x080002ba   Section        0  libinit2.o(.ARM.Collect$$libinit$$00000032)
    .ARM.Collect$$libinit$$00000033          0x080002ba   Section        4  libinit2.o(.ARM.Collect$$libinit$$00000033)
    .ARM.Collect$$libinit$$00000034          0x080002be   Section        0  libinit2.o(.ARM.Collect$$libinit$$00000034)
    .ARM.Collect$$libinit$$00000035          0x080002be   Section        2  libinit2.o(.ARM.Collect$$libinit$$00000035)
    .ARM.Collect$$libshutdown$$00000000      0x080002c0   Section        2  libshutdown.o(.ARM.Collect$$libshutdown$$00000000)
    .ARM.Collect$$libshutdown$$00000002      0x080002c2   Section        0  libshutdown2.o(.ARM.Collect$$libshutdown$$00000002)
    .ARM.Collect$$libshutdown$$00000004      0x080002c2   Section        0  libshutdown2.o(.ARM.Collect$$libshutdown$$00000004)
    .ARM.Collect$$libshutdown$$00000007      0x080002c2   Section        0  libshutdown2.o(.ARM.Collect$$libshutdown$$00000007)
    .ARM.Collect$$libshutdown$$0000000A      0x080002c2   Section        0  libshutdown2.o(.ARM.Collect$$libshutdown$$0000000A)
    .ARM.Collect$$libshutdown$$0000000C      0x080002c2   Section        0  libshutdown2.o(.ARM.Collect$$libshutdown$$0000000C)
    .ARM.Collect$$libshutdown$$0000000F      0x080002c2   Section        0  libshutdown2.o(.ARM.Collect$$libshutdown$$0000000F)
    .ARM.Collect$$libshutdown$$00000010      0x080002c2   Section        2  libshutdown2.o(.ARM.Collect$$libshutdown$$00000010)
    .ARM.Collect$$rtentry$$00000000          0x080002c4   Section        0  __rtentry.o(.ARM.Collect$$rtentry$$00000000)
    .ARM.Collect$$rtentry$$00000002          0x080002c4   Section        0  __rtentry2.o(.ARM.Collect$$rtentry$$00000002)
    .ARM.Collect$$rtentry$$00000004          0x080002c4   Section        6  __rtentry4.o(.ARM.Collect$$rtentry$$00000004)
    .ARM.Collect$$rtentry$$00000009          0x080002ca   Section        0  __rtentry2.o(.ARM.Collect$$rtentry$$00000009)
    .ARM.Collect$$rtentry$$0000000A          0x080002ca   Section        4  __rtentry2.o(.ARM.Collect$$rtentry$$0000000A)
    .ARM.Collect$$rtentry$$0000000C          0x080002ce   Section        0  __rtentry2.o(.ARM.Collect$$rtentry$$0000000C)
    .ARM.Collect$$rtentry$$0000000D          0x080002ce   Section        8  __rtentry2.o(.ARM.Collect$$rtentry$$0000000D)
    .ARM.Collect$$rtexit$$00000000           0x080002d6   Section        2  rtexit.o(.ARM.Collect$$rtexit$$00000000)
    .ARM.Collect$$rtexit$$00000002           0x080002d8   Section        0  rtexit2.o(.ARM.Collect$$rtexit$$00000002)
    .ARM.Collect$$rtexit$$00000003           0x080002d8   Section        4  rtexit2.o(.ARM.Collect$$rtexit$$00000003)
    .ARM.Collect$$rtexit$$00000004           0x080002dc   Section        6  rtexit2.o(.ARM.Collect$$rtexit$$00000004)
    $v0                                      0x080002e4   Number         0  startup_stm32f767xx.o(.text)
    .text                                    0x080002e4   Section       64  startup_stm32f767xx.o(.text)
    .text                                    0x08000324   Section      138  rt_memcpy_v6.o(.text)
    .text                                    0x080003ae   Section        0  heapauxi.o(.text)
    .text                                    0x080003b4   Section        0  init_aeabi.o(.text)
    .text                                    0x080003e0   Section        0  _rserrno.o(.text)
    _local_sscanf                            0x080003f9   Thumb Code    68  strtod.o(.text)
    .text                                    0x080003f8   Section        0  strtod.o(.text)
    .text                                    0x080004a8   Section      100  rt_memcpy_w.o(.text)
    .text                                    0x0800050c   Section        8  rt_errno_addr_intlibspace.o(.text)
    .text                                    0x08000514   Section        0  isspace.o(.text)
    .text                                    0x08000526   Section        0  _sgetc.o(.text)
    .text                                    0x08000568   Section        8  libspace.o(.text)
    .text                                    0x08000570   Section       74  sys_stackheap_outer.o(.text)
    .text                                    0x080005bc   Section       16  rt_ctype_table.o(.text)
    .text                                    0x080005cc   Section        8  rt_locale_intlibspace.o(.text)
    _fp_value                                0x080005d5   Thumb Code   588  scanf_fp.o(.text)
    .text                                    0x080005d4   Section        0  scanf_fp.o(.text)
    .text                                    0x08000acc   Section        0  bigflt0.o(.text)
    .text                                    0x08000bb0   Section        0  exit.o(.text)
    .text                                    0x08000bc8   Section      124  strcmpv7m_pel.o(.text)
    .text                                    0x08000c44   Section       38  llshl.o(.text)
    .text                                    0x08000c6a   Section        2  use_no_semi.o(.text)
    .text                                    0x08000c6c   Section        0  indicate_semi.o(.text)
    .text                                    0x08000c6c   Section        0  scanf_hexfp.o(.text)
    .text                                    0x08000f8c   Section        0  scanf_infnan.o(.text)
    .text                                    0x080010c0   Section        0  sys_exit.o(.text)
    .text                                    0x080010cc   Section        0  _chval.o(.text)
    [Anonymous Symbol]                       0x080010e8   Section        0  system_stm32f7xx.o(.text.SystemInit)
    [Anonymous Symbol]                       0x08001100   Section        0  entrega_2.o(.text.USART3_IRQHandler)
    _GLOBAL__sub_I_Entrega_2.cpp             0x08001391   Thumb Code    12  entrega_2.o(.text._GLOBAL__sub_I_Entrega_2.cpp)
    [Anonymous Symbol]                       0x08001390   Section        0  entrega_2.o(.text._GLOBAL__sub_I_Entrega_2.cpp)
    [Anonymous Symbol]                       0x080013a0   Section        0  entrega_2.o(.text._Z11USART3_Initj)
    [Anonymous Symbol]                       0x08001408   Section        0  entrega_2.o(.text._Z12SysTick_Initv)
    [Anonymous Symbol]                       0x08001428   Section        0  entrega_2.o(.text._Z12SysTick_Waitj)
    [Anonymous Symbol]                       0x08001460   Section        0  entrega_2.o(.text._Z14Servo_SetAngleP11TIM_TypeDefhh)
    [Anonymous Symbol]                       0x080014e0   Section        0  entrega_2.o(.text._Z15ADC_ReadChannelh)
    [Anonymous Symbol]                       0x08001538   Section        0  entrega_2.o(.text._Z15Config_TimerPWMP11TIM_TypeDef)
    [Anonymous Symbol]                       0x08001570   Section        0  entrega_2.o(.text._Z15SysTick_Wait1msj)
    [Anonymous Symbol]                       0x080015a0   Section        0  entrega_2.o(.text._Z15SysTick_Wait1usj)
    [Anonymous Symbol]                       0x080015d0   Section        0  entrega_2.o(.text._Z5LCD_Wc)
    [Anonymous Symbol]                       0x08001610   Section        0  entrega_2.o(.text._Z6SetTxtv)
    __arm_cp.20_3                            0x08001648   Number         4  entrega_2.o(.text._Z6SetTxtv)
    [Anonymous Symbol]                       0x08001de8   Section        0  entrega_2.o(.text._Z7LCD_COMc)
    [Anonymous Symbol]                       0x08001e30   Section        0  entrega_2.o(.text._Z7vector1v)
    [Anonymous Symbol]                       0x08001f28   Section        0  entrega_2.o(.text._Z7vector2v)
    [Anonymous Symbol]                       0x08002020   Section        0  entrega_2.o(.text._Z7vector3v)
    [Anonymous Symbol]                       0x08002118   Section        0  entrega_2.o(.text._Z7vector4v)
    [Anonymous Symbol]                       0x08002210   Section        0  entrega_2.o(.text._Z7vector5v)
    Config_GPIO()                            0x08002309   Thumb Code   464  entrega_2.o(.text._ZL11Config_GPIOv)
    [Anonymous Symbol]                       0x08002308   Section        0  entrega_2.o(.text._ZL11Config_GPIOv)
    __NVIC_EnableIRQ(IRQn_Type)              0x080024d9   Thumb Code    48  entrega_2.o(.text._ZL16__NVIC_EnableIRQ9IRQn_Type)
    [Anonymous Symbol]                       0x080024d8   Section        0  entrega_2.o(.text._ZL16__NVIC_EnableIRQ9IRQn_Type)
    __NVIC_SetPriority(IRQn_Type, unsigned int) 0x08002509   Thumb Code    66  entrega_2.o(.text._ZL18__NVIC_SetPriority9IRQn_Typej)
    [Anonymous Symbol]                       0x08002508   Section        0  entrega_2.o(.text._ZL18__NVIC_SetPriority9IRQn_Typej)
    __cxx_global_var_init                    0x08002551   Thumb Code    24  entrega_2.o(.text.__cxx_global_var_init)
    [Anonymous Symbol]                       0x08002550   Section        0  entrega_2.o(.text.__cxx_global_var_init)
    __cxx_global_var_init.1                  0x08002569   Thumb Code    24  entrega_2.o(.text.__cxx_global_var_init.1)
    [Anonymous Symbol]                       0x08002568   Section        0  entrega_2.o(.text.__cxx_global_var_init.1)
    [Anonymous Symbol]                       0x08002580   Section        0  entrega_2.o(.text.main)
    CL$$btod_div_common                      0x08002a90   Section      824  btod.o(CL$$btod_div_common)
    CL$$btod_e2d                             0x08002dc8   Section      132  btod.o(CL$$btod_e2d)
    CL$$btod_e2e                             0x08002e4c   Section      220  btod.o(CL$$btod_e2e)
    CL$$btod_ediv                            0x08002f28   Section       42  btod.o(CL$$btod_ediv)
    CL$$btod_edivd                           0x08002f52   Section       42  btod.o(CL$$btod_edivd)
    CL$$btod_emul                            0x08002f7c   Section       42  btod.o(CL$$btod_emul)
    CL$$btod_emuld                           0x08002fa6   Section       42  btod.o(CL$$btod_emuld)
    CL$$btod_mult_common                     0x08002fd0   Section      580  btod.o(CL$$btod_mult_common)
    i.__hardfp___mathlib_tofloat             0x08003214   Section        0  narrow.o(i.__hardfp___mathlib_tofloat)
    i.__hardfp_atof                          0x080032d8   Section        0  atof.o(i.__hardfp_atof)
    i.__mathlib_dbl_overflow                 0x08003310   Section        0  dunder.o(i.__mathlib_dbl_overflow)
    i.__mathlib_dbl_underflow                0x08003328   Section        0  dunder.o(i.__mathlib_dbl_underflow)
    i.__mathlib_narrow                       0x08003340   Section        0  narrow.o(i.__mathlib_narrow)
    i.__support_ldexp                        0x08003352   Section        0  ldexp.o(i.__support_ldexp)
    i._is_digit                              0x080033f8   Section        0  __printf_wp.o(i._is_digit)
    i.frexp                                  0x08003408   Section        0  frexp.o(i.frexp)
    locale$$code                             0x08003494   Section       44  lc_numeric_c.o(locale$$code)
    locale$$code                             0x080034c0   Section       44  lc_ctype_c.o(locale$$code)
    $v0                                      0x080034ec   Number         0  dcheck1.o(x$fpl$dcheck1)
    x$fpl$dcheck1                            0x080034ec   Section       16  dcheck1.o(x$fpl$dcheck1)
    $v0                                      0x080034fc   Number         0  fpinit.o(x$fpl$fpinit)
    x$fpl$fpinit                             0x080034fc   Section       26  fpinit.o(x$fpl$fpinit)
    $v0                                      0x08003516   Number         0  istatus.o(x$fpl$ieeestatus)
    x$fpl$ieeestatus                         0x08003516   Section        6  istatus.o(x$fpl$ieeestatus)
    $v0                                      0x0800351c   Number         0  retnan.o(x$fpl$retnan)
    x$fpl$retnan                             0x0800351c   Section      100  retnan.o(x$fpl$retnan)
    $v0                                      0x08003580   Number         0  scalbn.o(x$fpl$scalbn)
    x$fpl$scalbn                             0x08003580   Section       92  scalbn.o(x$fpl$scalbn)
    $v0                                      0x080035dc   Number         0  scanf1.o(x$fpl$scanf1)
    x$fpl$scanf1                             0x080035dc   Section        4  scanf1.o(x$fpl$scanf1)
    $v0                                      0x080035e0   Number         0  scanf2.o(x$fpl$scanf2)
    x$fpl$scanf2                             0x080035e0   Section        8  scanf2.o(x$fpl$scanf2)
    $v0                                      0x080035e8   Number         0  trapv.o(x$fpl$trapveneer)
    x$fpl$trapveneer                         0x080035e8   Section       48  trapv.o(x$fpl$trapveneer)
    tenpwrs_x                                0x08003618   Data          60  bigflt0.o(.constdata)
    .constdata                               0x08003618   Section      148  bigflt0.o(.constdata)
    x$fpl$usenofp                            0x08003618   Section        0  usenofp.o(x$fpl$usenofp)
    tenpwrs_i                                0x08003654   Data          64  bigflt0.o(.constdata)
    .L__const.main.txt                       0x080036ac   Data          50  entrega_2.o(.rodata..L__const.main.txt)
    c$$dinf                                  0x08003700   Section        8  fpconst.o(c$$dinf)
    c$$dmax                                  0x08003708   Section        8  fpconst.o(c$$dmax)
    locale$$data                             0x08003710   Section       28  lc_numeric_c.o(locale$$data)
    __lcnum_c_name                           0x08003714   Data           2  lc_numeric_c.o(locale$$data)
    __lcnum_c_start                          0x0800371c   Data           0  lc_numeric_c.o(locale$$data)
    __lcnum_c_point                          0x08003728   Data           0  lc_numeric_c.o(locale$$data)
    __lcnum_c_thousands                      0x0800372a   Data           0  lc_numeric_c.o(locale$$data)
    __lcnum_c_grouping                       0x0800372b   Data           0  lc_numeric_c.o(locale$$data)
    __lcnum_c_end                            0x0800372c   Data           0  lc_numeric_c.o(locale$$data)
    locale$$data                             0x0800372c   Section      272  lc_ctype_c.o(locale$$data)
    __lcctype_c_name                         0x08003730   Data           2  lc_ctype_c.o(locale$$data)
    __lcctype_c_start                        0x08003738   Data           0  lc_ctype_c.o(locale$$data)
    __lcctype_c_end                          0x0800383c   Data           0  lc_ctype_c.o(locale$$data)
    .init_array                              0x08003840   Section        0  init_aeabi.o(.init_array)
    .bss                                     0x20020010   Section       96  libspace.o(.bss)
    USART3_IRQHandler::temp_values           0x20020078   Data          20  entrega_2.o(.bss._ZZ17USART3_IRQHandlerE11temp_values)
    [Anonymous Symbol]                       0x20020078   Section        0  entrega_2.o(.bss._ZZ17USART3_IRQHandlerE11temp_values)
    USART3_IRQHandler::current_value         0x2002008c   Data           1  entrega_2.o(.bss._ZZ17USART3_IRQHandlerE13current_value)
    [Anonymous Symbol]                       0x2002008c   Section        0  entrega_2.o(.bss._ZZ17USART3_IRQHandlerE13current_value)
    USART3_IRQHandler::frame_started         0x2002008d   Data           1  entrega_2.o(.bss._ZZ17USART3_IRQHandlerE13frame_started)
    [Anonymous Symbol]                       0x2002008d   Section        0  entrega_2.o(.bss._ZZ17USART3_IRQHandlerE13frame_started)
    USART3_IRQHandler::num_buf               0x2002008e   Data          15  entrega_2.o(.bss._ZZ17USART3_IRQHandlerE7num_buf)
    [Anonymous Symbol]                       0x2002008e   Section        0  entrega_2.o(.bss._ZZ17USART3_IRQHandlerE7num_buf)
    USART3_IRQHandler::num_index             0x2002009d   Data           1  entrega_2.o(.bss._ZZ17USART3_IRQHandlerE9num_index)
    [Anonymous Symbol]                       0x2002009d   Section        0  entrega_2.o(.bss._ZZ17USART3_IRQHandlerE9num_index)
    Heap_Mem                                 0x20020258   Data         512  startup_stm32f767xx.o(HEAP)
    HEAP                                     0x20020258   Section      512  startup_stm32f767xx.o(HEAP)
    Stack_Mem                                0x20020458   Data        1024  startup_stm32f767xx.o(STACK)
    STACK                                    0x20020458   Section     1024  startup_stm32f767xx.o(STACK)
    __initial_sp                             0x20020858   Data           0  startup_stm32f767xx.o(STACK)

    Global Symbols

    Symbol Name                              Value     Ov Type        Size  Object(Section)

    BuildAttributes$$THM_ISAv4$E$P$D$K$B$S$7EM$VFPv5_D16$PE$PLD8$A:L22UL41UL21$X:L11$S22US41US21$IEEE1$IW$~IW$USESV6$~STKCKD$USESV7$~SHL$OTIME$ROPI$IEEEX$EBA8$UX$STANDARDLIB$REQ8$PRES8$EABIv2 0x00000000   Number         0  anon$$obj.o ABSOLUTE
    _printf_flags                            0x00000000   Number         0  printf_stubs.o ABSOLUTE
    _printf_return_value                     0x00000000   Number         0  printf_stubs.o ABSOLUTE
    _printf_sizespec                         0x00000000   Number         0  printf_stubs.o ABSOLUTE
    _printf_widthprec                        0x00000000   Number         0  printf_stubs.o ABSOLUTE
    __ARM_exceptions_init                     - Undefined Weak Reference
    __alloca_initialize                       - Undefined Weak Reference
    __arm_preinit_                            - Undefined Weak Reference
    __arm_relocate_pie_                       - Undefined Weak Reference
    __cxa_finalize                            - Undefined Weak Reference
    __sigvec_lookup                           - Undefined Weak Reference
    _atexit_init                              - Undefined Weak Reference
    _call_atexit_fns                          - Undefined Weak Reference
    _clock_init                               - Undefined Weak Reference
    _fp_trap_init                             - Undefined Weak Reference
    _fp_trap_shutdown                         - Undefined Weak Reference
    _get_lc_collate                           - Undefined Weak Reference
    _get_lc_monetary                          - Undefined Weak Reference
    _get_lc_time                              - Undefined Weak Reference
    _getenv_init                              - Undefined Weak Reference
    _handle_redirection                       - Undefined Weak Reference
    _init_alloc                               - Undefined Weak Reference
    _init_user_alloc                          - Undefined Weak Reference
    _initio                                   - Undefined Weak Reference
    _printf_mbtowc                            - Undefined Weak Reference
    _printf_wc                                - Undefined Weak Reference
    _rand_init                                - Undefined Weak Reference
    _signal_finish                            - Undefined Weak Reference
    _signal_init                              - Undefined Weak Reference
    _terminate_alloc                          - Undefined Weak Reference
    _terminate_user_alloc                     - Undefined Weak Reference
    _terminateio                              - Undefined Weak Reference
    __Vectors_Size                           0x000001f8   Number         0  startup_stm32f767xx.o ABSOLUTE
    __Vectors                                0x08000000   Data           4  startup_stm32f767xx.o(RESET)
    __Vectors_End                            0x080001f8   Data           0  startup_stm32f767xx.o(RESET)
    __main                                   0x080001f9   Thumb Code     8  __main.o(!!!main)
    __scatterload                            0x08000201   Thumb Code     0  __scatter.o(!!!scatter)
    __scatterload_rt2                        0x08000201   Thumb Code    84  __scatter.o(!!!scatter)
    __scatterload_rt2_thumb_only             0x08000201   Thumb Code     0  __scatter.o(!!!scatter)
    __scatterload_loop                       0x0800020b   Thumb Code     0  __scatter.o(!!!scatter)
    __scatterload_copy                       0x0800025d   Thumb Code    26  __scatter_copy.o(!!handler_copy)
    __scatterload_null                       0x08000279   Thumb Code     2  __scatter.o(!!handler_null)
    __scatterload_zeroinit                   0x0800027d   Thumb Code    28  __scatter_zi.o(!!handler_zi)
    __rt_lib_init                            0x08000299   Thumb Code     0  libinit.o(.ARM.Collect$$libinit$$00000000)
    __rt_lib_init_fp_1                       0x0800029b   Thumb Code     0  libinit2.o(.ARM.Collect$$libinit$$00000001)
    __rt_lib_init_heap_1                     0x0800029f   Thumb Code     0  libinit2.o(.ARM.Collect$$libinit$$0000000C)
    __rt_lib_init_lc_common                  0x0800029f   Thumb Code     0  libinit2.o(.ARM.Collect$$libinit$$00000011)
    __rt_lib_init_preinit_1                  0x0800029f   Thumb Code     0  libinit2.o(.ARM.Collect$$libinit$$00000006)
    __rt_lib_init_rand_1                     0x0800029f   Thumb Code     0  libinit2.o(.ARM.Collect$$libinit$$00000010)
    __rt_lib_init_relocate_pie_1             0x0800029f   Thumb Code     0  libinit2.o(.ARM.Collect$$libinit$$00000004)
    __rt_lib_init_user_alloc_1               0x0800029f   Thumb Code     0  libinit2.o(.ARM.Collect$$libinit$$0000000E)
    __rt_lib_init_lc_collate_1               0x080002a5   Thumb Code     0  libinit2.o(.ARM.Collect$$libinit$$00000013)
    __rt_lib_init_lc_ctype_2                 0x080002a5   Thumb Code     0  libinit2.o(.ARM.Collect$$libinit$$00000014)
    __rt_lib_init_lc_ctype_1                 0x080002b1   Thumb Code     0  libinit2.o(.ARM.Collect$$libinit$$00000015)
    __rt_lib_init_lc_monetary_1              0x080002b1   Thumb Code     0  libinit2.o(.ARM.Collect$$libinit$$00000017)
    __rt_lib_init_lc_numeric_2               0x080002b1   Thumb Code     0  libinit2.o(.ARM.Collect$$libinit$$00000018)
    __rt_lib_init_alloca_1                   0x080002bb   Thumb Code     0  libinit2.o(.ARM.Collect$$libinit$$00000030)
    __rt_lib_init_argv_1                     0x080002bb   Thumb Code     0  libinit2.o(.ARM.Collect$$libinit$$0000002E)
    __rt_lib_init_atexit_1                   0x080002bb   Thumb Code     0  libinit2.o(.ARM.Collect$$libinit$$0000001D)
    __rt_lib_init_clock_1                    0x080002bb   Thumb Code     0  libinit2.o(.ARM.Collect$$libinit$$00000023)
    __rt_lib_init_cpp_2                      0x080002bb   Thumb Code     0  libinit2.o(.ARM.Collect$$libinit$$00000033)
    __rt_lib_init_exceptions_1               0x080002bb   Thumb Code     0  libinit2.o(.ARM.Collect$$libinit$$00000032)
    __rt_lib_init_fp_trap_1                  0x080002bb   Thumb Code     0  libinit2.o(.ARM.Collect$$libinit$$00000021)
    __rt_lib_init_getenv_1                   0x080002bb   Thumb Code     0  libinit2.o(.ARM.Collect$$libinit$$00000025)
    __rt_lib_init_lc_numeric_1               0x080002bb   Thumb Code     0  libinit2.o(.ARM.Collect$$libinit$$00000019)
    __rt_lib_init_lc_time_1                  0x080002bb   Thumb Code     0  libinit2.o(.ARM.Collect$$libinit$$0000001B)
    __rt_lib_init_signal_1                   0x080002bb   Thumb Code     0  libinit2.o(.ARM.Collect$$libinit$$0000001F)
    __rt_lib_init_stdio_1                    0x080002bb   Thumb Code     0  libinit2.o(.ARM.Collect$$libinit$$00000027)
    __rt_lib_init_cpp_1                      0x080002bf   Thumb Code     0  libinit2.o(.ARM.Collect$$libinit$$00000034)
    __rt_lib_init_return                     0x080002bf   Thumb Code     0  libinit2.o(.ARM.Collect$$libinit$$00000035)
    __rt_lib_shutdown                        0x080002c1   Thumb Code     0  libshutdown.o(.ARM.Collect$$libshutdown$$00000000)
    __rt_lib_shutdown_cpp_1                  0x080002c3   Thumb Code     0  libshutdown2.o(.ARM.Collect$$libshutdown$$00000002)
    __rt_lib_shutdown_fp_trap_1              0x080002c3   Thumb Code     0  libshutdown2.o(.ARM.Collect$$libshutdown$$00000007)
    __rt_lib_shutdown_heap_1                 0x080002c3   Thumb Code     0  libshutdown2.o(.ARM.Collect$$libshutdown$$0000000F)
    __rt_lib_shutdown_return                 0x080002c3   Thumb Code     0  libshutdown2.o(.ARM.Collect$$libshutdown$$00000010)
    __rt_lib_shutdown_signal_1               0x080002c3   Thumb Code     0  libshutdown2.o(.ARM.Collect$$libshutdown$$0000000A)
    __rt_lib_shutdown_stdio_1                0x080002c3   Thumb Code     0  libshutdown2.o(.ARM.Collect$$libshutdown$$00000004)
    __rt_lib_shutdown_user_alloc_1           0x080002c3   Thumb Code     0  libshutdown2.o(.ARM.Collect$$libshutdown$$0000000C)
    __rt_entry                               0x080002c5   Thumb Code     0  __rtentry.o(.ARM.Collect$$rtentry$$00000000)
    __rt_entry_presh_1                       0x080002c5   Thumb Code     0  __rtentry2.o(.ARM.Collect$$rtentry$$00000002)
    __rt_entry_sh                            0x080002c5   Thumb Code     0  __rtentry4.o(.ARM.Collect$$rtentry$$00000004)
    __rt_entry_li                            0x080002cb   Thumb Code     0  __rtentry2.o(.ARM.Collect$$rtentry$$0000000A)
    __rt_entry_postsh_1                      0x080002cb   Thumb Code     0  __rtentry2.o(.ARM.Collect$$rtentry$$00000009)
    __rt_entry_main                          0x080002cf   Thumb Code     0  __rtentry2.o(.ARM.Collect$$rtentry$$0000000D)
    __rt_entry_postli_1                      0x080002cf   Thumb Code     0  __rtentry2.o(.ARM.Collect$$rtentry$$0000000C)
    __rt_exit                                0x080002d7   Thumb Code     0  rtexit.o(.ARM.Collect$$rtexit$$00000000)
    __rt_exit_ls                             0x080002d9   Thumb Code     0  rtexit2.o(.ARM.Collect$$rtexit$$00000003)
    __rt_exit_prels_1                        0x080002d9   Thumb Code     0  rtexit2.o(.ARM.Collect$$rtexit$$00000002)
    __rt_exit_exit                           0x080002dd   Thumb Code     0  rtexit2.o(.ARM.Collect$$rtexit$$00000004)
    Reset_Handler                            0x080002e5   Thumb Code     8  startup_stm32f767xx.o(.text)
    NMI_Handler                              0x080002ed   Thumb Code     2  startup_stm32f767xx.o(.text)
    HardFault_Handler                        0x080002ef   Thumb Code     2  startup_stm32f767xx.o(.text)
    MemManage_Handler                        0x080002f1   Thumb Code     2  startup_stm32f767xx.o(.text)
    BusFault_Handler                         0x080002f3   Thumb Code     2  startup_stm32f767xx.o(.text)
    UsageFault_Handler                       0x080002f5   Thumb Code     2  startup_stm32f767xx.o(.text)
    SVC_Handler                              0x080002f7   Thumb Code     2  startup_stm32f767xx.o(.text)
    DebugMon_Handler                         0x080002f9   Thumb Code     2  startup_stm32f767xx.o(.text)
    PendSV_Handler                           0x080002fb   Thumb Code     2  startup_stm32f767xx.o(.text)
    SysTick_Handler                          0x080002fd   Thumb Code     2  startup_stm32f767xx.o(.text)
    ADC_IRQHandler                           0x080002ff   Thumb Code     0  startup_stm32f767xx.o(.text)
    CAN1_RX0_IRQHandler                      0x080002ff   Thumb Code     0  startup_stm32f767xx.o(.text)
    CAN1_RX1_IRQHandler                      0x080002ff   Thumb Code     0  startup_stm32f767xx.o(.text)
    CAN1_SCE_IRQHandler                      0x080002ff   Thumb Code     0  startup_stm32f767xx.o(.text)
    CAN1_TX_IRQHandler                       0x080002ff   Thumb Code     0  startup_stm32f767xx.o(.text)
    CAN2_RX0_IRQHandler                      0x080002ff   Thumb Code     0  startup_stm32f767xx.o(.text)
    CAN2_RX1_IRQHandler                      0x080002ff   Thumb Code     0  startup_stm32f767xx.o(.text)
    CAN2_SCE_IRQHandler                      0x080002ff   Thumb Code     0  startup_stm32f767xx.o(.text)
    CAN2_TX_IRQHandler                       0x080002ff   Thumb Code     0  startup_stm32f767xx.o(.text)
    CAN3_RX0_IRQHandler                      0x080002ff   Thumb Code     0  startup_stm32f767xx.o(.text)
    CAN3_RX1_IRQHandler                      0x080002ff   Thumb Code     0  startup_stm32f767xx.o(.text)
    CAN3_SCE_IRQHandler                      0x080002ff   Thumb Code     0  startup_stm32f767xx.o(.text)
    CAN3_TX_IRQHandler                       0x080002ff   Thumb Code     0  startup_stm32f767xx.o(.text)
    CEC_IRQHandler                           0x080002ff   Thumb Code     0  startup_stm32f767xx.o(.text)
    DCMI_IRQHandler                          0x080002ff   Thumb Code     0  startup_stm32f767xx.o(.text)
    DFSDM1_FLT0_IRQHandler                   0x080002ff   Thumb Code     0  startup_stm32f767xx.o(.text)
    DFSDM1_FLT1_IRQHandler                   0x080002ff   Thumb Code     0  startup_stm32f767xx.o(.text)
    DFSDM1_FLT2_IRQHandler                   0x080002ff   Thumb Code     0  startup_stm32f767xx.o(.text)
    DFSDM1_FLT3_IRQHandler                   0x080002ff   Thumb Code     0  startup_stm32f767xx.o(.text)
    DMA1_Stream0_IRQHandler                  0x080002ff   Thumb Code     0  startup_stm32f767xx.o(.text)
    DMA1_Stream1_IRQHandler                  0x080002ff   Thumb Code     0  startup_stm32f767xx.o(.text)
    DMA1_Stream2_IRQHandler                  0x080002ff   Thumb Code     0  startup_stm32f767xx.o(.text)
    DMA1_Stream3_IRQHandler                  0x080002ff   Thumb Code     0  startup_stm32f767xx.o(.text)
    DMA1_Stream4_IRQHandler                  0x080002ff   Thumb Code     0  startup_stm32f767xx.o(.text)
    DMA1_Stream5_IRQHandler                  0x080002ff   Thumb Code     0  startup_stm32f767xx.o(.text)
    DMA1_Stream6_IRQHandler                  0x080002ff   Thumb Code     0  startup_stm32f767xx.o(.text)
    DMA1_Stream7_IRQHandler                  0x080002ff   Thumb Code     0  startup_stm32f767xx.o(.text)
    DMA2D_IRQHandler                         0x080002ff   Thumb Code     0  startup_stm32f767xx.o(.text)
    DMA2_Stream0_IRQHandler                  0x080002ff   Thumb Code     0  startup_stm32f767xx.o(.text)
    DMA2_Stream1_IRQHandler                  0x080002ff   Thumb Code     0  startup_stm32f767xx.o(.text)
    DMA2_Stream2_IRQHandler                  0x080002ff   Thumb Code     0  startup_stm32f767xx.o(.text)
    DMA2_Stream3_IRQHandler                  0x080002ff   Thumb Code     0  startup_stm32f767xx.o(.text)
    DMA2_Stream4_IRQHandler                  0x080002ff   Thumb Code     0  startup_stm32f767xx.o(.text)
    DMA2_Stream5_IRQHandler                  0x080002ff   Thumb Code     0  startup_stm32f767xx.o(.text)
    DMA2_Stream6_IRQHandler                  0x080002ff   Thumb Code     0  startup_stm32f767xx.o(.text)
    DMA2_Stream7_IRQHandler                  0x080002ff   Thumb Code     0  startup_stm32f767xx.o(.text)
    ETH_IRQHandler                           0x080002ff   Thumb Code     0  startup_stm32f767xx.o(.text)
    ETH_WKUP_IRQHandler                      0x080002ff   Thumb Code     0  startup_stm32f767xx.o(.text)
    EXTI0_IRQHandler                         0x080002ff   Thumb Code     0  startup_stm32f767xx.o(.text)
    EXTI15_10_IRQHandler                     0x080002ff   Thumb Code     0  startup_stm32f767xx.o(.text)
    EXTI1_IRQHandler                         0x080002ff   Thumb Code     0  startup_stm32f767xx.o(.text)
    EXTI2_IRQHandler                         0x080002ff   Thumb Code     0  startup_stm32f767xx.o(.text)
    EXTI3_IRQHandler                         0x080002ff   Thumb Code     0  startup_stm32f767xx.o(.text)
    EXTI4_IRQHandler                         0x080002ff   Thumb Code     0  startup_stm32f767xx.o(.text)
    EXTI9_5_IRQHandler                       0x080002ff   Thumb Code     0  startup_stm32f767xx.o(.text)
    FLASH_IRQHandler                         0x080002ff   Thumb Code     0  startup_stm32f767xx.o(.text)
    FMC_IRQHandler                           0x080002ff   Thumb Code     0  startup_stm32f767xx.o(.text)
    FPU_IRQHandler                           0x080002ff   Thumb Code     0  startup_stm32f767xx.o(.text)
    I2C1_ER_IRQHandler                       0x080002ff   Thumb Code     0  startup_stm32f767xx.o(.text)
    I2C1_EV_IRQHandler                       0x080002ff   Thumb Code     0  startup_stm32f767xx.o(.text)
    I2C2_ER_IRQHandler                       0x080002ff   Thumb Code     0  startup_stm32f767xx.o(.text)
    I2C2_EV_IRQHandler                       0x080002ff   Thumb Code     0  startup_stm32f767xx.o(.text)
    I2C3_ER_IRQHandler                       0x080002ff   Thumb Code     0  startup_stm32f767xx.o(.text)
    I2C3_EV_IRQHandler                       0x080002ff   Thumb Code     0  startup_stm32f767xx.o(.text)
    I2C4_ER_IRQHandler                       0x080002ff   Thumb Code     0  startup_stm32f767xx.o(.text)
    I2C4_EV_IRQHandler                       0x080002ff   Thumb Code     0  startup_stm32f767xx.o(.text)
    JPEG_IRQHandler                          0x080002ff   Thumb Code     0  startup_stm32f767xx.o(.text)
    LPTIM1_IRQHandler                        0x080002ff   Thumb Code     0  startup_stm32f767xx.o(.text)
    LTDC_ER_IRQHandler                       0x080002ff   Thumb Code     0  startup_stm32f767xx.o(.text)
    LTDC_IRQHandler                          0x080002ff   Thumb Code     0  startup_stm32f767xx.o(.text)
    MDIOS_IRQHandler                         0x080002ff   Thumb Code     0  startup_stm32f767xx.o(.text)
    OTG_FS_IRQHandler                        0x080002ff   Thumb Code     0  startup_stm32f767xx.o(.text)
    OTG_FS_WKUP_IRQHandler                   0x080002ff   Thumb Code     0  startup_stm32f767xx.o(.text)
    OTG_HS_EP1_IN_IRQHandler                 0x080002ff   Thumb Code     0  startup_stm32f767xx.o(.text)
    OTG_HS_EP1_OUT_IRQHandler                0x080002ff   Thumb Code     0  startup_stm32f767xx.o(.text)
    OTG_HS_IRQHandler                        0x080002ff   Thumb Code     0  startup_stm32f767xx.o(.text)
    OTG_HS_WKUP_IRQHandler                   0x080002ff   Thumb Code     0  startup_stm32f767xx.o(.text)
    PVD_IRQHandler                           0x080002ff   Thumb Code     0  startup_stm32f767xx.o(.text)
    QUADSPI_IRQHandler                       0x080002ff   Thumb Code     0  startup_stm32f767xx.o(.text)
    RCC_IRQHandler                           0x080002ff   Thumb Code     0  startup_stm32f767xx.o(.text)
    RNG_IRQHandler                           0x080002ff   Thumb Code     0  startup_stm32f767xx.o(.text)
    RTC_Alarm_IRQHandler                     0x080002ff   Thumb Code     0  startup_stm32f767xx.o(.text)
    RTC_WKUP_IRQHandler                      0x080002ff   Thumb Code     0  startup_stm32f767xx.o(.text)
    SAI1_IRQHandler                          0x080002ff   Thumb Code     0  startup_stm32f767xx.o(.text)
    SAI2_IRQHandler                          0x080002ff   Thumb Code     0  startup_stm32f767xx.o(.text)
    SDMMC1_IRQHandler                        0x080002ff   Thumb Code     0  startup_stm32f767xx.o(.text)
    SDMMC2_IRQHandler                        0x080002ff   Thumb Code     0  startup_stm32f767xx.o(.text)
    SPDIF_RX_IRQHandler                      0x080002ff   Thumb Code     0  startup_stm32f767xx.o(.text)
    SPI1_IRQHandler                          0x080002ff   Thumb Code     0  startup_stm32f767xx.o(.text)
    SPI2_IRQHandler                          0x080002ff   Thumb Code     0  startup_stm32f767xx.o(.text)
    SPI3_IRQHandler                          0x080002ff   Thumb Code     0  startup_stm32f767xx.o(.text)
    SPI4_IRQHandler                          0x080002ff   Thumb Code     0  startup_stm32f767xx.o(.text)
    SPI5_IRQHandler                          0x080002ff   Thumb Code     0  startup_stm32f767xx.o(.text)
    SPI6_IRQHandler                          0x080002ff   Thumb Code     0  startup_stm32f767xx.o(.text)
    TAMP_STAMP_IRQHandler                    0x080002ff   Thumb Code     0  startup_stm32f767xx.o(.text)
    TIM1_BRK_TIM9_IRQHandler                 0x080002ff   Thumb Code     0  startup_stm32f767xx.o(.text)
    TIM1_CC_IRQHandler                       0x080002ff   Thumb Code     0  startup_stm32f767xx.o(.text)
    TIM1_TRG_COM_TIM11_IRQHandler            0x080002ff   Thumb Code     0  startup_stm32f767xx.o(.text)
    TIM1_UP_TIM10_IRQHandler                 0x080002ff   Thumb Code     0  startup_stm32f767xx.o(.text)
    TIM2_IRQHandler                          0x080002ff   Thumb Code     0  startup_stm32f767xx.o(.text)
    TIM3_IRQHandler                          0x080002ff   Thumb Code     0  startup_stm32f767xx.o(.text)
    TIM4_IRQHandler                          0x080002ff   Thumb Code     0  startup_stm32f767xx.o(.text)
    TIM5_IRQHandler                          0x080002ff   Thumb Code     0  startup_stm32f767xx.o(.text)
    TIM6_DAC_IRQHandler                      0x080002ff   Thumb Code     0  startup_stm32f767xx.o(.text)
    TIM7_IRQHandler                          0x080002ff   Thumb Code     0  startup_stm32f767xx.o(.text)
    TIM8_BRK_TIM12_IRQHandler                0x080002ff   Thumb Code     0  startup_stm32f767xx.o(.text)
    TIM8_CC_IRQHandler                       0x080002ff   Thumb Code     0  startup_stm32f767xx.o(.text)
    TIM8_TRG_COM_TIM14_IRQHandler            0x080002ff   Thumb Code     0  startup_stm32f767xx.o(.text)
    TIM8_UP_TIM13_IRQHandler                 0x080002ff   Thumb Code     0  startup_stm32f767xx.o(.text)
    UART4_IRQHandler                         0x080002ff   Thumb Code     0  startup_stm32f767xx.o(.text)
    UART5_IRQHandler                         0x080002ff   Thumb Code     0  startup_stm32f767xx.o(.text)
    UART7_IRQHandler                         0x080002ff   Thumb Code     0  startup_stm32f767xx.o(.text)
    UART8_IRQHandler                         0x080002ff   Thumb Code     0  startup_stm32f767xx.o(.text)
    USART1_IRQHandler                        0x080002ff   Thumb Code     0  startup_stm32f767xx.o(.text)
    USART2_IRQHandler                        0x080002ff   Thumb Code     0  startup_stm32f767xx.o(.text)
    USART6_IRQHandler                        0x080002ff   Thumb Code     0  startup_stm32f767xx.o(.text)
    WWDG_IRQHandler                          0x080002ff   Thumb Code     0  startup_stm32f767xx.o(.text)
    __user_initial_stackheap                 0x08000301   Thumb Code     0  startup_stm32f767xx.o(.text)
    __aeabi_memcpy                           0x08000325   Thumb Code     0  rt_memcpy_v6.o(.text)
    __rt_memcpy                              0x08000325   Thumb Code   138  rt_memcpy_v6.o(.text)
    _memcpy_lastbytes                        0x0800038b   Thumb Code     0  rt_memcpy_v6.o(.text)
    __use_two_region_memory                  0x080003af   Thumb Code     2  heapauxi.o(.text)
    __rt_heap_escrow$2region                 0x080003b1   Thumb Code     2  heapauxi.o(.text)
    __rt_heap_expand$2region                 0x080003b3   Thumb Code     2  heapauxi.o(.text)
    __cpp_initialize__aeabi_                 0x080003b5   Thumb Code    36  init_aeabi.o(.text)
    __read_errno                             0x080003e1   Thumb Code    10  _rserrno.o(.text)
    __set_errno                              0x080003eb   Thumb Code    12  _rserrno.o(.text)
    __strtod_int                             0x0800043d   Thumb Code    94  strtod.o(.text)
    __aeabi_memcpy4                          0x080004a9   Thumb Code     0  rt_memcpy_w.o(.text)
    __aeabi_memcpy8                          0x080004a9   Thumb Code     0  rt_memcpy_w.o(.text)
    __rt_memcpy_w                            0x080004a9   Thumb Code   100  rt_memcpy_w.o(.text)
    _memcpy_lastbytes_aligned                0x080004f1   Thumb Code     0  rt_memcpy_w.o(.text)
    __aeabi_errno_addr                       0x0800050d   Thumb Code     8  rt_errno_addr_intlibspace.o(.text)
    __errno$intlibspace                      0x0800050d   Thumb Code     0  rt_errno_addr_intlibspace.o(.text)
    __rt_errno_addr$intlibspace              0x0800050d   Thumb Code     0  rt_errno_addr_intlibspace.o(.text)
    isspace                                  0x08000515   Thumb Code    18  isspace.o(.text)
    _sgetc                                   0x08000527   Thumb Code    30  _sgetc.o(.text)
    _sbackspace                              0x08000545   Thumb Code    34  _sgetc.o(.text)
    __user_libspace                          0x08000569   Thumb Code     8  libspace.o(.text)
    __user_perproc_libspace                  0x08000569   Thumb Code     0  libspace.o(.text)
    __user_perthread_libspace                0x08000569   Thumb Code     0  libspace.o(.text)
    __user_setup_stackheap                   0x08000571   Thumb Code    74  sys_stackheap_outer.o(.text)
    __rt_ctype_table                         0x080005bd   Thumb Code    16  rt_ctype_table.o(.text)
    __rt_locale                              0x080005cd   Thumb Code     8  rt_locale_intlibspace.o(.text)
    _scanf_really_real                       0x08000821   Thumb Code   684  scanf_fp.o(.text)
    _btod_etento                             0x08000acd   Thumb Code   224  bigflt0.o(.text)
    exit                                     0x08000bb1   Thumb Code    18  exit.o(.text)
    strcmp                                   0x08000bc9   Thumb Code   124  strcmpv7m_pel.o(.text)
    __aeabi_llsl                             0x08000c45   Thumb Code     0  llshl.o(.text)
    _ll_shift_l                              0x08000c45   Thumb Code    38  llshl.o(.text)
    __I$use$semihosting                      0x08000c6b   Thumb Code     0  use_no_semi.o(.text)
    __use_no_semihosting_swi                 0x08000c6b   Thumb Code     2  use_no_semi.o(.text)
    __semihosting_library_function           0x08000c6d   Thumb Code     0  indicate_semi.o(.text)
    _scanf_really_hex_real                   0x08000c6d   Thumb Code   786  scanf_hexfp.o(.text)
    _scanf_really_infnan                     0x08000f8d   Thumb Code   292  scanf_infnan.o(.text)
    _sys_exit                                0x080010c1   Thumb Code     8  sys_exit.o(.text)
    _chval                                   0x080010cd   Thumb Code    28  _chval.o(.text)
    SystemInit                               0x080010e9   Thumb Code    18  system_stm32f7xx.o(.text.SystemInit)
    USART3_IRQHandler                        0x08001101   Thumb Code   648  entrega_2.o(.text.USART3_IRQHandler)
    USART3_Init(unsigned int)                0x080013a1   Thumb Code   100  entrega_2.o(.text._Z11USART3_Initj)
    SysTick_Init()                           0x08001409   Thumb Code    28  entrega_2.o(.text._Z12SysTick_Initv)
    SysTick_Wait(unsigned int)               0x08001429   Thumb Code    56  entrega_2.o(.text._Z12SysTick_Waitj)
    Servo_SetAngle(TIM_TypeDef*, unsigned char, unsigned char) 0x08001461   Thumb Code   128  entrega_2.o(.text._Z14Servo_SetAngleP11TIM_TypeDefhh)
    ADC_ReadChannel(unsigned char)           0x080014e1   Thumb Code    86  entrega_2.o(.text._Z15ADC_ReadChannelh)
    Config_TimerPWM(TIM_TypeDef*)            0x08001539   Thumb Code    52  entrega_2.o(.text._Z15Config_TimerPWMP11TIM_TypeDef)
    SysTick_Wait1ms(unsigned int)            0x08001571   Thumb Code    44  entrega_2.o(.text._Z15SysTick_Wait1msj)
    SysTick_Wait1us(unsigned int)            0x080015a1   Thumb Code    42  entrega_2.o(.text._Z15SysTick_Wait1usj)
    LCD_W(char)                              0x080015d1   Thumb Code    64  entrega_2.o(.text._Z5LCD_Wc)
    SetTxt()                                 0x08001611   Thumb Code  2002  entrega_2.o(.text._Z6SetTxtv)
    LCD_COM(char)                            0x08001de9   Thumb Code    66  entrega_2.o(.text._Z7LCD_COMc)
    vector1()                                0x08001e31   Thumb Code   248  entrega_2.o(.text._Z7vector1v)
    vector2()                                0x08001f29   Thumb Code   248  entrega_2.o(.text._Z7vector2v)
    vector3()                                0x08002021   Thumb Code   248  entrega_2.o(.text._Z7vector3v)
    vector4()                                0x08002119   Thumb Code   248  entrega_2.o(.text._Z7vector4v)
    vector5()                                0x08002211   Thumb Code   248  entrega_2.o(.text._Z7vector5v)
    main                                     0x08002581   Thumb Code  1284  entrega_2.o(.text.main)
    __btod_div_common                        0x08002a91   Thumb Code   696  btod.o(CL$$btod_div_common)
    _e2d                                     0x08002dc9   Thumb Code   122  btod.o(CL$$btod_e2d)
    _e2e                                     0x08002e4d   Thumb Code   220  btod.o(CL$$btod_e2e)
    _btod_ediv                               0x08002f29   Thumb Code    42  btod.o(CL$$btod_ediv)
    _btod_edivd                              0x08002f53   Thumb Code    42  btod.o(CL$$btod_edivd)
    _btod_emul                               0x08002f7d   Thumb Code    42  btod.o(CL$$btod_emul)
    _btod_emuld                              0x08002fa7   Thumb Code    42  btod.o(CL$$btod_emuld)
    __btod_mult_common                       0x08002fd1   Thumb Code   580  btod.o(CL$$btod_mult_common)
    __hardfp___mathlib_tofloat               0x08003215   Thumb Code   186  narrow.o(i.__hardfp___mathlib_tofloat)
    __hardfp_atof                            0x080032d9   Thumb Code    46  atof.o(i.__hardfp_atof)
    __mathlib_dbl_overflow                   0x08003311   Thumb Code    10  dunder.o(i.__mathlib_dbl_overflow)
    __mathlib_dbl_underflow                  0x08003329   Thumb Code    10  dunder.o(i.__mathlib_dbl_underflow)
    __mathlib_narrow                         0x08003341   Thumb Code    18  narrow.o(i.__mathlib_narrow)
    __support_ldexp                          0x08003353   Thumb Code   166  ldexp.o(i.__support_ldexp)
    _is_digit                                0x080033f9   Thumb Code    14  __printf_wp.o(i._is_digit)
    frexp                                    0x08003409   Thumb Code   118  frexp.o(i.frexp)
    _get_lc_numeric                          0x08003495   Thumb Code    44  lc_numeric_c.o(locale$$code)
    _get_lc_ctype                            0x080034c1   Thumb Code    44  lc_ctype_c.o(locale$$code)
    __fpl_dcheck_NaN1                        0x080034ed   Thumb Code    10  dcheck1.o(x$fpl$dcheck1)
    _fp_init                                 0x080034fd   Thumb Code    26  fpinit.o(x$fpl$fpinit)
    __fplib_config_fpu_vfp                   0x08003515   Thumb Code     0  fpinit.o(x$fpl$fpinit)
    __fplib_config_pureend_doubles           0x08003515   Thumb Code     0  fpinit.o(x$fpl$fpinit)
    __ieee_status                            0x08003517   Thumb Code     6  istatus.o(x$fpl$ieeestatus)
    __fpl_return_NaN                         0x0800351d   Thumb Code   100  retnan.o(x$fpl$retnan)
    __ARM_scalbn                             0x08003581   Thumb Code    92  scalbn.o(x$fpl$scalbn)
    _scanf_real                              0x080035dd   Thumb Code     4  scanf1.o(x$fpl$scanf1)
    _scanf_hex_real                          0x080035e1   Thumb Code     4  scanf2.o(x$fpl$scanf2)
    _scanf_infnan                            0x080035e5   Thumb Code     4  scanf2.o(x$fpl$scanf2)
    __fpl_cmpreturn                          0x080035e9   Thumb Code    48  trapv.o(x$fpl$trapveneer)
    __I$use$fp                               0x08003618   Number         0  usenofp.o(x$fpl$usenofp)
    Region$$Table$$Base                      0x080036e0   Number         0  anon$$obj.o(Region$$Table)
    Region$$Table$$Limit                     0x08003700   Number         0  anon$$obj.o(Region$$Table)
    __aeabi_HUGE_VAL                         0x08003700   Data           0  fpconst.o(c$$dinf)
    __aeabi_HUGE_VALL                        0x08003700   Data           0  fpconst.o(c$$dinf)
    __aeabi_INFINITY                         0x08003700   Data           0  fpconst.o(c$$dinf)
    __dInf                                   0x08003700   Data           0  fpconst.o(c$$dinf)
    __huge_val                               0x08003700   Data           0  fpconst.o(c$$dinf)
    __dbl_max                                0x08003708   Data           0  fpconst.o(c$$dmax)
    __ctype                                  0x08003739   Data           0  lc_ctype_c.o(locale$$data)
    SHT$$INIT_ARRAY$$Base                    0x0800383c   Number         0  entrega_2.o(.init_array)
    SHT$$INIT_ARRAY$$Limit                   0x08003840   Number         0  init_aeabi.o(.init_array)
    LCD_Mode                                 0x20020000   Data           1  entrega_2.o(.data.LCD_Mode)
    LCD_ON                                   0x20020001   Data           1  entrega_2.o(.data.LCD_ON)
    clean                                    0x20020002   Data           1  entrega_2.o(.data.clean)
    dealyl                                   0x20020004   Data           4  entrega_2.o(.data.dealyl)
    home                                     0x20020008   Data           1  entrega_2.o(.data.home)
    set                                      0x20020009   Data           1  entrega_2.o(.data.set)
    __libspace_start                         0x20020010   Data          96  libspace.o(.bss)
    BAUDRATE                                 0x20020070   Data           4  entrega_2.o(.bss.BAUDRATE)
    __temporary_stack_top$libspace           0x20020070   Data           0  libspace.o(.bss)
    LCD_pos                                  0x20020074   Data           1  entrega_2.o(.bss.LCD_pos)
    LINE1                                    0x20020075   Data           1  entrega_2.o(.bss.LINE1)
    LINE2                                    0x20020076   Data           1  entrega_2.o(.bss.LINE2)
    ang1                                     0x200200a0   Data           4  entrega_2.o(.bss.ang1)
    ang2                                     0x200200a4   Data           4  entrega_2.o(.bss.ang2)
    ang3                                     0x200200a8   Data           4  entrega_2.o(.bss.ang3)
    ang4                                     0x200200ac   Data           4  entrega_2.o(.bss.ang4)
    ang5                                     0x200200b0   Data           4  entrega_2.o(.bss.ang5)
    aux                                      0x200200b4   Data          40  entrega_2.o(.bss.aux)
    bandera                                  0x200200dc   Data           4  entrega_2.o(.bss.bandera)
    cmd1                                     0x200200e0   Data           4  entrega_2.o(.bss.cmd1)
    cmd2                                     0x200200e4   Data           4  entrega_2.o(.bss.cmd2)
    cmd3                                     0x200200e8   Data           4  entrega_2.o(.bss.cmd3)
    cmd4                                     0x200200ec   Data           4  entrega_2.o(.bss.cmd4)
    cmd5                                     0x200200f0   Data           4  entrega_2.o(.bss.cmd5)
    mult                                     0x200200f4   Data           4  entrega_2.o(.bss.mult)
    pot1                                     0x200200f8   Data           4  entrega_2.o(.bss.pot1)
    pot2                                     0x200200fc   Data           4  entrega_2.o(.bss.pot2)
    pot3                                     0x20020100   Data           4  entrega_2.o(.bss.pot3)
    pot4                                     0x20020104   Data           4  entrega_2.o(.bss.pot4)
    pot5                                     0x20020108   Data           4  entrega_2.o(.bss.pot5)
    prom1                                    0x2002010c   Data           4  entrega_2.o(.bss.prom1)
    prom2                                    0x20020110   Data           4  entrega_2.o(.bss.prom2)
    prom3                                    0x20020114   Data           4  entrega_2.o(.bss.prom3)
    prom4                                    0x20020118   Data           4  entrega_2.o(.bss.prom4)
    prom5                                    0x2002011c   Data           4  entrega_2.o(.bss.prom5)
    reco                                     0x20020120   Data           4  entrega_2.o(.bss.reco)
    sec_home                                 0x20020124   Data           4  entrega_2.o(.bss.sec_home)
    target1                                  0x20020128   Data           4  entrega_2.o(.bss.target1)
    target2                                  0x2002012c   Data           4  entrega_2.o(.bss.target2)
    target3                                  0x20020130   Data           4  entrega_2.o(.bss.target3)
    target4                                  0x20020134   Data           4  entrega_2.o(.bss.target4)
    target5                                  0x20020138   Data           4  entrega_2.o(.bss.target5)
    txt1                                     0x2002013c   Data          32  entrega_2.o(.bss.txt1)
    txt2                                     0x2002015c   Data          32  entrega_2.o(.bss.txt2)
    vec1                                     0x2002017c   Data          44  entrega_2.o(.bss.vec1)
    vec2                                     0x200201a8   Data          44  entrega_2.o(.bss.vec2)
    vec3                                     0x200201d4   Data          44  entrega_2.o(.bss.vec3)
    vec4                                     0x20020200   Data          44  entrega_2.o(.bss.vec4)
    vec5                                     0x2002022c   Data          44  entrega_2.o(.bss.vec5)



==============================================================================

Memory Map of the image

  Image Entry point : 0x080002e5

  Load Region LR_1 (Base: 0x08000000, Size: 0x0000384c, Max: 0xffffffff, ABSOLUTE)

    Execution Region ER_RO (Exec base: 0x08000000, Load base: 0x08000000, Size: 0x00003840, Max: 0xffffffff, ABSOLUTE)

    Exec Addr    Load Addr    Size         Type   Attr      Idx    E Section Name        Object

    0x08000000   0x08000000   0x000001f8   Data   RO          138    RESET               startup_stm32f767xx.o
    0x080001f8   0x080001f8   0x00000008   Code   RO          171  * !!!main             c_w.l(__main.o)
    0x08000200   0x08000200   0x0000005c   Code   RO          614    !!!scatter          c_w.l(__scatter.o)
    0x0800025c   0x0800025c   0x0000001a   Code   RO          618    !!handler_copy      c_w.l(__scatter_copy.o)
    0x08000276   0x08000276   0x00000002   PAD
    0x08000278   0x08000278   0x00000002   Code   RO          615    !!handler_null      c_w.l(__scatter.o)
    0x0800027a   0x0800027a   0x00000002   PAD
    0x0800027c   0x0800027c   0x0000001c   Code   RO          620    !!handler_zi        c_w.l(__scatter_zi.o)
    0x08000298   0x08000298   0x00000002   Code   RO          458    .ARM.Collect$$libinit$$00000000  c_w.l(libinit.o)
    0x0800029a   0x0800029a   0x00000004   Code   RO          285    .ARM.Collect$$libinit$$00000001  c_w.l(libinit2.o)
    0x0800029e   0x0800029e   0x00000000   Code   RO          288    .ARM.Collect$$libinit$$00000004  c_w.l(libinit2.o)
    0x0800029e   0x0800029e   0x00000000   Code   RO          290    .ARM.Collect$$libinit$$00000006  c_w.l(libinit2.o)
    0x0800029e   0x0800029e   0x00000000   Code   RO          293    .ARM.Collect$$libinit$$0000000C  c_w.l(libinit2.o)
    0x0800029e   0x0800029e   0x00000000   Code   RO          295    .ARM.Collect$$libinit$$0000000E  c_w.l(libinit2.o)
    0x0800029e   0x0800029e   0x00000000   Code   RO          297    .ARM.Collect$$libinit$$00000010  c_w.l(libinit2.o)
    0x0800029e   0x0800029e   0x00000006   Code   RO          298    .ARM.Collect$$libinit$$00000011  c_w.l(libinit2.o)
    0x080002a4   0x080002a4   0x00000000   Code   RO          300    .ARM.Collect$$libinit$$00000013  c_w.l(libinit2.o)
    0x080002a4   0x080002a4   0x0000000c   Code   RO          301    .ARM.Collect$$libinit$$00000014  c_w.l(libinit2.o)
    0x080002b0   0x080002b0   0x00000000   Code   RO          302    .ARM.Collect$$libinit$$00000015  c_w.l(libinit2.o)
    0x080002b0   0x080002b0   0x00000000   Code   RO          304    .ARM.Collect$$libinit$$00000017  c_w.l(libinit2.o)
    0x080002b0   0x080002b0   0x0000000a   Code   RO          305    .ARM.Collect$$libinit$$00000018  c_w.l(libinit2.o)
    0x080002ba   0x080002ba   0x00000000   Code   RO          306    .ARM.Collect$$libinit$$00000019  c_w.l(libinit2.o)
    0x080002ba   0x080002ba   0x00000000   Code   RO          308    .ARM.Collect$$libinit$$0000001B  c_w.l(libinit2.o)
    0x080002ba   0x080002ba   0x00000000   Code   RO          310    .ARM.Collect$$libinit$$0000001D  c_w.l(libinit2.o)
    0x080002ba   0x080002ba   0x00000000   Code   RO          312    .ARM.Collect$$libinit$$0000001F  c_w.l(libinit2.o)
    0x080002ba   0x080002ba   0x00000000   Code   RO          314    .ARM.Collect$$libinit$$00000021  c_w.l(libinit2.o)
    0x080002ba   0x080002ba   0x00000000   Code   RO          316    .ARM.Collect$$libinit$$00000023  c_w.l(libinit2.o)
    0x080002ba   0x080002ba   0x00000000   Code   RO          318    .ARM.Collect$$libinit$$00000025  c_w.l(libinit2.o)
    0x080002ba   0x080002ba   0x00000000   Code   RO          320    .ARM.Collect$$libinit$$00000027  c_w.l(libinit2.o)
    0x080002ba   0x080002ba   0x00000000   Code   RO          324    .ARM.Collect$$libinit$$0000002E  c_w.l(libinit2.o)
    0x080002ba   0x080002ba   0x00000000   Code   RO          326    .ARM.Collect$$libinit$$00000030  c_w.l(libinit2.o)
    0x080002ba   0x080002ba   0x00000000   Code   RO          328    .ARM.Collect$$libinit$$00000032  c_w.l(libinit2.o)
    0x080002ba   0x080002ba   0x00000004   Code   RO          329    .ARM.Collect$$libinit$$00000033  c_w.l(libinit2.o)
    0x080002be   0x080002be   0x00000000   Code   RO          330    .ARM.Collect$$libinit$$00000034  c_w.l(libinit2.o)
    0x080002be   0x080002be   0x00000002   Code   RO          331    .ARM.Collect$$libinit$$00000035  c_w.l(libinit2.o)
    0x080002c0   0x080002c0   0x00000002   Code   RO          543    .ARM.Collect$$libshutdown$$00000000  c_w.l(libshutdown.o)
    0x080002c2   0x080002c2   0x00000000   Code   RO          559    .ARM.Collect$$libshutdown$$00000002  c_w.l(libshutdown2.o)
    0x080002c2   0x080002c2   0x00000000   Code   RO          561    .ARM.Collect$$libshutdown$$00000004  c_w.l(libshutdown2.o)
    0x080002c2   0x080002c2   0x00000000   Code   RO          564    .ARM.Collect$$libshutdown$$00000007  c_w.l(libshutdown2.o)
    0x080002c2   0x080002c2   0x00000000   Code   RO          567    .ARM.Collect$$libshutdown$$0000000A  c_w.l(libshutdown2.o)
    0x080002c2   0x080002c2   0x00000000   Code   RO          569    .ARM.Collect$$libshutdown$$0000000C  c_w.l(libshutdown2.o)
    0x080002c2   0x080002c2   0x00000000   Code   RO          572    .ARM.Collect$$libshutdown$$0000000F  c_w.l(libshutdown2.o)
    0x080002c2   0x080002c2   0x00000002   Code   RO          573    .ARM.Collect$$libshutdown$$00000010  c_w.l(libshutdown2.o)
    0x080002c4   0x080002c4   0x00000000   Code   RO          185    .ARM.Collect$$rtentry$$00000000  c_w.l(__rtentry.o)
    0x080002c4   0x080002c4   0x00000000   Code   RO          346    .ARM.Collect$$rtentry$$00000002  c_w.l(__rtentry2.o)
    0x080002c4   0x080002c4   0x00000006   Code   RO          358    .ARM.Collect$$rtentry$$00000004  c_w.l(__rtentry4.o)
    0x080002ca   0x080002ca   0x00000000   Code   RO          348    .ARM.Collect$$rtentry$$00000009  c_w.l(__rtentry2.o)
    0x080002ca   0x080002ca   0x00000004   Code   RO          349    .ARM.Collect$$rtentry$$0000000A  c_w.l(__rtentry2.o)
    0x080002ce   0x080002ce   0x00000000   Code   RO          351    .ARM.Collect$$rtentry$$0000000C  c_w.l(__rtentry2.o)
    0x080002ce   0x080002ce   0x00000008   Code   RO          352    .ARM.Collect$$rtentry$$0000000D  c_w.l(__rtentry2.o)
    0x080002d6   0x080002d6   0x00000002   Code   RO          467    .ARM.Collect$$rtexit$$00000000  c_w.l(rtexit.o)
    0x080002d8   0x080002d8   0x00000000   Code   RO          507    .ARM.Collect$$rtexit$$00000002  c_w.l(rtexit2.o)
    0x080002d8   0x080002d8   0x00000004   Code   RO          508    .ARM.Collect$$rtexit$$00000003  c_w.l(rtexit2.o)
    0x080002dc   0x080002dc   0x00000006   Code   RO          509    .ARM.Collect$$rtexit$$00000004  c_w.l(rtexit2.o)
    0x080002e2   0x080002e2   0x00000002   PAD
    0x080002e4   0x080002e4   0x00000040   Code   RO          139  * .text               startup_stm32f767xx.o
    0x08000324   0x08000324   0x0000008a   Code   RO          165    .text               c_w.l(rt_memcpy_v6.o)
    0x080003ae   0x080003ae   0x00000006   Code   RO          169    .text               c_w.l(heapauxi.o)
    0x080003b4   0x080003b4   0x0000002c   Code   RO          176    .text               c_w.l(init_aeabi.o)
    0x080003e0   0x080003e0   0x00000016   Code   RO          186    .text               c_w.l(_rserrno.o)
    0x080003f6   0x080003f6   0x00000002   PAD
    0x080003f8   0x080003f8   0x000000b0   Code   RO          279    .text               c_w.l(strtod.o)
    0x080004a8   0x080004a8   0x00000064   Code   RO          281    .text               c_w.l(rt_memcpy_w.o)
    0x0800050c   0x0800050c   0x00000008   Code   RO          363    .text               c_w.l(rt_errno_addr_intlibspace.o)
    0x08000514   0x08000514   0x00000012   Code   RO          367    .text               c_w.l(isspace.o)
    0x08000526   0x08000526   0x00000040   Code   RO          385    .text               c_w.l(_sgetc.o)
    0x08000566   0x08000566   0x00000002   PAD
    0x08000568   0x08000568   0x00000008   Code   RO          400    .text               c_w.l(libspace.o)
    0x08000570   0x08000570   0x0000004a   Code   RO          403    .text               c_w.l(sys_stackheap_outer.o)
    0x080005ba   0x080005ba   0x00000002   PAD
    0x080005bc   0x080005bc   0x00000010   Code   RO          405    .text               c_w.l(rt_ctype_table.o)
    0x080005cc   0x080005cc   0x00000008   Code   RO          410    .text               c_w.l(rt_locale_intlibspace.o)
    0x080005d4   0x080005d4   0x000004f8   Code   RO          414    .text               c_w.l(scanf_fp.o)
    0x08000acc   0x08000acc   0x000000e4   Code   RO          418    .text               c_w.l(bigflt0.o)
    0x08000bb0   0x08000bb0   0x00000012   Code   RO          445    .text               c_w.l(exit.o)
    0x08000bc2   0x08000bc2   0x00000006   PAD
    0x08000bc8   0x08000bc8   0x0000007c   Code   RO          447    .text               c_w.l(strcmpv7m_pel.o)
    0x08000c44   0x08000c44   0x00000026   Code   RO          471    .text               c_w.l(llshl.o)
    0x08000c6a   0x08000c6a   0x00000002   Code   RO          503    .text               c_w.l(use_no_semi.o)
    0x08000c6c   0x08000c6c   0x00000000   Code   RO          505    .text               c_w.l(indicate_semi.o)
    0x08000c6c   0x08000c6c   0x00000320   Code   RO          517    .text               c_w.l(scanf_hexfp.o)
    0x08000f8c   0x08000f8c   0x00000134   Code   RO          519    .text               c_w.l(scanf_infnan.o)
    0x080010c0   0x080010c0   0x0000000c   Code   RO          531    .text               c_w.l(sys_exit.o)
    0x080010cc   0x080010cc   0x0000001c   Code   RO          535    .text               c_w.l(_chval.o)
    0x080010e8   0x080010e8   0x00000012   Code   RO          146    .text.SystemInit    system_stm32f7xx.o
    0x080010fa   0x080010fa   0x00000006   PAD
    0x08001100   0x08001100   0x00000290   Code   RO           58    .text.USART3_IRQHandler  entrega_2.o
    0x08001390   0x08001390   0x0000000c   Code   RO           60    .text._GLOBAL__sub_I_Entrega_2.cpp  entrega_2.o
    0x0800139c   0x0800139c   0x00000004   PAD
    0x080013a0   0x080013a0   0x00000064   Code   RO           28    .text._Z11USART3_Initj  entrega_2.o
    0x08001404   0x08001404   0x00000004   PAD
    0x08001408   0x08001408   0x0000001c   Code   RO            2    .text._Z12SysTick_Initv  entrega_2.o
    0x08001424   0x08001424   0x00000004   PAD
    0x08001428   0x08001428   0x00000038   Code   RO            4    .text._Z12SysTick_Waitj  entrega_2.o
    0x08001460   0x08001460   0x00000080   Code   RO           22    .text._Z14Servo_SetAngleP11TIM_TypeDefhh  entrega_2.o
    0x080014e0   0x080014e0   0x00000056   Code   RO           26    .text._Z15ADC_ReadChannelh  entrega_2.o
    0x08001536   0x08001536   0x00000002   PAD
    0x08001538   0x08001538   0x00000034   Code   RO           20    .text._Z15Config_TimerPWMP11TIM_TypeDef  entrega_2.o
    0x0800156c   0x0800156c   0x00000004   PAD
    0x08001570   0x08001570   0x0000002c   Code   RO            8    .text._Z15SysTick_Wait1msj  entrega_2.o
    0x0800159c   0x0800159c   0x00000004   PAD
    0x080015a0   0x080015a0   0x0000002a   Code   RO           10    .text._Z15SysTick_Wait1usj  entrega_2.o
    0x080015ca   0x080015ca   0x00000006   PAD
    0x080015d0   0x080015d0   0x00000040   Code   RO           14    .text._Z5LCD_Wc     entrega_2.o
    0x08001610   0x08001610   0x000007d2   Code   RO           42    .text._Z6SetTxtv    entrega_2.o
    0x08001de2   0x08001de2   0x00000006   PAD
    0x08001de8   0x08001de8   0x00000042   Code   RO           12    .text._Z7LCD_COMc   entrega_2.o
    0x08001e2a   0x08001e2a   0x00000006   PAD
    0x08001e30   0x08001e30   0x000000f8   Code   RO           44    .text._Z7vector1v   entrega_2.o
    0x08001f28   0x08001f28   0x000000f8   Code   RO           46    .text._Z7vector2v   entrega_2.o
    0x08002020   0x08002020   0x000000f8   Code   RO           48    .text._Z7vector3v   entrega_2.o
    0x08002118   0x08002118   0x000000f8   Code   RO           50    .text._Z7vector4v   entrega_2.o
    0x08002210   0x08002210   0x000000f8   Code   RO           52    .text._Z7vector5v   entrega_2.o
    0x08002308   0x08002308   0x000001d0   Code   RO           56    .text._ZL11Config_GPIOv  entrega_2.o
    0x080024d8   0x080024d8   0x00000030   Code   RO           32    .text._ZL16__NVIC_EnableIRQ9IRQn_Type  entrega_2.o
    0x08002508   0x08002508   0x00000042   Code   RO           30    .text._ZL18__NVIC_SetPriority9IRQn_Typej  entrega_2.o
    0x0800254a   0x0800254a   0x00000006   PAD
    0x08002550   0x08002550   0x00000018   Code   RO           16    .text.__cxx_global_var_init  entrega_2.o
    0x08002568   0x08002568   0x00000018   Code   RO           18    .text.__cxx_global_var_init.1  entrega_2.o
    0x08002580   0x08002580   0x00000510   Code   RO           54    .text.main          entrega_2.o
    0x08002a90   0x08002a90   0x00000338   Code   RO          431    CL$$btod_div_common  c_w.l(btod.o)
    0x08002dc8   0x08002dc8   0x00000084   Code   RO          429    CL$$btod_e2d        c_w.l(btod.o)
    0x08002e4c   0x08002e4c   0x000000dc   Code   RO          428    CL$$btod_e2e        c_w.l(btod.o)
    0x08002f28   0x08002f28   0x0000002a   Code   RO          425    CL$$btod_ediv       c_w.l(btod.o)
    0x08002f52   0x08002f52   0x0000002a   Code   RO          427    CL$$btod_edivd      c_w.l(btod.o)
    0x08002f7c   0x08002f7c   0x0000002a   Code   RO          424    CL$$btod_emul       c_w.l(btod.o)
    0x08002fa6   0x08002fa6   0x0000002a   Code   RO          426    CL$$btod_emuld      c_w.l(btod.o)
    0x08002fd0   0x08002fd0   0x00000244   Code   RO          430    CL$$btod_mult_common  c_w.l(btod.o)
    0x08003214   0x08003214   0x000000c4   Code   RO          495    i.__hardfp___mathlib_tofloat  m_wv.l(narrow.o)
    0x080032d8   0x080032d8   0x00000038   Code   RO          179    i.__hardfp_atof     m_wv.l(atof.o)
    0x08003310   0x08003310   0x00000018   Code   RO          580    i.__mathlib_dbl_overflow  m_wv.l(dunder.o)
    0x08003328   0x08003328   0x00000018   Code   RO          582    i.__mathlib_dbl_underflow  m_wv.l(dunder.o)
    0x08003340   0x08003340   0x00000012   Code   RO          496    i.__mathlib_narrow  m_wv.l(narrow.o)
    0x08003352   0x08003352   0x000000a6   Code   RO          546    i.__support_ldexp   m_wv.l(ldexp.o)
    0x080033f8   0x080033f8   0x0000000e   Code   RO          246    i._is_digit         c_w.l(__printf_wp.o)
    0x08003406   0x08003406   0x00000002   PAD
    0x08003408   0x08003408   0x0000008c   Code   RO          527    i.frexp             m_wv.l(frexp.o)
    0x08003494   0x08003494   0x0000002c   Code   RO          390    locale$$code        c_w.l(lc_numeric_c.o)
    0x080034c0   0x080034c0   0x0000002c   Code   RO          479    locale$$code        c_w.l(lc_ctype_c.o)
    0x080034ec   0x080034ec   0x00000010   Code   RO          606    x$fpl$dcheck1       fz_wv.l(dcheck1.o)
    0x080034fc   0x080034fc   0x0000001a   Code   RO          396    x$fpl$fpinit        fz_wv.l(fpinit.o)
    0x08003516   0x08003516   0x00000006   Code   RO          459    x$fpl$ieeestatus    fz_wv.l(istatus.o)
    0x0800351c   0x0800351c   0x00000064   Code   RO          608    x$fpl$retnan        fz_wv.l(retnan.o)
    0x08003580   0x08003580   0x0000005c   Code   RO          574    x$fpl$scalbn        fz_wv.l(scalbn.o)
    0x080035dc   0x080035dc   0x00000004   Code   RO          398    x$fpl$scanf1        fz_wv.l(scanf1.o)
    0x080035e0   0x080035e0   0x00000008   Code   RO          489    x$fpl$scanf2        fz_wv.l(scanf2.o)
    0x080035e8   0x080035e8   0x00000030   Code   RO          610    x$fpl$trapveneer    fz_wv.l(trapv.o)
    0x08003618   0x08003618   0x00000000   Code   RO          344    x$fpl$usenofp       fz_wv.l(usenofp.o)
    0x08003618   0x08003618   0x00000094   Data   RO          419    .constdata          c_w.l(bigflt0.o)
    0x080036ac   0x080036ac   0x00000032   Data   RO          122    .rodata..L__const.main.txt  entrega_2.o
    0x080036de   0x080036de   0x00000002   PAD
    0x080036e0   0x080036e0   0x00000020   Data   RO          613    Region$$Table       anon$$obj.o
    0x08003700   0x08003700   0x00000008   Data   RO          485    c$$dinf             fz_wv.l(fpconst.o)
    0x08003708   0x08003708   0x00000008   Data   RO          488    c$$dmax             fz_wv.l(fpconst.o)
    0x08003710   0x08003710   0x0000001c   Data   RO          389    locale$$data        c_w.l(lc_numeric_c.o)
    0x0800372c   0x0800372c   0x00000110   Data   RO          478    locale$$data        c_w.l(lc_ctype_c.o)
    0x0800383c   0x0800383c   0x00000004   Data   RO          128    .init_array         entrega_2.o
    0x08003840   0x0800383c   0x00000000   Data   RO          174    .init_array         c_w.l(init_aeabi.o)


    Execution Region ER_RW (Exec base: 0x20020000, Load base: 0x08003840, Size: 0x0000000c, Max: 0xffffffff, ABSOLUTE)

    Exec Addr    Load Addr    Size         Type   Attr      Idx    E Section Name        Object

    0x20020000   0x08003840   0x00000001   Data   RW           84    .data.LCD_Mode      entrega_2.o
    0x20020001   0x08003841   0x00000001   Data   RW           83    .data.LCD_ON        entrega_2.o
    0x20020002   0x08003842   0x00000001   Data   RW           80    .data.clean         entrega_2.o
    0x20020003   0x08003843   0x00000001   PAD
    0x20020004   0x08003844   0x00000004   Data   RW           76    .data.dealyl        entrega_2.o
    0x20020008   0x08003848   0x00000001   Data   RW           81    .data.home          entrega_2.o
    0x20020009   0x08003849   0x00000001   Data   RW           82    .data.set           entrega_2.o


    Execution Region ER_ZI (Exec base: 0x20020010, Load base: 0x0800384c, Size: 0x00000848, Max: 0xffffffff, ABSOLUTE)

    Exec Addr    Load Addr    Size         Type   Attr      Idx    E Section Name        Object

    0x20020010        -       0x00000060   Zero   RW          401    .bss                c_w.l(libspace.o)
    0x20020070        -       0x00000004   Zero   RW           65    .bss.BAUDRATE       entrega_2.o
    0x20020074        -       0x00000001   Zero   RW           85    .bss.LCD_pos        entrega_2.o
    0x20020075        -       0x00000001   Zero   RW           86    .bss.LINE1          entrega_2.o
    0x20020076        -       0x00000001   Zero   RW           87    .bss.LINE2          entrega_2.o
    0x20020077   0x0800384c   0x00000001   PAD
    0x20020078        -       0x00000014   Zero   RW          125    .bss._ZZ17USART3_IRQHandlerE11temp_values  entrega_2.o
    0x2002008c        -       0x00000001   Zero   RW          126    .bss._ZZ17USART3_IRQHandlerE13current_value  entrega_2.o
    0x2002008d        -       0x00000001   Zero   RW          127    .bss._ZZ17USART3_IRQHandlerE13frame_started  entrega_2.o
    0x2002008e        -       0x0000000f   Zero   RW          123    .bss._ZZ17USART3_IRQHandlerE7num_buf  entrega_2.o
    0x2002009d        -       0x00000001   Zero   RW          124    .bss._ZZ17USART3_IRQHandlerE9num_index  entrega_2.o
    0x2002009e   0x0800384c   0x00000002   PAD
    0x200200a0        -       0x00000004   Zero   RW          102    .bss.ang1           entrega_2.o
    0x200200a4        -       0x00000004   Zero   RW          103    .bss.ang2           entrega_2.o
    0x200200a8        -       0x00000004   Zero   RW          104    .bss.ang3           entrega_2.o
    0x200200ac        -       0x00000004   Zero   RW          105    .bss.ang4           entrega_2.o
    0x200200b0        -       0x00000004   Zero   RW          106    .bss.ang5           entrega_2.o
    0x200200b4        -       0x00000028   Zero   RW           90    .bss.aux            entrega_2.o
    0x200200dc        -       0x00000004   Zero   RW           78    .bss.bandera        entrega_2.o
    0x200200e0        -       0x00000004   Zero   RW           97    .bss.cmd1           entrega_2.o
    0x200200e4        -       0x00000004   Zero   RW           98    .bss.cmd2           entrega_2.o
    0x200200e8        -       0x00000004   Zero   RW           99    .bss.cmd3           entrega_2.o
    0x200200ec        -       0x00000004   Zero   RW          100    .bss.cmd4           entrega_2.o
    0x200200f0        -       0x00000004   Zero   RW          101    .bss.cmd5           entrega_2.o
    0x200200f4        -       0x00000004   Zero   RW           79    .bss.mult           entrega_2.o
    0x200200f8        -       0x00000004   Zero   RW           71    .bss.pot1           entrega_2.o
    0x200200fc        -       0x00000004   Zero   RW           72    .bss.pot2           entrega_2.o
    0x20020100        -       0x00000004   Zero   RW           73    .bss.pot3           entrega_2.o
    0x20020104        -       0x00000004   Zero   RW           74    .bss.pot4           entrega_2.o
    0x20020108        -       0x00000004   Zero   RW           75    .bss.pot5           entrega_2.o
    0x2002010c        -       0x00000004   Zero   RW          112    .bss.prom1          entrega_2.o
    0x20020110        -       0x00000004   Zero   RW          113    .bss.prom2          entrega_2.o
    0x20020114        -       0x00000004   Zero   RW          114    .bss.prom3          entrega_2.o
    0x20020118        -       0x00000004   Zero   RW          115    .bss.prom4          entrega_2.o
    0x2002011c        -       0x00000004   Zero   RW          116    .bss.prom5          entrega_2.o
    0x20020120        -       0x00000004   Zero   RW           77    .bss.reco           entrega_2.o
    0x20020124        -       0x00000004   Zero   RW          117    .bss.sec_home       entrega_2.o
    0x20020128        -       0x00000004   Zero   RW           66    .bss.target1        entrega_2.o
    0x2002012c        -       0x00000004   Zero   RW           67    .bss.target2        entrega_2.o
    0x20020130        -       0x00000004   Zero   RW           68    .bss.target3        entrega_2.o
    0x20020134        -       0x00000004   Zero   RW           69    .bss.target4        entrega_2.o
    0x20020138        -       0x00000004   Zero   RW           70    .bss.target5        entrega_2.o
    0x2002013c        -       0x00000020   Zero   RW           88    .bss.txt1           entrega_2.o
    0x2002015c        -       0x00000020   Zero   RW           89    .bss.txt2           entrega_2.o
    0x2002017c        -       0x0000002c   Zero   RW          107    .bss.vec1           entrega_2.o
    0x200201a8        -       0x0000002c   Zero   RW          108    .bss.vec2           entrega_2.o
    0x200201d4        -       0x0000002c   Zero   RW          109    .bss.vec3           entrega_2.o
    0x20020200        -       0x0000002c   Zero   RW          110    .bss.vec4           entrega_2.o
    0x2002022c        -       0x0000002c   Zero   RW          111    .bss.vec5           entrega_2.o
    0x20020258        -       0x00000200   Zero   RW          137    HEAP                startup_stm32f767xx.o
    0x20020458        -       0x00000400   Zero   RW          136    STACK               startup_stm32f767xx.o


==============================================================================

Image component sizes


      Code (inc. data)   RO Data    RW Data    ZI Data      Debug   Object Name

      6498         48         54          9        485      33275   entrega_2.o
        64         26        504          0       1536        888   startup_stm32f767xx.o
        18          0          0          0          0       3436   system_stm32f7xx.o

    ----------------------------------------------------------------------
      6632         74        592         12       2024      37599   Object Totals
         0          0         32          0          0          0   (incl. Generated)
        52          0          2          3          3          0   (incl. Padding)

    ----------------------------------------------------------------------

      Code (inc. data)   RO Data    RW Data    ZI Data      Debug   Library Member Name

         8          0          0          0          0         68   __main.o
        14          0          0          0          0         68   __printf_wp.o
         0          0          0          0          0          0   __rtentry.o
        12          0          0          0          0          0   __rtentry2.o
         6          0          0          0          0          0   __rtentry4.o
        94          8          0          0          0          0   __scatter.o
        26          0          0          0          0          0   __scatter_copy.o
        28          0          0          0          0          0   __scatter_zi.o
        28          0          0          0          0         68   _chval.o
        22          0          0          0          0        100   _rserrno.o
        64          0          0          0          0         84   _sgetc.o
       228          4        148          0          0         96   bigflt0.o
      1924        136          0          0          0        752   btod.o
        18          0          0          0          0         80   exit.o
         6          0          0          0          0        152   heapauxi.o
         0          0          0          0          0          0   indicate_semi.o
        44          8          0          0          0         80   init_aeabi.o
        18          0          0          0          0         76   isspace.o
        44         10        272          0          0         76   lc_ctype_c.o
        44         10         28          0          0         76   lc_numeric_c.o
         2          0          0          0          0          0   libinit.o
        38          0          0          0          0          0   libinit2.o
         2          0          0          0          0          0   libshutdown.o
         2          0          0          0          0          0   libshutdown2.o
         8          4          0          0         96         68   libspace.o
        38          0          0          0          0         68   llshl.o
        16          4          0          0          0         76   rt_ctype_table.o
         8          4          0          0          0         68   rt_errno_addr_intlibspace.o
         8          4          0          0          0         68   rt_locale_intlibspace.o
       138          0          0          0          0         68   rt_memcpy_v6.o
       100          0          0          0          0         80   rt_memcpy_w.o
         2          0          0          0          0          0   rtexit.o
        10          0          0          0          0          0   rtexit2.o
      1272         16          0          0          0        168   scanf_fp.o
       800         14          0          0          0        100   scanf_hexfp.o
       308         16          0          0          0        100   scanf_infnan.o
       124          0          0          0          0         88   strcmpv7m_pel.o
       176         14          0          0          0        124   strtod.o
        12          4          0          0          0         68   sys_exit.o
        74          0          0          0          0         80   sys_stackheap_outer.o
         2          0          0          0          0         68   use_no_semi.o
        16          4          0          0          0        116   dcheck1.o
         0          0         16          0          0          0   fpconst.o
        26          0          0          0          0        116   fpinit.o
         6          0          0          0          0        116   istatus.o
       100          0          0          0          0        116   retnan.o
        92          0          0          0          0        116   scalbn.o
         4          0          0          0          0        116   scanf1.o
         8          0          0          0          0        132   scanf2.o
        48          0          0          0          0        116   trapv.o
         0          0          0          0          0          0   usenofp.o
        56         10          0          0          0        132   atof.o
        48         28          0          0          0        232   dunder.o
       140         22          0          0          0        128   frexp.o
       166          0          0          0          0        148   ldexp.o
       214         10          0          0          0        292   narrow.o

    ----------------------------------------------------------------------
      6712        330        464          0         96       4944   Library Totals
        20          0          0          0          0          0   (incl. Padding)

    ----------------------------------------------------------------------

      Code (inc. data)   RO Data    RW Data    ZI Data      Debug   Library Name

      5768        256        448          0         96       3068   c_w.l
       300          4         16          0          0        944   fz_wv.l
       624         70          0          0          0        932   m_wv.l

    ----------------------------------------------------------------------
      6712        330        464          0         96       4944   Library Totals

    ----------------------------------------------------------------------

==============================================================================


      Code (inc. data)   RO Data    RW Data    ZI Data      Debug   

     13344        404       1056         12       2120      39679   Grand Totals
     13344        404       1056         12       2120      39679   ELF Image Totals
     13344        404       1056         12          0          0   ROM Totals

==============================================================================

    Total RO  Size (Code + RO Data)                14400 (  14.06kB)
    Total RW  Size (RW Data + ZI Data)              2132 (   2.08kB)
    Total ROM Size (Code + RO Data + RW Data)      14412 (  14.07kB)

==============================================================================

