Log started at 25.04.2026	11:55:21
Number of used processors (NPROC): 12.
Number of mesh partitions (NPART): 12.
Total Physical Memory = 15.33 Gb, Available Physical Memory = 7.33 Gb
Computer name:	MANUNKIND
Operating system:	Windows 11 (or higher) (Version 10.0.26200)

Commandline:	"C:\Program Files\SOLIDWORKS Corp\SOLIDWORKS Flow Simulation\BINCFW\efdsolver.exe" /config:"C:\Cursando\Termofluidos\Proyecto\2\2.xmlconfig" /guid:a840fa9c-cbf9-4936-acdf-149a101fca4d /processors:max /m /s /prjnamelm:"Flow Simulation 2025" /prjnamehabout:"Flow Simulation 2025" /companyname:"COSMOS Applications" /prjaliasid:1002 /lang:English /port:56511

SOLIDWORKS 2025 SP5.0
Flow Simulation 2025  x64 / 6875

Project: C:\Cursando\Termofluidos\Proyecto\2\2.xmlconfig
Configuration name: Default
Project name: Turbina
Problem type: external-type
Exclude cavities without flow conditions: ON
NGK: OFF
MBO: OFF
-----------------------------------------------------------------------
Mesher option run = eRunMesherNormal
-----------------------------------------------------------------------

Mesh generation started:	25.4.2026	11:55:21
-----------------------------------------------------------------------
Memory Working Set Current = 18.35 Mb, Memory Working Set Peak = 18.35 Mb
Memory Private Bytes Current = 12.98 Mb, Memory Private Bytes Peak = 12.98 Mb
Process Threads Number: 8
-----------------------------------------------------------------------
Mesher adjust APD = OFF; AdjustAPD_method=0; N_per_Channel = 0; N2_per_Channel = 0
Current CPU = 0 sec
-----------------------------------------------------------------------
Geometries initialization:
-----------------------------------------------------------------------
Loading mesh settings (global/local)...
-----------------------------------------------------------------------
Number of geometries from DB: 1
Geometry(0):
	Guid = {00000000-0000-0000-0000-000000000000}
	Fluid..
	1 Body.
	2 Real bodies.
	-- Bodyset 0 --
		Tolerance=2.12294e-05.
		353 Face(s).
			353 of b-spline type.
		0 Face(s) that have no ref faces
		178 Plane surface(s).
		161 Cylinder surface(s).
		1 Cone surface(s).
		7 Torus surface(s).
		6 B- surface(s).
		61134 Triangle(s).
		Getting triangle connectivities from DB: 0.002 s
		873 Edge(s).
			873 of b-spline type.
		BodyGeom reading: 0.033 s.
		353 Reference Face(s).
		61134 Reference Triangles.
		Getting triangle connectivities from DB (Ref): 0.002 s
		BodyGeom Ref reading: 0.006 s.
Geometry(1):
	Solid.
	-- Bodyset 1 --
	Empty
-----------------------------------------------------------------------
Calculating t-connected sets:
BodySet (0):
		Number of t-connected sets:2 (cavity=1)
BodySet (1):
no log info (empty stream)

Calculating t-connected sets takes 0.007 s
-----------------------------------------------------------------------
Number of geometries in task: 2
	G : 0	Type: Fluid	Bodies: 1		Faces: 353		Edges: 873		Triangles: 61134
	G : 1	Type: Solid	Bodies: 0		Faces: 0		Edges: 0		Triangles: 0
Number of bodysets in task: 2

Bodies:     1
Faces:      353
Edges:      873
Triangles:  61134
-----------------------------------------------------------------------
BodySet (0):
	Making hash and connectivity for Bodyset ...
		CBodyGeom:
		Hashing triangles...Ok.
		Hash size: {40, 32, 32}.
		Mesh size: {10, 8, 8}.
			axis(0) tr sizes: average=132 max=4006
			axis(1) tr sizes: average=151 max=3680
			axis(2) tr sizes: average=146 max=5520
		CBodyGeomRef:
		Hashing triangles...Ok.
		Hash size: {10, 8, 8}.
		Mesh size: {10, 8, 8}.
			axis(0) tr sizes: average=1142 max=15083
			axis(1) tr sizes: average=1203 max=16757
			axis(2) tr sizes: average=1199 max=16412
	0.029 s.
Geometries reading and preparing has taken 0.095 s.
-----------------------------------------------------------------------
Mapped triangles:
Hashing rough geometry(bodies) triangulation:
BodySet (0):
	Triangles num=61134
	Triangles box={0.662636 ,0.827936 ,0.858669 ,0.953667 ,1.27749 ,1.36999}
		3d-hash size is 319088 bytes
BodySet (1):
no log info (empty stream)

Hashing peculiar surfaces triangles:
Surface triangles (0):
	Triangles num=28
	Triangles box={0.663699 ,0.663699 ,0.906616 ,0.910724 ,1.30676 ,1.31087}
		3d-hash size is 2780 bytes
Surface triangles (1):
	Triangles num=28
	Triangles box={0.74558 ,0.749683 ,0.870997 ,0.875105 ,1.27855 ,1.27855}
		3d-hash size is 2680 bytes

MMP (mapped_tr): locals=4, allc_sz=5.17 MB (0.00 MB), used_sz=4.59 MB, blk_sz=(0.02 MB/0.25 MB), blks-min-max=1/29 (big 0/0)
Free work mem pool...OK (0.002 s)
Mapped triangles processed in 0.036 s.
-----------------------------------------------------------------------
-----------------------------------------------------------------------
Getting sectors:
Number of sectors: 0
-----------------------------------------------------------------------
Current CPU = 0 sec
-----------------------------------------------------------------------
Memory Working Set Current = 57.22 Mb, Memory Working Set Peak = 73.35 Mb
Memory Private Bytes Current = 63.90 Mb, Memory Private Bytes Peak = 82.22 Mb
Process Threads Number: 19
-----------------------------------------------------------------------
-----------------------------------------------------------------------
Checking faces on CD...
FCD = [0 0 0 0 0 0]
FCD_conflicts = 0
Time (check faces on CD)=0.001 s
-----------------------------------------------------------------------

-----------------------------------------------------------------------
Mesh dimensions:
				I[0 ]=10
				I[1 ]=8
				I[2 ]=8

Comp. domain size:
				a[0  ]=0.658404
				a[1  ]=0.831883
				a[2  ]=0.854844
				a[3  ]=0.960358
				a[4  ]=1.27186
				a[5  ]=1.37522

Fluid calculated			1
Solid calculated			0
-----------------------------------------------------------------------
MESH Build started...
-----------------------------------------------------------------------
Mesh LEVEL = 4
-----------------------------------------------------------------------
-----------------------------------------------------------------------
CPT-mode xeps:
	D / dh / eps [axis=0] = (0.173479, 0.0010839, 1.0839e-06)
	D / dh / eps [axis=1] = (0.105515, 0.000801961, 8.01961e-07)
	D / dh / eps [axis=2] = (0.10336, 0.000807086, 8.07086e-07)
-----------------------------------------------------------------------
Initial allocation and brick-body-box intersection...OK (0.000 s)
Initial triangle brick intersection...OK (0.000 s)
Setting regions (640 / 640)...OK (0.000 s)
-----------------------------------------------------------------------
Base mesh info:
	3D task
	Nx=10
	Ny=8
	Nz=8
	N(Nx*Ny*Nz) = 80
	Period    axis=[0, 0, 0]
	Symmetry  ni=[0 0 0 0 0 0]
	ZoomingBC ni=[0 0 0 0 0 0]
	Nx=10
		x[0]=0.658404
		x[1]=0.675758
		x[2]=0.693106
		x[3]=0.710453
		x[4]=0.727801
		x[5]=0.745149
		x[6]=0.762497
		x[7]=0.779845
		x[8]=0.797193
		x[9]=0.814541
		x[10]=0.831883
	Ny=8
		y[0]=0.854844
		y[1]=0.867679
		y[2]=0.88051
		y[3]=0.893342
		y[4]=0.906173
		y[5]=0.91972
		y[6]=0.933268
		y[7]=0.946815
		y[8]=0.960358
	Nz=8
		z[0]=1.27186
		z[1]=1.28478
		z[2]=1.29771
		z[3]=1.31063
		z[4]=1.32355
		z[5]=1.33647
		z[6]=1.34939
		z[7]=1.3623
		z[8]=1.37522
-----------------------------------------------------------------------
Input_mesh_settings--------------------------------
Settings 0----------------
	Scope: GLOBAL
	Type:	------MESHER_SETTINGS----------
	RefAllCells           =0
	RefFluidCells         =0
	RefPartCells          =0
	RefSolidCells         =0
	l_SSFR(Capture crit)  =4
	l_curv(Curvature crit)=0
	l_tol(Tolerance crit) =4
	  k_tol               =0.00104064
	UseChannelRef         =1
	  NCR_method          =0
	  l_NCR               =2
	  N_gap               =5
	  Use d_NCR_min       =0
	  Use d_NCR_max       =0
	CloseThinSlotsHeight         =0
	--END_OF_MESHER_SETTINGS-------
End of input mesh settings-------------------------
-----------------------------------------------------------------------
Memory Working Set Current = 57.96 Mb, Memory Working Set Peak = 73.35 Mb
Memory Private Bytes Current = 64.71 Mb, Memory Private Bytes Peak = 82.22 Mb
Process Threads Number: 19
-----------------------------------------------------------------------
MMP (gbs): locals=3, allc_sz=35.36 MB (0.00 MB), used_sz=32.41 MB, blk_sz=(0.02 MB/6.76 MB), blks-min-max=1/7 (big 0/0)
MMP (cpt_rgs): locals=0, allc_sz=0.00 MB (0.00 MB), used_sz=0.00 MB, blk_sz=(0.00 MB/0.00 MB), blks-min-max=0/0 (big 0/0)
MMP (slv_rgs): locals=0, allc_sz=0.00 MB (0.00 MB), used_sz=0.00 MB, blk_sz=(0.00 MB/0.00 MB), blks-min-max=0/0 (big 0/0)
MMP (msh): locals=12, allc_sz=0.28 MB (0.00 MB), used_sz=0.08 MB, blk_sz=(0.02 MB/0.04 MB), blks-min-max=1/3 (big 0/0)
MMP (brx): locals=12, allc_sz=0.21 MB (0.00 MB), used_sz=0.05 MB, blk_sz=(0.02 MB/0.02 MB), blks-min-max=1/1 (big 0/0)
MMP (bcf): locals=0, allc_sz=0.00 MB (0.00 MB), used_sz=0.00 MB, blk_sz=(0.00 MB/0.00 MB), blks-min-max=0/0 (big 0/0)
MMP (xsl): locals=1, allc_sz=0.02 MB (0.00 MB), used_sz=0.00 MB, blk_sz=(0.02 MB/0.02 MB), blks-min-max=1/1 (big 0/0)
NxNyNz = [10, 8, 8]
base_dx=0.0144857; 
NxNyNz_reverse = [12, 7, 7]

-----------------------------------------------------------------------
Refining geometries:
-----------------------------------------------------------------------

-----------------------------------------------------------------------
Refining by triangulation...
Refinement input: 640 bricks
	Checking crit (640 / 640)...213 marked (0.022 s)
	Time(refinement): 0.000 s
Setting regions (1704 / 2131)...OK (0.000 s)
	Checking crit (1704 / 2131)...559 marked (0.019 s)
	Time(refinement): 0.000 s
Setting regions (5760 / 7171)...OK (0.000 s)
	Checking crit (5760 / 7171)...1131 marked (0.020 s)
	Time(refinement): 0.001 s
Setting regions (13872 / 19309)...OK (0.000 s)
	Checking crit (13872 / 19309)...994 marked (0.037 s)
	Time(refinement): 0.001 s
Setting regions (14968 / 32406)...OK (0.001 s)
	Checking crit (7048 / 32406)...2 marked (0.011 s)
	Time(refinement): 0.000 s
Setting regions (24 / 32427)...OK (0.000 s)
	Checking crit (8 / 32427)...0 marked (0.000 s)
Refinement result (5 iterations): 32427 bricks (0.120 s)
Refinement input: 32427 bricks
	Checking crit (24491 / 32427)...2 marked (0.007 s)
	Time(refinement): 0.000 s
Setting regions (40 / 32462)...OK (0.000 s)
	Checking crit (24 / 32462)...0 marked (0.000 s)
Refinement result (1 iterations): 32462 bricks (0.010 s)
Collecting and processing rays:
	Adding rays...OK (0.003 s)
	Adding flags...OK (0.002 s)
	new bricks = 32462 / 32462
	new rays   = 11468 (x=4778, y=3531, z=3159)
	Processing rays...
		Rays process: Total time: 0.069, count: 1, Average time: 0.069, Maximum time: 0.069
		Sort xstacks: Total time: 0.001, count: 1, Average time: 0.001, Maximum time: 0.001
		Put xstacks:  Total time: 0.002, count: 1, Average time: 0.002, Maximum time: 0.002
		Total:         0.073 s
	Correcting rays...
		Lame vertices: Total time: 0.010, count: 3, Average time: 0.003, Maximum time: 0.004
		Bad rays:      Total time: 0.000, count: 1, Average time: 0.000, Maximum time: 0.000
		Emit rays:     Total time: 0.008, count: 1, Average time: 0.008, Maximum time: 0.008
		Correct ray f: Total time: 0.000, count: 1, Average time: 0.000, Maximum time: 0.000
		Undef:         Total time: 0.000, count: 1, Average time: 0.000, Maximum time: 0.000
		Sum:           Total time: 0.018, count: 1, Average time: 0.018, Maximum time: 0.018
		Total:         0.019 s
	Time (rays): 0.098 s
	Calls                11468
	CorrectRay Calls     0
Capturing (32462 / 32462)...
Capturing takes (0.004 s)
Refining by triangulation takes 0.232 s
-----------------------------------------------------------------------

-----------------------------------------------------------------------
Refining 2 peculiar surfaces...
Collecting and processing rays:
	Adding rays...OK (0.000 s)
	Adding flags...OK (0.000 s)
	new bricks = 0 / 32462
	new rays   = 0 (x=0, y=0, z=0)
	Processing rays...
		Rays process: Total time: 0.000, count: 1, Average time: 0.000, Maximum time: 0.000
		Sort xstacks: Total time: 0.000, count: 1, Average time: 0.000, Maximum time: 0.000
		Put xstacks:  Total time: 0.000, count: 1, Average time: 0.000, Maximum time: 0.000
		Total:         0.000 s
	Correcting rays...
		Total:         0.000 s
	Time (rays): 0.002 s
	Calls                0
	CorrectRay Calls     0
Capturing (0 / 32462)...
Capturing takes (0.000 s)
0 surfaces refined
Refining peculiar surfaces takes 0.003 s
-----------------------------------------------------------------------

-----------------------------------------------------------------------
Base mesh 1 Refining...
Collecting and processing rays:
	Adding rays...OK (0.000 s)
	Adding flags...OK (0.000 s)
	new bricks = 0 / 32462
	new rays   = 0 (x=0, y=0, z=0)
	Processing rays...
		Rays process: Total time: 0.000, count: 1, Average time: 0.000, Maximum time: 0.000
		Sort xstacks: Total time: 0.000, count: 1, Average time: 0.000, Maximum time: 0.000
		Put xstacks:  Total time: 0.000, count: 1, Average time: 0.000, Maximum time: 0.000
		Total:         0.000 s
	Correcting rays...
		Total:         0.000 s
	Time (rays): 0.001 s
	Calls                0
	CorrectRay Calls     0
Capturing (0 / 32462)...
Capturing takes (0.000 s)
Refinement input: 32462 bricks
	Checking crit (24510 / 32462)...0 marked (0.000 s)
Refinement result (0 iterations): 32462 bricks (0.000 s)
-----------------------------------------------------------------------
Refining channels...
FYI: CNarrowChannelRefiner::RefineChannels_PRLL
Refinement input: 32462 bricks
	Time(refinement): 0.000 s
Setting regions (1200 / 33512)...OK (0.000 s)
Refinement result (1 iterations): 33512 bricks (0.002 s)
Collecting and processing rays:
	Adding rays...OK (0.000 s)
	Adding flags...OK (0.000 s)
	new bricks = 1200 / 33512
	new rays   = 30 (x=11, y=4, z=15)
	Processing rays...
		Rays process: Total time: 0.000, count: 1, Average time: 0.000, Maximum time: 0.000
		Sort xstacks: Total time: 0.000, count: 1, Average time: 0.000, Maximum time: 0.000
		Put xstacks:  Total time: 0.000, count: 1, Average time: 0.000, Maximum time: 0.000
		Total:         0.001 s
	Correcting rays...
		Lame vertices: Total time: 0.000, count: 1, Average time: 0.000, Maximum time: 0.000
		Bad rays:      No data
		Emit rays:     No data
		Correct ray f: No data
		Undef:         Total time: 0.000, count: 1, Average time: 0.000, Maximum time: 0.000
		Sum:           Total time: 0.000, count: 1, Average time: 0.000, Maximum time: 0.000
		Total:         0.001 s
	Time (rays): 0.002 s
	Calls                30
	CorrectRay Calls     0
Capturing (1200 / 33512)...
Capturing takes (0.001 s)
FYI: m_iteration_count = 0
Level1 statistics:
     level1_cnt_plus[1]=1200;		level1_cnt_minus[1]=0
     level1_cnt_plus[2]=0;		level1_cnt_minus[2]=0
     level1_cnt_plus[3]=0;		level1_cnt_minus[3]=0
     level1_cnt_plus[4]=0;		level1_cnt_minus[4]=0
     level1_cnt_plus[5]=0;		level1_cnt_minus[5]=0
     level1_cnt_plus[6]=0;		level1_cnt_minus[6]=0
     level1_cnt_plus[7]=0;		level1_cnt_minus[7]=0
     level1_cnt_plus[8]=0;		level1_cnt_minus[8]=0
     level1_cnt_plus[9]=0;		level1_cnt_minus[9]=0
Refinement input: 33512 bricks
	Time(refinement): 0.000 s
Setting regions (88 / 33589)...OK (0.000 s)
Refinement result (1 iterations): 33589 bricks (0.002 s)
Collecting and processing rays:
	Adding rays...OK (0.000 s)
	Adding flags...OK (0.000 s)
	new bricks = 88 / 33589
	new rays   = 0 (x=0, y=0, z=0)
	Processing rays...
		Rays process: Total time: 0.000, count: 1, Average time: 0.000, Maximum time: 0.000
		Sort xstacks: Total time: 0.000, count: 1, Average time: 0.000, Maximum time: 0.000
		Put xstacks:  Total time: 0.000, count: 1, Average time: 0.000, Maximum time: 0.000
		Total:         0.000 s
	Correcting rays...
		Total:         0.000 s
	Time (rays): 0.001 s
	Calls                0
	CorrectRay Calls     0
Capturing (88 / 33589)...
Capturing takes (0.000 s)
FYI: m_iteration_count = 1
Level1 statistics:
     level1_cnt_plus[1]=1288;		level1_cnt_minus[1]=0
     level1_cnt_plus[2]=0;		level1_cnt_minus[2]=0
     level1_cnt_plus[3]=0;		level1_cnt_minus[3]=0
     level1_cnt_plus[4]=0;		level1_cnt_minus[4]=0
     level1_cnt_plus[5]=0;		level1_cnt_minus[5]=0
     level1_cnt_plus[6]=0;		level1_cnt_minus[6]=0
     level1_cnt_plus[7]=0;		level1_cnt_minus[7]=0
     level1_cnt_plus[8]=0;		level1_cnt_minus[8]=0
     level1_cnt_plus[9]=0;		level1_cnt_minus[9]=0
Refinement input: 33589 bricks
	Time(refinement): 0.000 s
Setting regions (32 / 33617)...OK (0.000 s)
Refinement result (1 iterations): 33617 bricks (0.002 s)
Collecting and processing rays:
	Adding rays...OK (0.000 s)
	Adding flags...OK (0.000 s)
	new bricks = 32 / 33617
	new rays   = 0 (x=0, y=0, z=0)
	Processing rays...
		Rays process: Total time: 0.000, count: 1, Average time: 0.000, Maximum time: 0.000
		Sort xstacks: Total time: 0.000, count: 1, Average time: 0.000, Maximum time: 0.000
		Put xstacks:  Total time: 0.000, count: 1, Average time: 0.000, Maximum time: 0.000
		Total:         0.000 s
	Correcting rays...
		Total:         0.000 s
	Time (rays): 0.001 s
	Calls                0
	CorrectRay Calls     0
Capturing (32 / 33617)...
Capturing takes (0.000 s)
FYI: m_iteration_count = 2
Level1 statistics:
     level1_cnt_plus[1]=1320;		level1_cnt_minus[1]=0
     level1_cnt_plus[2]=0;		level1_cnt_minus[2]=0
     level1_cnt_plus[3]=0;		level1_cnt_minus[3]=0
     level1_cnt_plus[4]=0;		level1_cnt_minus[4]=0
     level1_cnt_plus[5]=0;		level1_cnt_minus[5]=0
     level1_cnt_plus[6]=0;		level1_cnt_minus[6]=0
     level1_cnt_plus[7]=0;		level1_cnt_minus[7]=0
     level1_cnt_plus[8]=0;		level1_cnt_minus[8]=0
     level1_cnt_plus[9]=0;		level1_cnt_minus[9]=0
Refinement input: 33617 bricks
	Time(refinement): 0.000 s
Setting regions (16 / 33631)...OK (0.000 s)
Refinement result (1 iterations): 33631 bricks (0.002 s)
Collecting and processing rays:
	Adding rays...OK (0.000 s)
	Adding flags...OK (0.000 s)
	new bricks = 16 / 33631
	new rays   = 0 (x=0, y=0, z=0)
	Processing rays...
		Rays process: Total time: 0.000, count: 1, Average time: 0.000, Maximum time: 0.000
		Sort xstacks: Total time: 0.000, count: 1, Average time: 0.000, Maximum time: 0.000
		Put xstacks:  Total time: 0.000, count: 1, Average time: 0.000, Maximum time: 0.000
		Total:         0.000 s
	Correcting rays...
		Total:         0.000 s
	Time (rays): 0.001 s
	Calls                0
	CorrectRay Calls     0
Capturing (16 / 33631)...
Capturing takes (0.000 s)
FYI: m_iteration_count = 3
Level1 statistics:
     level1_cnt_plus[1]=1336;		level1_cnt_minus[1]=0
     level1_cnt_plus[2]=0;		level1_cnt_minus[2]=0
     level1_cnt_plus[3]=0;		level1_cnt_minus[3]=0
     level1_cnt_plus[4]=0;		level1_cnt_minus[4]=0
     level1_cnt_plus[5]=0;		level1_cnt_minus[5]=0
     level1_cnt_plus[6]=0;		level1_cnt_minus[6]=0
     level1_cnt_plus[7]=0;		level1_cnt_minus[7]=0
     level1_cnt_plus[8]=0;		level1_cnt_minus[8]=0
     level1_cnt_plus[9]=0;		level1_cnt_minus[9]=0
Refinement input: 33631 bricks
	Time(refinement): 0.000 s
Setting regions (16 / 33645)...OK (0.000 s)
Refinement result (1 iterations): 33645 bricks (0.002 s)
Collecting and processing rays:
	Adding rays...OK (0.000 s)
	Adding flags...OK (0.000 s)
	new bricks = 16 / 33645
	new rays   = 1 (x=1, y=0, z=0)
	Processing rays...
		Rays process: Total time: 0.000, count: 1, Average time: 0.000, Maximum time: 0.000
		Sort xstacks: Total time: 0.000, count: 1, Average time: 0.000, Maximum time: 0.000
		Put xstacks:  Total time: 0.000, count: 1, Average time: 0.000, Maximum time: 0.000
		Total:         0.000 s
	Correcting rays...
		Lame vertices: Total time: 0.000, count: 1, Average time: 0.000, Maximum time: 0.000
		Bad rays:      No data
		Emit rays:     No data
		Correct ray f: No data
		Undef:         Total time: 0.000, count: 1, Average time: 0.000, Maximum time: 0.000
		Sum:           Total time: 0.000, count: 1, Average time: 0.000, Maximum time: 0.000
		Total:         0.001 s
	Time (rays): 0.002 s
	Calls                1
	CorrectRay Calls     0
Capturing (16 / 33645)...
Capturing takes (0.000 s)
FYI: m_iteration_count = 4
Level1 statistics:
     level1_cnt_plus[1]=1352;		level1_cnt_minus[1]=0
     level1_cnt_plus[2]=0;		level1_cnt_minus[2]=0
     level1_cnt_plus[3]=0;		level1_cnt_minus[3]=0
     level1_cnt_plus[4]=0;		level1_cnt_minus[4]=0
     level1_cnt_plus[5]=0;		level1_cnt_minus[5]=0
     level1_cnt_plus[6]=0;		level1_cnt_minus[6]=0
     level1_cnt_plus[7]=0;		level1_cnt_minus[7]=0
     level1_cnt_plus[8]=0;		level1_cnt_minus[8]=0
     level1_cnt_plus[9]=0;		level1_cnt_minus[9]=0
Refinement input: 33645 bricks
	Time(refinement): 0.000 s
Setting regions (16 / 33659)...OK (0.000 s)
Refinement result (1 iterations): 33659 bricks (0.002 s)
Collecting and processing rays:
	Adding rays...OK (0.000 s)
	Adding flags...OK (0.000 s)
	new bricks = 16 / 33659
	new rays   = 0 (x=0, y=0, z=0)
	Processing rays...
		Rays process: Total time: 0.000, count: 1, Average time: 0.000, Maximum time: 0.000
		Sort xstacks: Total time: 0.000, count: 1, Average time: 0.000, Maximum time: 0.000
		Put xstacks:  Total time: 0.000, count: 1, Average time: 0.000, Maximum time: 0.000
		Total:         0.000 s
	Correcting rays...
		Total:         0.000 s
	Time (rays): 0.001 s
	Calls                0
	CorrectRay Calls     0
Capturing (16 / 33659)...
Capturing takes (0.000 s)
FYI: m_iteration_count = 5
Level1 statistics:
     level1_cnt_plus[1]=1368;		level1_cnt_minus[1]=0
     level1_cnt_plus[2]=0;		level1_cnt_minus[2]=0
     level1_cnt_plus[3]=0;		level1_cnt_minus[3]=0
     level1_cnt_plus[4]=0;		level1_cnt_minus[4]=0
     level1_cnt_plus[5]=0;		level1_cnt_minus[5]=0
     level1_cnt_plus[6]=0;		level1_cnt_minus[6]=0
     level1_cnt_plus[7]=0;		level1_cnt_minus[7]=0
     level1_cnt_plus[8]=0;		level1_cnt_minus[8]=0
     level1_cnt_plus[9]=0;		level1_cnt_minus[9]=0
Refinement input: 33659 bricks
	Time(refinement): 0.000 s
Setting regions (8 / 33666)...OK (0.000 s)
Refinement result (1 iterations): 33666 bricks (0.002 s)
Collecting and processing rays:
	Adding rays...OK (0.000 s)
	Adding flags...OK (0.000 s)
	new bricks = 8 / 33666
	new rays   = 0 (x=0, y=0, z=0)
	Processing rays...
		Rays process: Total time: 0.000, count: 1, Average time: 0.000, Maximum time: 0.000
		Sort xstacks: Total time: 0.000, count: 1, Average time: 0.000, Maximum time: 0.000
		Put xstacks:  Total time: 0.000, count: 1, Average time: 0.000, Maximum time: 0.000
		Total:         0.000 s
	Correcting rays...
		Total:         0.000 s
	Time (rays): 0.001 s
	Calls                0
	CorrectRay Calls     0
Capturing (8 / 33666)...
Capturing takes (0.000 s)
FYI: m_iteration_count = 6
Level1 statistics:
     level1_cnt_plus[1]=1376;		level1_cnt_minus[1]=0
     level1_cnt_plus[2]=0;		level1_cnt_minus[2]=0
     level1_cnt_plus[3]=0;		level1_cnt_minus[3]=0
     level1_cnt_plus[4]=0;		level1_cnt_minus[4]=0
     level1_cnt_plus[5]=0;		level1_cnt_minus[5]=0
     level1_cnt_plus[6]=0;		level1_cnt_minus[6]=0
     level1_cnt_plus[7]=0;		level1_cnt_minus[7]=0
     level1_cnt_plus[8]=0;		level1_cnt_minus[8]=0
     level1_cnt_plus[9]=0;		level1_cnt_minus[9]=0
FYI: m_iteration_count = 7
Level1 statistics:
     level1_cnt_plus[1]=1376;		level1_cnt_minus[1]=0
     level1_cnt_plus[2]=0;		level1_cnt_minus[2]=0
     level1_cnt_plus[3]=0;		level1_cnt_minus[3]=0
     level1_cnt_plus[4]=0;		level1_cnt_minus[4]=0
     level1_cnt_plus[5]=0;		level1_cnt_minus[5]=0
     level1_cnt_plus[6]=0;		level1_cnt_minus[6]=0
     level1_cnt_plus[7]=0;		level1_cnt_minus[7]=0
     level1_cnt_plus[8]=0;		level1_cnt_minus[8]=0
     level1_cnt_plus[9]=0;		level1_cnt_minus[9]=0
Refinement input: 33666 bricks
	Time(refinement): 0.000 s
Setting regions (3424 / 36662)...OK (0.000 s)
Refinement result (1 iterations): 36662 bricks (0.002 s)
Collecting and processing rays:
	Adding rays...OK (0.000 s)
	Adding flags...OK (0.000 s)
	new bricks = 3424 / 36662
	new rays   = 17 (x=17, y=0, z=0)
	Processing rays...
		Rays process: Total time: 0.000, count: 1, Average time: 0.000, Maximum time: 0.000
		Sort xstacks: Total time: 0.000, count: 1, Average time: 0.000, Maximum time: 0.000
		Put xstacks:  Total time: 0.000, count: 1, Average time: 0.000, Maximum time: 0.000
		Total:         0.000 s
	Correcting rays...
		Lame vertices: Total time: 0.000, count: 1, Average time: 0.000, Maximum time: 0.000
		Bad rays:      No data
		Emit rays:     No data
		Correct ray f: No data
		Undef:         Total time: 0.000, count: 1, Average time: 0.000, Maximum time: 0.000
		Sum:           Total time: 0.000, count: 1, Average time: 0.000, Maximum time: 0.000
		Total:         0.001 s
	Time (rays): 0.002 s
	Calls                17
	CorrectRay Calls     0
Capturing (3424 / 36662)...
Capturing takes (0.001 s)
FYI: m_iteration_count = 8
Level1 statistics:
     level1_cnt_plus[1]=4800;		level1_cnt_minus[1]=0
     level1_cnt_plus[2]=0;		level1_cnt_minus[2]=0
     level1_cnt_plus[3]=0;		level1_cnt_minus[3]=0
     level1_cnt_plus[4]=0;		level1_cnt_minus[4]=0
     level1_cnt_plus[5]=0;		level1_cnt_minus[5]=0
     level1_cnt_plus[6]=0;		level1_cnt_minus[6]=0
     level1_cnt_plus[7]=0;		level1_cnt_minus[7]=0
     level1_cnt_plus[8]=0;		level1_cnt_minus[8]=0
     level1_cnt_plus[9]=0;		level1_cnt_minus[9]=0
Refinement input: 36662 bricks
	Time(refinement): 0.000 s
Setting regions (8 / 36669)...OK (0.000 s)
Refinement result (1 iterations): 36669 bricks (0.002 s)
Collecting and processing rays:
	Adding rays...OK (0.000 s)
	Adding flags...OK (0.000 s)
	new bricks = 8 / 36669
	new rays   = 0 (x=0, y=0, z=0)
	Processing rays...
		Rays process: Total time: 0.000, count: 1, Average time: 0.000, Maximum time: 0.000
		Sort xstacks: Total time: 0.000, count: 1, Average time: 0.000, Maximum time: 0.000
		Put xstacks:  Total time: 0.000, count: 1, Average time: 0.000, Maximum time: 0.000
		Total:         0.000 s
	Correcting rays...
		Total:         0.000 s
	Time (rays): 0.001 s
	Calls                0
	CorrectRay Calls     0
Capturing (8 / 36669)...
Capturing takes (0.000 s)
FYI: m_iteration_count = 9
Level1 statistics:
     level1_cnt_plus[1]=4808;		level1_cnt_minus[1]=0
     level1_cnt_plus[2]=0;		level1_cnt_minus[2]=0
     level1_cnt_plus[3]=0;		level1_cnt_minus[3]=0
     level1_cnt_plus[4]=0;		level1_cnt_minus[4]=0
     level1_cnt_plus[5]=0;		level1_cnt_minus[5]=0
     level1_cnt_plus[6]=0;		level1_cnt_minus[6]=0
     level1_cnt_plus[7]=0;		level1_cnt_minus[7]=0
     level1_cnt_plus[8]=0;		level1_cnt_minus[8]=0
     level1_cnt_plus[9]=0;		level1_cnt_minus[9]=0
FYI: m_iteration_count = 10
Level1 statistics:
     level1_cnt_plus[1]=4808;		level1_cnt_minus[1]=0
     level1_cnt_plus[2]=0;		level1_cnt_minus[2]=0
     level1_cnt_plus[3]=0;		level1_cnt_minus[3]=0
     level1_cnt_plus[4]=0;		level1_cnt_minus[4]=0
     level1_cnt_plus[5]=0;		level1_cnt_minus[5]=0
     level1_cnt_plus[6]=0;		level1_cnt_minus[6]=0
     level1_cnt_plus[7]=0;		level1_cnt_minus[7]=0
     level1_cnt_plus[8]=0;		level1_cnt_minus[8]=0
     level1_cnt_plus[9]=0;		level1_cnt_minus[9]=0
Level1 statistics:
     level1_cnt_plus[1]=4808;		level1_cnt_minus[1]=0
     level1_cnt_plus[2]=0;		level1_cnt_minus[2]=0
     level1_cnt_plus[3]=0;		level1_cnt_minus[3]=0
     level1_cnt_plus[4]=0;		level1_cnt_minus[4]=0
     level1_cnt_plus[5]=0;		level1_cnt_minus[5]=0
     level1_cnt_plus[6]=0;		level1_cnt_minus[6]=0
     level1_cnt_plus[7]=0;		level1_cnt_minus[7]=0
     level1_cnt_plus[8]=0;		level1_cnt_minus[8]=0
     level1_cnt_plus[9]=0;		level1_cnt_minus[9]=0

-----------------------------------------------------------------------
U-shapes refinement...
Refinement input: 36669 bricks
	Checking crit (28717 / 36669)...12 marked (0.004 s)
	Time(refinement): 0.000 s
Setting regions (136 / 36788)...OK (0.001 s)
	Checking crit (72 / 36788)...4 marked (0.000 s)
	Time(refinement): 0.000 s
Setting regions (48 / 36830)...OK (0.000 s)
	Checking crit (16 / 36830)...0 marked (0.000 s)
Refinement result (2 iterations): 36830 bricks (0.010 s)
Collecting and processing rays:
	Adding rays...OK (0.000 s)
	Adding flags...OK (0.000 s)
	new bricks = 180 / 36830
	new rays   = 63 (x=23, y=1, z=39)
	Processing rays...
		Rays process: Total time: 0.000, count: 1, Average time: 0.000, Maximum time: 0.000
		Sort xstacks: Total time: 0.000, count: 1, Average time: 0.000, Maximum time: 0.000
		Put xstacks:  Total time: 0.000, count: 1, Average time: 0.000, Maximum time: 0.000
		Total:         0.001 s
	Correcting rays...
		Lame vertices: Total time: 0.000, count: 1, Average time: 0.000, Maximum time: 0.000
		Bad rays:      No data
		Emit rays:     No data
		Correct ray f: No data
		Undef:         Total time: 0.000, count: 1, Average time: 0.000, Maximum time: 0.000
		Sum:           Total time: 0.000, count: 1, Average time: 0.000, Maximum time: 0.000
		Total:         0.001 s
	Time (rays): 0.002 s
	Calls                63
	CorrectRay Calls     0
Capturing (180 / 36830)...
Capturing takes (0.001 s)
-----------------------------------------------------------------------
-----------------------------------------------------------------------
Equi Distant Refiner Objects:
-----------------------------------------------------------------------
-----------------------------------------------------------------------
Equi Distant Refiner:
Equi Distant Refiner takes 0.00 s
-----------------------------------------------------------------------
	Calls                0
	CorrectRay Calls     0

-----------------------------------------------------------------------
Refining geometries takes 0.817 s
-----------------------------------------------------------------------
-----------------------------------------------------------------------
Memory Working Set Current = 132.30 Mb, Memory Working Set Peak = 132.30 Mb
Memory Private Bytes Current = 136.94 Mb, Memory Private Bytes Peak = 136.94 Mb
Process Threads Number: 19
-----------------------------------------------------------------------
Defect ray count	0
-----------------------------------------------------------------------
CNarrowChannelRefiner::RedistributeLevel1_step_1_new: started...
	PrePass:                     4808
	Distribute level_1 on level = 0
	Front spread algorithm. Partition count = 12
	Time (front spread): 0.001 s
	Groups count = 0
	Changed level 1 count = 0
	Distribute level_1 on level = 1
	Front spread algorithm. Partition count = 12
	Time (front spread): 0.001 s
	Groups count = 7
	Changed level 1 count = 0
	Distribute level_1 on level = 2
	Front spread algorithm. Partition count = 12
	Time (front spread): 0.001 s
	Groups count = 38
	Changed level 1 count = 0
	Distribute level_1 on level = 3
	Front spread algorithm. Partition count = 12
	Time (front spread): 0.000 s
	Groups count = 0
	Changed level 1 count = 0
	Distribute level_1 on level = 4
	Front spread algorithm. Partition count = 12
	Time (front spread): 0.001 s
	Groups count = 0
	Changed level 1 count = 0
	AfterPass:                   4808
CNarrowChannelRefiner::RedistributeLevel1_step_1_new: finished in 0.006 s
Level1 statistics:
     level1_cnt_plus[1]=4808;		level1_cnt_minus[1]=0
     level1_cnt_plus[2]=0;		level1_cnt_minus[2]=0
     level1_cnt_plus[3]=0;		level1_cnt_minus[3]=0
     level1_cnt_plus[4]=0;		level1_cnt_minus[4]=0
     level1_cnt_plus[5]=0;		level1_cnt_minus[5]=0
     level1_cnt_plus[6]=0;		level1_cnt_minus[6]=0
     level1_cnt_plus[7]=0;		level1_cnt_minus[7]=0
     level1_cnt_plus[8]=0;		level1_cnt_minus[8]=0
     level1_cnt_plus[9]=0;		level1_cnt_minus[9]=0
CNarrowChannelRefiner::RedistributeLevel1_step_2: started...
	PrePass(step2):                     4808
	Brick chains count: 23323
	Level 1 changed: 23135 / 36830
	Sum (level 1 changed): 14553
	AfterPass(step2):                   15506
CNarrowChannelRefiner::RedistributeLevel1_step_2: finished in 0.254 s
Level1 statistics:
     level1_cnt_plus[1]=15506;		level1_cnt_minus[1]=0
     level1_cnt_plus[2]=0;		level1_cnt_minus[2]=0
     level1_cnt_plus[3]=0;		level1_cnt_minus[3]=0
     level1_cnt_plus[4]=0;		level1_cnt_minus[4]=0
     level1_cnt_plus[5]=0;		level1_cnt_minus[5]=0
     level1_cnt_plus[6]=0;		level1_cnt_minus[6]=0
     level1_cnt_plus[7]=0;		level1_cnt_minus[7]=0
     level1_cnt_plus[8]=0;		level1_cnt_minus[8]=0
     level1_cnt_plus[9]=0;		level1_cnt_minus[9]=0
CNarrowChannelRefiner::RedistributeLevel1_step_3_new: started...
	PrePass(step3):                     15506
	Distribute level_1 on level = 0
	Front spread algorithm. Partition count = 12
	Time (front spread): 0.001 s
	Groups count = 5
	Changed level 1 count = 0
	Distribute level_1 on level = 1
	Front spread algorithm. Partition count = 12
	Time (front spread): 0.001 s
	Groups count = 2
	Changed level 1 count = 1389
	Distribute level_1 on level = 2
	Front spread algorithm. Partition count = 12
	Time (front spread): 0.001 s
	Groups count = 76
	Changed level 1 count = 3689
	Distribute level_1 on level = 3
	Front spread algorithm. Partition count = 12
	Time (front spread): 0.001 s
	Groups count = 222
	Changed level 1 count = 5319
	Distribute level_1 on level = 4
	Front spread algorithm. Partition count = 12
	Time (front spread): 0.001 s
	Groups count = 226
	Changed level 1 count = 4926
	AfterPass(step3):                   30829
CNarrowChannelRefiner::RedistributeLevel1_step_3_new: finished in 0.008 s
Level1 statistics:
     level1_cnt_plus[1]=15506;		level1_cnt_minus[1]=15323
     level1_cnt_plus[2]=0;		level1_cnt_minus[2]=0
     level1_cnt_plus[3]=0;		level1_cnt_minus[3]=0
     level1_cnt_plus[4]=0;		level1_cnt_minus[4]=0
     level1_cnt_plus[5]=0;		level1_cnt_minus[5]=0
     level1_cnt_plus[6]=0;		level1_cnt_minus[6]=0
     level1_cnt_plus[7]=0;		level1_cnt_minus[7]=0
     level1_cnt_plus[8]=0;		level1_cnt_minus[8]=0
     level1_cnt_plus[9]=0;		level1_cnt_minus[9]=0
MMP (ncr): locals=12, allc_sz=76.47 MB (0.00 MB), used_sz=71.97 MB, blk_sz=(0.19 MB/0.94 MB), blks-min-max=26/43 (big 0/0)
-----------------------------------------------------------------------
MSH format builder (Iteration 0)
-----------------------------------------------------------------------
Memory Working Set Current = 87.80 Mb, Memory Working Set Peak = 159.80 Mb
Memory Private Bytes Current = 90.43 Mb, Memory Private Bytes Peak = 167.02 Mb
Process Threads Number: 19
-----------------------------------------------------------------------
Total bricks count: 36830
-----------------------------------------------------------------------
MSH (Real Geometry) format constructor:
	Geom    Count = 2
	Bodyset Count = 2
	3D task
	Getting parser brick sets...OK (0.001 s)

	Min x-stack xeps = 2.65527e-06
	D / dh / eps [axis=0] = (0.173479, 0.00108424, 8.8509e-07)
	D / dh / eps [axis=1] = (0.105515, 0.000801961, 8.01961e-07)
	D / dh / eps [axis=2] = (0.10336, 0.000807086, 8.07086e-07)
	Time (xeps): 0.000 s
Level 4
	Set (0)  size: 4024
	Set (0)  time: 0.057 s
	Set (1)  size: 4024
	Set (1)  time: 0.057 s
Level 3
	Set (0)  size: 6722
	Set (0)  time: 0.040 s
	Set (1)  size: 6728
	Set (1)  time: 0.043 s
Level 2
	Set (0)  size: 6737
	Set (0)  time: 0.030 s
	Set (1)  size: 6728
	Set (1)  time: 0.031 s
Level 1
	Set (0)  size: 837
	Set (0)  time: 0.002 s
	Set (1)  size: 838
	Set (1)  time: 0.002 s
Level 0
	Set (0)  size: 96
	Set (0)  time: 0.000 s
	Set (1)  size: 96
	Set (1)  time: 0.000 s

	Spread npq bricks...29 marked (0.001 s)

Result:
	Bricks number:                        36830

	Memory usage:                         13.540 MB
	Memory usage (per brick):             0.376 KB
	Construction time:                    0.268 s

	Topology features:
	------------------
	- High quality bricks                   99.91 % (36796)
	- Medium quality bricks                  0.09 % (34)
	- Bad quality bricks                     0.00 % (0)
	- NPQ bricks                             0.19 % (71)
	- Type-1 bricks                         51.48 % (18959)
	- Ribs corrected bricks                  0.00 % (0)
	- Points with geom-info (bricks)         0.55 % (203)
	- Points with closest-info (bricks)      0.12 % (43)
	- Triangulated by center (bricks)        0.13 % (47)
	- Facet w-faces mergings (bricks)        0.00 % (0)
	- To refine (bricks)                     0.00 % (0)
	- Points-count                           0.00 % (0)
	- T-self-intersection-all (bricks)       0.00 % (0)
	- T-self-intersection-simple (bricks)    0.00 % (0)
	- T-self-intersection-complex (bricks)   0.00 % (0)
	- NPQ by reason 1 u-shape                0.06 % (22)
	- NPQ by reason 2 tri-by-ctr             0.04 % (13)
	- NPQ by reason 3 ray-correction         0.00 % (0)
	- NPQ by reason 4 t-self-intersection    0.00 % (0)
	- NPQ by reason 5 non-good               0.09 % (34)
	- NPQ by reason 6 npq-worker             0.00 % (0)

-----------------------------------------------------------------------
Memory Working Set Current = 115.86 Mb, Memory Working Set Peak = 159.80 Mb
Memory Private Bytes Current = 117.12 Mb, Memory Private Bytes Peak = 167.02 Mb
Process Threads Number: 19
-----------------------------------------------------------------------
-----------------------------------------------------------------------
msh-iterations: 1
-----------------------------------------------------------------------
high---q-brick-count =  99.91 % (36830 36796)
medium-q-brick-count =   0.09 % (36830 34)
bad----q-brick-count =   0.00 % (36830 0)
np-----q-brick-count =   0.27 % (36830 100)
-----------------------------------------------------------------------
Free brick parser storage...OK(0.002 s)
-----------------------------------------------------------------------
Memory Working Set Current = 112.60 Mb, Memory Working Set Peak = 159.80 Mb
Memory Private Bytes Current = 115.43 Mb, Memory Private Bytes Peak = 167.02 Mb
Process Threads Number: 19
-----------------------------------------------------------------------
-----------------------------------------------------------------------
MSH --> BCF format (Iteration 0)...
BCF collector...(remove mode=0)
	Time (alloc counter per brick): 0.001 s
	Brick    count: 36830
	Av.f all count: 32164
	Av.s all count: 26293
	Av.f pid count: 20401
	Av.s pid count: 20185
	Faces fs count: 41865
	Faces ff count: 0
	Faces ss count: 0
	Faces bb count: 0
	Faces fe count: 1744
	Faces se count: 0
	Faces fw count: 43609
	Faces af count: 95607
	Faces as count: 76368
	Time (all count): 	0.005 s
	Time (bcf alloc): 	0.001 s
	Time (shifts alloc): 	0.001 s
	Time (shifts init): 	0.001 s
	Time (bcf fill): 	0.011 s
	Time (add av to faces): 0.000 s
	Time (add faces to av): 0.007 s
Time (bcf collect): 		0.029 s
	AV checker...
		Hole marker...
	Front spread algorithm. Partition count = 12
	Front spread algorithm. Partition count = 12
	Time (front spread): 0.003 s
	Time (front spread): 0.004 s
			Subdomains:               2.
			Subdomains (cond):        2.
			Time (subdomain constructors): 0.004 s.
			Time (potential-hole marking): 	0.001 s
	Front spread algorithm. Partition count = 12
	Time (front spread): 0.002 s
			Hole av set size = 0
			Hole checking...
			Time (hole checking): 0.000 s.
			0 av(s) are marked to fill 0 subdomain holes.
		Time (hole marker): 0.008 s.
	Time (check av): 	0.016 s
	Subdomain checker...
	Front spread algorithm. Partition count = 12
	Time (front spread): 0.003 s
		Subdomains construction time: 0.003 s.
		Subdomains sort time: 0.000 s.
			Subdomain 0 (geom_ind=0): 19600 av
			Subdomain 1 (geom_ind=0): 12564 av
			Subdomain 2 (geom_ind=1): 26293 av
		gi: 0, real bodies: 2
		gi: 0, subdomains:  2
		gi: 1, real bodies: 0
		gi: 1, subdomains:  1
		Defect subdomains: 0
	Time (check subdoms): 	0.004 s
Time (bcf iteration total): 	0.050 s
	Sum of fw-nb: 		20930
	Time (fw-nb): 		0.002 s
	Fixed mutual fw-nb:     20930 (bb: 0)
	Time (fw-nb mutual): 	0.004 s
	Time (fw-nb sort): 	0.001 s
	Fw-opt BEFORE total:    43609 (fs=41865, ff=0, ss=0)
	Fw-opt AFTER  total:    34204 (fs=32460, ff=0, ss=0, failed fw/br=9/1, big_curv=203, big_poly=6)
	Fw-opt RESULT:          9405 (res/(fs+ff+ss) = 22.47 %)
	Time (fw-opt): 		0.004 s
	Time (fw-re-order): 	0.003 s
	Sum of fw-nb: 		71003
	Time (fw-nb): 		0.020 s
	Fixed mutual fw-nb:     71003 (bb: 0)
	Time (fw-nb mutual): 	0.007 s
	Time (fw-nb sort): 	0.001 s
	Time (rfd conservation): 	0.000 s
	Time (rfd correct): 	0.000 s
	Time (av convexity): 	0.005 s
	Time (av small volume): 0.001 s
	Time (diagonal fw-nb): 	0.043 s
	Fixed mutual fw-nb:     0 (bb: 0)
	Time (fw-nb mutual): 	0.003 s
	Time (fw-nb sort): 	0.001 s
	Front spread algorithm. Partition count = 12
	Time (front spread): 0.002 s
	Fluid subdomains: 2
	Faces fw-nb diff sd:    0
	Time (fw-nb diff sd): 	0.003 s
Time (bcf calc): 		0.106 s
-----------------------------------------------------------------------
Time (bcf total): 		0.157 s
-----------------------------------------------------------------------
bcf-iterations: 1
-----------------------------------------------------------------------
-----------------------------------------------------------------------
Mega-cv constructor for fluid...
	 848 av's is treated as thin
Relative size generator (threshold = 0.05)...
	Iteration 1 (small cluster count = 1318)
	Iteration 2 (small cluster count = 624)
	Iteration 3 (small cluster count = 164)
	Iteration 4 (small cluster count = 55)
	Iteration 5 (small cluster count = 16)
	Iteration 6 (small cluster count = 3)
	Iteration 7 (small cluster count = 1)
	Iteration 8 (small cluster count = 0)
	 1242 mega-cv's generated
	 48 mega-cv's removed
Relative size generator is completed OK (0.007 s)
Apply fa-rules to mega-cv clusters fixes...
	Fa-rule violation fixes:       72 of       81 (total cluster# =     1222)
OK (0.008 s)
There are 11 clusters with nbrs connected in more than one axis
Convert clusters:
	 1197 mega-cv's total
Mega-cv count: 1197
Time (mega-cv fill): 	0.001 s
WARNING! Mega-cv normal-direction rule violation counts: rule-I = 9, rule-II = 0
Time (mega-cv total): 	0.021 s
-----------------------------------------------------------------------
Mixing plane rotation regions: NO.
Sliding mesh rotation regions: NO.
Fluid/fluid faces: NO.
-----------------------------------------------------------------------
Memory Working Set Current = 148.05 Mb, Memory Working Set Peak = 159.80 Mb
Memory Private Bytes Current = 180.12 Mb, Memory Private Bytes Peak = 182.01 Mb
Process Threads Number: 19
-----------------------------------------------------------------------
----------------------------------------------------------
BCF --> BCF.GEOMSUBDOM (bridge arrays):
MESH (0):
	Front spread algorithm. Partition count = 12
	Time (front spread): 0.003 s
	Fluid Subdom Constructor: 2 subdom(s).
	Front spread algorithm. Partition count = 12
	Time (front spread): 0.002 s
	Solid Subdom Constructor: 1 subdom(s).
	Front spread algorithm. Partition count = 12
	Time (front spread): 0.000 s
	Net Asm Subdom Constructor: 0 subdom(s).
	GEOMSUBDOM (0): gi=0 Fluid av=12564 cv=12073 fa=38175 fw=13905 V=1.298448e-03
	Cache data...OK
	GEOMSUBDOM (1): gi=0 Fluid av=19600 cv=18696 fa=57432 fw=20299 V=2.628480e-04
	Cache data...OK
	GEOMSUBDOM (2): gi=1 Solid av=26293 cv=26293 fa=76368 fw=32460 V=3.306573e-04
	Cache data...OK
	Setting nb of w-faces...OK (0.005 s).
	Correcting nb of w-faces...
	Time(correct_fw_nb)=0.005 s

MESH (0) checking:
	GEOMSUBDOM (0):fa_s=0.4711374429724451 fw_s=0.1401468659731817 fw_nb=118886
	              :d_const(2149)=7.20287e-10 d_linear(5562)=1.75153e-09
	GEOMSUBDOM (1):fa_s=0.2481634539709849 fw_s=0.0640215007867699 fw_nb=157928
	              :d_const(6033)=4.62981e-10 d_linear(882)=6.39283e-10
	GEOMSUBDOM (2):fa_s=0.2890249495796885 fw_s=0.1098858923344585 fw_nb=263164
	              :d_const(19487)=5.40636e-09 d_linear(19487)=1.55286e-08
MESH (0) checking: OK.
Time (MDS): 	0.056 s
----------------------------------------------------------
-----------------------------------------------------------------------
Memory Working Set Current = 170.86 Mb, Memory Working Set Peak = 170.86 Mb
Memory Private Bytes Current = 210.55 Mb, Memory Private Bytes Peak = 210.55 Mb
Process Threads Number: 19
-----------------------------------------------------------------------

-----------------------------------------------------------------------
BCF CHECKSUM DATA (Mesh 0):

BRICK |Level1| Sum:               30829
FACE_A Area Sum:   G.Fluid        0.7193008969434302
FACE_A Area Sum:   G.Solid        0.2890249495796885
FACE_W Area Sum:                  0.2041683667599516
FACE_W Nb   Sum:                  276814
FACE_W min curvatures sum:        -646861.16510364
FACE_W max curvatures sum:        3873542.44831848
AV Max Disbalance(Const) :        2.16419e-08 (cid=25038, t={38, 104, 78}, avid=21275, pid=13564)
AV Max Disbalance(Linear):        3.15379e-08 (cid=25038, t={38, 104, 78}, avid=21275, pid=13564)
-----------------------------------------------------------------------


-----------------------------------------------------------------------
MESHER TOPOLOGY DATA:

BRICKS: Total                 36830
BRICKS: Fluid                 30722
BRICKS: Fluid Partial         18959
BRICKS: Type 1                18959
BRICKS: Max AV number         4
BRICKS: |level1| sum          30829


AV:     G.Total               58457
AV:     G.Fluid               32164
AV:     G.Solid               26293

AV:     G.Fluid Thin Profile    3.79 % (1220)
AV:     G.Solid Thin Profile    5.04 % (1326)

AV:     G.Fluid Thin For Mega   2.64 % (848)
AV:     G.Solid Thin For Mega   3.28 % (863)

AV:     G.Fluid Non-Convex     19.78 % (6361)
AV:     G.Solid Non-Convex     16.22 % (4266)

AV:     G.Fluid Non-Ess-Convex     14.67 % (4717)
AV:     G.Solid Non-Ess-Convex     11.71 % (3078)

FACE_A: G.Fluid          (af) 95607 (partially opened 44299)
FACE_A: G.Solid          (as) 76368 (partially opened 44478)

FACE_W: G.Total                 34204       Brick/Bound
FACE_W: G.Fluid/Solid    (fs_g) 32460       0           
FACE_W: G.Fluid/Fluid    (ff_g) 0           0           
FACE_W: G.Solid/Solid    (ss_g) 0           0           
FACE_W: G.Fluid/Void     (fv_g) 0           0           
FACE_W: G.Fluid/External (fe_g) 1744
FACE_W: G.Solid/External (se_g) 0

AV/CV max fa count (on brick side):7
AV/CV max fw count:                7
AV/CV max fw poly count:           33

MEMORY: Total                   21.137 MB
MEMORY: Per Brick               0.588 KB
-----------------------------------------------------------------------

-----------------------------------------------------------------------
Connectivities information:
	Number of conns: 0
-----------------------------------------------------------------------
	Time (gap size): 	0.087 s
-----------------------------------------------------------------------
Memory Working Set Current = 171.31 Mb, Memory Working Set Peak = 171.31 Mb
Memory Private Bytes Current = 210.94 Mb, Memory Private Bytes Peak = 210.94 Mb
Process Threads Number: 19
-----------------------------------------------------------------------
-----------------------------------------------------------------------
Calculating curvature and tolerance criteria...
Curvature: min=0 (cid=0) max=3.13321 (cid=10494)
Tolerance: min=0 (cid=0) max=0.00104052 (cid=32780)
Calculating curvature and tolerance criteria takes 0.125 s
-----------------------------------------------------------------------
MESH Build(FS) finished. Time=1.847 s
-----------------------------------------------------------------------
Current CPU = 2 sec

Nx=10
Ny=8
Nz=8
Max BRICK Level=4
Mesh Level=4
-----------------CModelBodies2MeshMapper::CollectData started -------------------------------
	Time (collect mesh base data): 0.007 s.
	Time (collect model bodies mapping): 0.000 s.
	Time (collect positive bodies mapping): 0.000 s.
	Time (collect fluid bodies mapping): 0.000 s.
-----------------CModelBodies2MeshMapper Report -------------------------------
FluidDomains 2 SolidDomains 1 VoidDomains 0 
Domains RefIndexes
----------------- -------------------------------
	ModelBodies
Total resolved Bodies 0 BodySets 0

--------------------------------------------------------------------------
	Positive geometry Bodies
Total resolved Bodies 2 BodySets 2
BodySet 0
	Bodies list:
			#0	Name: ;	ID: 4d22bf0b-7fcb-42af-90e7-396f387800c4
	Domains list:mesh type	 (0, 1)		 1 

BodySet 1
	Bodies list:
			#0	Name: ;	ID: 6b8f88fe-801b-43c0-a313-a6589b7d970f
	Domains list:mesh type	 (0, 1)		 0 


--------------------------------------------------------------------------
	Fluid regions
Total resolved Bodies 2 BodySets 1
BodySet 0	Material: H2O; 
	Bodies list:
			#0	Name: ;	ID: 4d22bf0b-7fcb-42af-90e7-396f387800c4
			#1	Name: ;	ID: 6b8f88fe-801b-43c0-a313-a6589b7d970f
	Domains list:mesh type	 (0, 1)		 0 		 1 


--------------------------------------------------------------------------
Collect data takes...0.008 s
-----------------CModelBodies2MeshMapper::CollectData finished successfully-------------------
Saving initial mesh in: C:\Cursando\Termofluidos\Proyecto\2\2.fld .
Storing results...
	Estimated CPT size=11.758 MB.
Write section 436 takes 0.000 s
Write section 101 takes 0.000 s
Write section 400 takes 0.003 s
Write section 437 takes 0.003 s
Write mesh/bricks section: 0.006 s
Write section 408 takes 0.069 s
Write section 427 takes 0.003 s
Write msh format: 0.072 s
Write section 406 takes 0.007 s
Write section 405 takes 0.001 s
Write section 401 takes 0.019 s
Write section 402 takes 0.031 s
Write section 407 takes 0.009 s
Write section 421 takes 0.039 s
Write section 404 takes 0.004 s
Write section 416 takes 0.001 s
Write section 411 takes 0.002 s
Write section 413 takes 0.000 s
Write section 432 takes 0.000 s
Write plain bcf: 0.112 s
Write section 448 takes 0.021 s
Write section 446 takes 0.000 s
Write section 516 takes 0.000 s
	Time (write bcf): 0.212 s
X_STACK_LIST::write_x_stack_list4: started...
X_STACK_LIST::write_x_stack_list4: finished in 0.008 s
Storing results takes 0.226 s
-----------------------------------------------------------------------
Memory Working Set Current = 191.60 Mb, Memory Working Set Peak = 193.24 Mb
Memory Private Bytes Current = 230.54 Mb, Memory Private Bytes Peak = 232.20 Mb
Process Threads Number: 19
-----------------------------------------------------------------------
Cleaning memory...
-----------------------------------------------------------------------
Start to free mesher data...
MMP (gbs): locals=3, allc_sz=35.36 MB (0.00 MB), used_sz=32.41 MB, blk_sz=(0.02 MB/6.76 MB), blks-min-max=1/7 (big 0/0)
MMP (cpt_rgs): locals=0, allc_sz=0.00 MB (0.00 MB), used_sz=0.00 MB, blk_sz=(0.00 MB/0.00 MB), blks-min-max=0/0 (big 0/0)
MMP (slv_rgs): locals=0, allc_sz=0.00 MB (0.00 MB), used_sz=0.00 MB, blk_sz=(0.00 MB/0.00 MB), blks-min-max=0/0 (big 0/0)
MMP (msh): locals=12, allc_sz=5.52 MB (0.00 MB), used_sz=5.13 MB, blk_sz=(0.05 MB/0.08 MB), blks-min-max=11/15 (big 0/0)
MMP (brx): locals=12, allc_sz=25.20 MB (0.00 MB), used_sz=24.26 MB, blk_sz=(0.20 MB/0.23 MB), blks-min-max=27/28 (big 0/0)
MMP (bcf): locals=12, allc_sz=47.26 MB (0.00 MB), used_sz=38.54 MB, blk_sz=(0.14 MB/2.09 MB), blks-min-max=13/36 (big 0/0)
MMP (xsl): locals=12, allc_sz=2.04 MB (0.00 MB), used_sz=1.87 MB, blk_sz=(0.03 MB/0.04 MB), blks-min-max=5/10 (big 0/0)
Free xsl...            OK	Time=0.001 s
Free ray collector...  OK	Time=0.000 s
Free ray intersector...OK	Time=0.000 s
Free body sets...      OK	Time=0.002 s
Free Geometry DB takes 0.000 s
Free mesh conn...      OK	Time=0.000 s
Free geomsd...         OK	Time=0.000 s
Free mbricks...        OK	Time=0.001 s
Free hash info...      OK	Time=0.000 s
Free bricks-x...       OK	Time=0.000 s
Free bcf...            OK	Time=0.003 s
Free mesh h...         OK	Time=0.000 s
Free bricks arr..      OK	Time=0.000 s
Free bricks tree...    OK	Time=0.000 s
Free mesh pools...     OK	Time=0.016 s
Free bodies mapper...  OK	Time=0.000 s
Free geom crits...     OK	Time=0.000 s
Free cpt regions...    OK	Time=0.000 s
Free peculiar surfs... OK	Time=0.000 s
Free sw-geometries...  OK	Time=0.000 s
Free mesher wrk data...OK	Time=0.001 s
Total free mesher data time: 0.027 s
-----------------------------------------------------------------------
Copying... OK
CPT size=7.929 MB (8314394 bytes).
Mesh generation normally finished at	25.4.2026	11:55:23
Mesher CPU = 2 sec
Mesher is finished at	25.4.2026	11:55:23
-----------------------------------------------------------------------
Memory Working Set Current = 66.41 Mb, Memory Working Set Peak = 193.24 Mb
Memory Private Bytes Current = 96.30 Mb, Memory Private Bytes Peak = 232.20 Mb
Process Threads Number: 19
-----------------------------------------------------------------------
Algebra Pool      : mem_usage = 0.69 Mb, allocated count = 0
-----------------------------------------------------------------------
Memory Working Set Current = 65.79 Mb, Memory Working Set Peak = 193.24 Mb
Memory Private Bytes Current = 95.68 Mb, Memory Private Bytes Peak = 232.20 Mb
Process Threads Number: 19
Process Threads Number Peak: 19
-----------------------------------------------------------------------
Log ended at 25.04.2026	11:55:23
