Component: Arm Compiler for Embedded 6.23 Tool: armlink [5f102400]

==============================================================================

Section Cross References

    lab_2.o(.ARM.exidx.text._Z12SysTick_Initv) refers to lab_2.o(.text._Z12SysTick_Initv) for [Anonymous Symbol]
    lab_2.o(.ARM.exidx.text._Z12SysTick_Waitj) refers to lab_2.o(.text._Z12SysTick_Waitj) for [Anonymous Symbol]
    lab_2.o(.text._Z14SysTick_Wait1sj) refers to lab_2.o(.text._Z12SysTick_Waitj) for SysTick_Wait(unsigned int)
    lab_2.o(.ARM.exidx.text._Z14SysTick_Wait1sj) refers to lab_2.o(.text._Z14SysTick_Wait1sj) for [Anonymous Symbol]
    lab_2.o(.text._Z15SysTick_Wait1msj) refers to lab_2.o(.text._Z12SysTick_Waitj) for SysTick_Wait(unsigned int)
    lab_2.o(.ARM.exidx.text._Z15SysTick_Wait1msj) refers to lab_2.o(.text._Z15SysTick_Wait1msj) for [Anonymous Symbol]
    lab_2.o(.text._Z15SysTick_Wait1usj) refers to lab_2.o(.text._Z12SysTick_Waitj) for SysTick_Wait(unsigned int)
    lab_2.o(.ARM.exidx.text._Z15SysTick_Wait1usj) refers to lab_2.o(.text._Z15SysTick_Wait1usj) for [Anonymous Symbol]
    lab_2.o(.text._Z7LCD_COMc) refers to lab_2.o(.text._Z12SysTick_Initv) for SysTick_Init()
    lab_2.o(.text._Z7LCD_COMc) refers to lab_2.o(.text._Z15SysTick_Wait1usj) for SysTick_Wait1us(unsigned int)
    lab_2.o(.ARM.exidx.text._Z7LCD_COMc) refers to lab_2.o(.text._Z7LCD_COMc) for [Anonymous Symbol]
    lab_2.o(.text._Z5LCD_Wc) refers to lab_2.o(.text._Z12SysTick_Initv) for SysTick_Init()
    lab_2.o(.text._Z5LCD_Wc) refers to lab_2.o(.text._Z15SysTick_Wait1usj) for SysTick_Wait1us(unsigned int)
    lab_2.o(.ARM.exidx.text._Z5LCD_Wc) refers to lab_2.o(.text._Z5LCD_Wc) for [Anonymous Symbol]
    lab_2.o(.text.__cxx_global_var_init) refers to lab_2.o(.bss.LCD_pos) for LCD_pos
    lab_2.o(.text.__cxx_global_var_init) refers to lab_2.o(.bss.LINE1) for LINE1
    lab_2.o(.ARM.exidx.text.__cxx_global_var_init) refers to lab_2.o(.text.__cxx_global_var_init) for [Anonymous Symbol]
    lab_2.o(.text.__cxx_global_var_init.1) refers to lab_2.o(.bss.LCD_pos) for LCD_pos
    lab_2.o(.text.__cxx_global_var_init.1) refers to lab_2.o(.bss.LINE2) for LINE2
    lab_2.o(.ARM.exidx.text.__cxx_global_var_init.1) refers to lab_2.o(.text.__cxx_global_var_init.1) for [Anonymous Symbol]
    lab_2.o(.ARM.exidx.text._Z15Config_TimerPWMP11TIM_TypeDef) refers to lab_2.o(.text._Z15Config_TimerPWMP11TIM_TypeDef) for [Anonymous Symbol]
    lab_2.o(.ARM.exidx.text._Z14Servo_SetAngleP11TIM_TypeDefhh) refers to lab_2.o(.text._Z14Servo_SetAngleP11TIM_TypeDefhh) for [Anonymous Symbol]
    lab_2.o(.ARM.exidx.text._Z19Config_TimerEncoderP11TIM_TypeDef) refers to lab_2.o(.text._Z19Config_TimerEncoderP11TIM_TypeDef) for [Anonymous Symbol]
    lab_2.o(.ARM.exidx.text._Z15ADC_ReadChannelh) refers to lab_2.o(.text._Z15ADC_ReadChannelh) for [Anonymous Symbol]
    lab_2.o(.text._Z11USART3_Initj) refers to lab_2.o(.bss.BAUDRATE) for BAUDRATE
    lab_2.o(.text._Z11USART3_Initj) refers to lab_2.o(.text._ZL18__NVIC_SetPriority9IRQn_Typej) for __NVIC_SetPriority(IRQn_Type, unsigned int)
    lab_2.o(.text._Z11USART3_Initj) refers to lab_2.o(.text._ZL16__NVIC_EnableIRQ9IRQn_Type) for __NVIC_EnableIRQ(IRQn_Type)
    lab_2.o(.ARM.exidx.text._Z11USART3_Initj) refers to lab_2.o(.text._Z11USART3_Initj) for [Anonymous Symbol]
    lab_2.o(.ARM.exidx.text._ZL18__NVIC_SetPriority9IRQn_Typej) refers to lab_2.o(.text._ZL18__NVIC_SetPriority9IRQn_Typej) for [Anonymous Symbol]
    lab_2.o(.ARM.exidx.text._ZL16__NVIC_EnableIRQ9IRQn_Type) refers to lab_2.o(.text._ZL16__NVIC_EnableIRQ9IRQn_Type) for [Anonymous Symbol]
    lab_2.o(.ARM.exidx.text._Z15USART3_SendChari) refers to lab_2.o(.text._Z15USART3_SendChari) for [Anonymous Symbol]
    lab_2.o(.text._Z16USART3_SendChainPc) refers to lab_2.o(.bss.tx) for tx
    lab_2.o(.text._Z16USART3_SendChainPc) refers to strncpy.o(.text) for strncpy
    lab_2.o(.text._Z16USART3_SendChainPc) refers to lab_2.o(.bss.txi) for txi
    lab_2.o(.text._Z16USART3_SendChainPc) refers to strlen.o(.text) for strlen
    lab_2.o(.text._Z16USART3_SendChainPc) refers to lab_2.o(.text._Z15USART3_SendChari) for USART3_SendChar(int)
    lab_2.o(.ARM.exidx.text._Z16USART3_SendChainPc) refers to lab_2.o(.text._Z16USART3_SendChainPc) for [Anonymous Symbol]
    lab_2.o(.text._Z17USART3_SendStringPKc) refers to lab_2.o(.text._Z15USART3_SendChari) for USART3_SendChar(int)
    lab_2.o(.ARM.exidx.text._Z17USART3_SendStringPKc) refers to lab_2.o(.text._Z17USART3_SendStringPKc) for [Anonymous Symbol]
    lab_2.o(.text._Z16USART3_SendFloatf) refers to lab_2.o(.rodata.str1.1) for .L.str
    lab_2.o(.text._Z16USART3_SendFloatf) refers to sprintf.o(.text) for sprintf
    lab_2.o(.text._Z16USART3_SendFloatf) refers to lab_2.o(.text._Z17USART3_SendStringPKc) for USART3_SendString(char const*)
    lab_2.o(.ARM.exidx.text._Z16USART3_SendFloatf) refers to lab_2.o(.text._Z16USART3_SendFloatf) for [Anonymous Symbol]
    lab_2.o(.text._Z6SetTxtv) refers to lab_2.o(.bss.txt1) for txt1
[...]
    .ARM.Collect$$_printf_percent$$00000017  0x08000324   Section        4  _printf_percent_end.o(.ARM.Collect$$_printf_percent$$00000017)
    .ARM.Collect$$libinit$$00000000          0x08000328   Section        2  libinit.o(.ARM.Collect$$libinit$$00000000)
    .ARM.Collect$$libinit$$00000001          0x0800032a   Section        4  libinit2.o(.ARM.Collect$$libinit$$00000001)
    .ARM.Collect$$libinit$$00000004          0x0800032e   Section        0  libinit2.o(.ARM.Collect$$libinit$$00000004)
    .ARM.Collect$$libinit$$00000006          0x0800032e   Section        0  libinit2.o(.ARM.Collect$$libinit$$00000006)
    .ARM.Collect$$libinit$$0000000C          0x0800032e   Section        0  libinit2.o(.ARM.Collect$$libinit$$0000000C)
    .ARM.Collect$$libinit$$0000000E          0x0800032e   Section        0  libinit2.o(.ARM.Collect$$libinit$$0000000E)
    .ARM.Collect$$libinit$$00000010          0x0800032e   Section        0  libinit2.o(.ARM.Collect$$libinit$$00000010)
    .ARM.Collect$$libinit$$00000011          0x0800032e   Section        6  libinit2.o(.ARM.Collect$$libinit$$00000011)
    .ARM.Collect$$libinit$$00000013          0x08000334   Section        0  libinit2.o(.ARM.Collect$$libinit$$00000013)
    .ARM.Collect$$libinit$$00000014          0x08000334   Section       12  libinit2.o(.ARM.Collect$$libinit$$00000014)
    .ARM.Collect$$libinit$$00000015          0x08000340   Section        0  libinit2.o(.ARM.Collect$$libinit$$00000015)
    .ARM.Collect$$libinit$$00000017          0x08000340   Section        0  libinit2.o(.ARM.Collect$$libinit$$00000017)
    .ARM.Collect$$libinit$$00000018          0x08000340   Section       10  libinit2.o(.ARM.Collect$$libinit$$00000018)
    .ARM.Collect$$libinit$$00000019          0x0800034a   Section        0  libinit2.o(.ARM.Collect$$libinit$$00000019)
    .ARM.Collect$$libinit$$0000001B          0x0800034a   Section        0  libinit2.o(.ARM.Collect$$libinit$$0000001B)
    .ARM.Collect$$libinit$$0000001D          0x0800034a   Section        0  libinit2.o(.ARM.Collect$$libinit$$0000001D)
    .ARM.Collect$$libinit$$0000001F          0x0800034a   Section        0  libinit2.o(.ARM.Collect$$libinit$$0000001F)
    .ARM.Collect$$libinit$$00000021          0x0800034a   Section        0  libinit2.o(.ARM.Collect$$libinit$$00000021)
    .ARM.Collect$$libinit$$00000023          0x0800034a   Section        0  libinit2.o(.ARM.Collect$$libinit$$00000023)
    .ARM.Collect$$libinit$$00000025          0x0800034a   Section        0  libinit2.o(.ARM.Collect$$libinit$$00000025)
    .ARM.Collect$$libinit$$00000027          0x0800034a   Section        0  libinit2.o(.ARM.Collect$$libinit$$00000027)
    .ARM.Collect$$libinit$$0000002E          0x0800034a   Section        0  libinit2.o(.ARM.Collect$$libinit$$0000002E)
    .ARM.Collect$$libinit$$00000030          0x0800034a   Section        0  libinit2.o(.ARM.Collect$$libinit$$00000030)
    .ARM.Collect$$libinit$$00000032          0x0800034a   Section        0  libinit2.o(.ARM.Collect$$libinit$$00000032)
    .ARM.Collect$$libinit$$00000033          0x0800034a   Section        4  libinit2.o(.ARM.Collect$$libinit$$00000033)
    .ARM.Collect$$libinit$$00000034          0x0800034e   Section        0  libinit2.o(.ARM.Collect$$libinit$$00000034)
    .ARM.Collect$$libinit$$00000035          0x0800034e   Section        2  libinit2.o(.ARM.Collect$$libinit$$00000035)
    .ARM.Collect$$libshutdown$$00000000      0x08000350   Section        2  libshutdown.o(.ARM.Collect$$libshutdown$$00000000)
    .ARM.Collect$$libshutdown$$00000002      0x08000352   Section        0  libshutdown2.o(.ARM.Collect$$libshutdown$$00000002)
    .ARM.Collect$$libshutdown$$00000004      0x08000352   Section        0  libshutdown2.o(.ARM.Collect$$libshutdown$$00000004)
    .ARM.Collect$$libshutdown$$00000007      0x08000352   Section        0  libshutdown2.o(.ARM.Collect$$libshutdown$$00000007)
    .ARM.Collect$$libshutdown$$0000000A      0x08000352   Section        0  libshutdown2.o(.ARM.Collect$$libshutdown$$0000000A)
    .ARM.Collect$$libshutdown$$0000000C      0x08000352   Section        0  libshutdown2.o(.ARM.Collect$$libshutdown$$0000000C)
    .ARM.Collect$$libshutdown$$0000000F      0x08000352   Section        0  libshutdown2.o(.ARM.Collect$$libshutdown$$0000000F)
    .ARM.Collect$$libshutdown$$00000010      0x08000352   Section        2  libshutdown2.o(.ARM.Collect$$libshutdown$$00000010)
    .ARM.Collect$$rtentry$$00000000          0x08000354   Section        0  __rtentry.o(.ARM.Collect$$rtentry$$00000000)
    .ARM.Collect$$rtentry$$00000002          0x08000354   Section        0  __rtentry2.o(.ARM.Collect$$rtentry$$00000002)
    .ARM.Collect$$rtentry$$00000004          0x08000354   Section        6  __rtentry4.o(.ARM.Collect$$rtentry$$00000004)
    .ARM.Collect$$rtentry$$00000009          0x0800035a   Section        0  __rtentry2.o(.ARM.Collect$$rtentry$$00000009)
    .ARM.Collect$$rtentry$$0000000A          0x0800035a   Section        4  __rtentry2.o(.ARM.Collect$$rtentry$$0000000A)
    .ARM.Collect$$rtentry$$0000000C          0x0800035e   Section        0  __rtentry2.o(.ARM.Collect$$rtentry$$0000000C)
    .ARM.Collect$$rtentry$$0000000D          0x0800035e   Section        8  __rtentry2.o(.ARM.Collect$$rtentry$$0000000D)
    .ARM.Collect$$rtexit$$00000000           0x08000366   Section        2  rtexit.o(.ARM.Collect$$rtexit$$00000000)
    .ARM.Collect$$rtexit$$00000002           0x08000368   Section        0  rtexit2.o(.ARM.Collect$$rtexit$$00000002)
    .ARM.Collect$$rtexit$$00000003           0x08000368   Section        4  rtexit2.o(.ARM.Collect$$rtexit$$00000003)
    .ARM.Collect$$rtexit$$00000004           0x0800036c   Section        6  rtexit2.o(.ARM.Collect$$rtexit$$00000004)
    $v0                                      0x08000374   Number         0  startup_stm32f767xx.o(.text)
    .text                                    0x08000374   Section       64  startup_stm32f767xx.o(.text)
    .text                                    0x080003b4   Section        0  sprintf.o(.text)
    .text                                    0x080003e0   Section      138  rt_memcpy_v6.o(.text)
    .text                                    0x0800046a   Section        0  heapauxi.o(.text)
    .text                                    0x08000470   Section        0  init_aeabi.o(.text)
    .text                                    0x0800049c   Section        0  _printf_pad.o(.text)
    .text                                    0x080004ea   Section        0  _printf_truncate.o(.text)
    .text                                    0x0800050e   Section        0  _printf_str.o(.text)
    .text                                    0x08000560   Section        0  _printf_dec.o(.text)
    .text                                    0x080005d8   Section        0  _printf_charcount.o(.text)
    _printf_input_char                       0x08000601   Thumb Code    10  _printf_char_common.o(.text)
    .text                                    0x08000600   Section        0  _printf_char_common.o(.text)
    .text                                    0x08000630   Section        0  _sputc.o(.text)
    .text                                    0x0800063c   Section        0  _printf_wctomb.o(.text)
    .text                                    0x080006f8   Section        0  _printf_longlong_dec.o(.text)
    _printf_longlong_oct_internal            0x08000775   Thumb Code     0  _printf_oct_int_ll.o(.text)
    .text                                    0x08000774   Section        0  _printf_oct_int_ll.o(.text)
    _printf_hex_common                       0x080007e5   Thumb Code     0  _printf_hex_int_ll_ptr.o(.text)
    .text                                    0x080007e4   Section        0  _printf_hex_int_ll_ptr.o(.text)
    .text                                    0x08000878   Section        0  __printf_flags_ss_wp.o(.text)
    .text                                    0x08000a00   Section      100  rt_memcpy_w.o(.text)
    .text                                    0x08000a64   Section      138  lludiv10.o(.text)
    .text                                    0x08000aee   Section        0  _printf_intcommon.o(.text)
    _fp_digits                               0x08000ba1   Thumb Code   432  _printf_fp_dec.o(.text)
    .text                                    0x08000ba0   Section        0  _printf_fp_dec.o(.text)
    .text                                    0x08000fbc   Section        0  _printf_fp_hex.o(.text)
    .text                                    0x080012b8   Section        0  _printf_char.o(.text)
    .text                                    0x080012e4   Section        0  _printf_wchar.o(.text)
    .text                                    0x08001310   Section        0  _c16rtomb.o(.text)
    .text                                    0x08001358   Section       74  sys_stackheap_outer.o(.text)
    .text                                    0x080013a4   Section       16  rt_ctype_table.o(.text)
    .text                                    0x080013b4   Section        8  rt_locale_intlibspace.o(.text)
    .text                                    0x080013bc   Section        0  _printf_fp_infnan.o(.text)
    .text                                    0x0800143c   Section        0  bigflt0.o(.text)
    .text                                    0x08001520   Section        0  exit.o(.text)
    .text                                    0x08001534   Section        8  libspace.o(.text)
    .text                                    0x08001540   Section      124  strcmpv7m_pel.o(.text)
    .text                                    0x080015bc   Section        2  use_no_semi.o(.text)
    .text                                    0x080015be   Section        0  indicate_semi.o(.text)
    .text                                    0x080015c0   Section        0  sys_exit.o(.text)
    [Anonymous Symbol]                       0x080015d0   Section        0  system_stm32f7xx.o(.text.SystemInit)
    [Anonymous Symbol]                       0x080015e8   Section        0  lab_2.o(.text.USART3_IRQHandler)
    _GLOBAL__sub_I_LAB_2.cpp                 0x08001621   Thumb Code    12  lab_2.o(.text._GLOBAL__sub_I_LAB_2.cpp)
    [Anonymous Symbol]                       0x08001620   Section        0  lab_2.o(.text._GLOBAL__sub_I_LAB_2.cpp)
    [Anonymous Symbol]                       0x08001630   Section        0  lab_2.o(.text._Z11USART3_Initj)
    [Anonymous Symbol]                       0x08001698   Section        0  lab_2.o(.text._Z12SysTick_Initv)
    [Anonymous Symbol]                       0x080016b8   Section        0  lab_2.o(.text._Z12SysTick_Waitj)
    [Anonymous Symbol]                       0x080016f0   Section        0  lab_2.o(.text._Z14Servo_SetAngleP11TIM_TypeDefhh)
    [Anonymous Symbol]                       0x08001770   Section        0  lab_2.o(.text._Z15ADC_ReadChannelh)
    [Anonymous Symbol]                       0x080017c8   Section        0  lab_2.o(.text._Z15Config_TimerPWMP11TIM_TypeDef)
    [Anonymous Symbol]                       0x08001800   Section        0  lab_2.o(.text._Z15SysTick_Wait1msj)
    [Anonymous Symbol]                       0x08001830   Section        0  lab_2.o(.text._Z15SysTick_Wait1usj)
    [Anonymous Symbol]                       0x08001860   Section        0  lab_2.o(.text._Z15USART3_SendChari)
    [Anonymous Symbol]                       0x08001890   Section        0  lab_2.o(.text._Z16USART3_SendFloatf)
    [Anonymous Symbol]                       0x080018c0   Section        0  lab_2.o(.text._Z17USART3_SendStringPKc)
    [Anonymous Symbol]                       0x080018e8   Section        0  lab_2.o(.text._Z5LCD_Wc)
    [Anonymous Symbol]                       0x08001928   Section        0  lab_2.o(.text._Z6SetTxtv)
    __arm_cp.20_3                            0x08001960   Number         4  lab_2.o(.text._Z6SetTxtv)
    [Anonymous Symbol]                       0x08002100   Section        0  lab_2.o(.text._Z7LCD_COMc)
    [Anonymous Symbol]                       0x08002148   Section        0  lab_2.o(.text._Z7vector1v)
    [Anonymous Symbol]                       0x08002240   Section        0  lab_2.o(.text._Z7vector2v)
    [Anonymous Symbol]                       0x08002338   Section        0  lab_2.o(.text._Z7vector3v)
    [Anonymous Symbol]                       0x08002430   Section        0  lab_2.o(.text._Z7vector4v)
    [Anonymous Symbol]                       0x08002528   Section        0  lab_2.o(.text._Z7vector5v)
    Config_GPIO()                            0x08002621   Thumb Code   464  lab_2.o(.text._ZL11Config_GPIOv)
    [Anonymous Symbol]                       0x08002620   Section        0  lab_2.o(.text._ZL11Config_GPIOv)
    __NVIC_EnableIRQ(IRQn_Type)              0x080027f1   Thumb Code    48  lab_2.o(.text._ZL16__NVIC_EnableIRQ9IRQn_Type)
    [Anonymous Symbol]                       0x080027f0   Section        0  lab_2.o(.text._ZL16__NVIC_EnableIRQ9IRQn_Type)
    __NVIC_SetPriority(IRQn_Type, unsigned int) 0x08002821   Thumb Code    66  lab_2.o(.text._ZL18__NVIC_SetPriority9IRQn_Typej)
    [Anonymous Symbol]                       0x08002820   Section        0  lab_2.o(.text._ZL18__NVIC_SetPriority9IRQn_Typej)
    __cxx_global_var_init                    0x08002869   Thumb Code    24  lab_2.o(.text.__cxx_global_var_init)
    [Anonymous Symbol]                       0x08002868   Section        0  lab_2.o(.text.__cxx_global_var_init)
    __cxx_global_var_init.1                  0x08002881   Thumb Code    24  lab_2.o(.text.__cxx_global_var_init.1)
    [Anonymous Symbol]                       0x08002880   Section        0  lab_2.o(.text.__cxx_global_var_init.1)
    [Anonymous Symbol]                       0x08002898   Section        0  lab_2.o(.text.main)
    CL$$btod_d2e                             0x08002ebc   Section       62  btod.o(CL$$btod_d2e)
    CL$$btod_d2e_denorm_low                  0x08002efa   Section       70  btod.o(CL$$btod_d2e_denorm_low)
    CL$$btod_d2e_norm_op1                    0x08002f40   Section       96  btod.o(CL$$btod_d2e_norm_op1)
    CL$$btod_div_common                      0x08002fa0   Section      824  btod.o(CL$$btod_div_common)
    CL$$btod_e2e                             0x080032d8   Section      220  btod.o(CL$$btod_e2e)
    CL$$btod_ediv                            0x080033b4   Section       42  btod.o(CL$$btod_ediv)
    CL$$btod_emul                            0x080033de   Section       42  btod.o(CL$$btod_emul)
    CL$$btod_mult_common                     0x08003408   Section      580  btod.o(CL$$btod_mult_common)
    i.__ARM_fpclassify                       0x0800364c   Section        0  fpclassify.o(i.__ARM_fpclassify)
    i._is_digit                              0x0800367c   Section        0  __printf_wp.o(i._is_digit)
    locale$$code                             0x0800368c   Section       44  lc_numeric_c.o(locale$$code)
    locale$$code                             0x080036b8   Section       44  lc_ctype_c.o(locale$$code)
    $v0                                      0x080036e4   Number         0  fpinit.o(x$fpl$fpinit)
    x$fpl$fpinit                             0x080036e4   Section       26  fpinit.o(x$fpl$fpinit)
    $v0                                      0x080036fe   Number         0  printf1.o(x$fpl$printf1)
    x$fpl$printf1                            0x080036fe   Section        4  printf1.o(x$fpl$printf1)
    $v0                                      0x08003702   Number         0  printf2.o(x$fpl$printf2)
    x$fpl$printf2                            0x08003702   Section        4  printf2.o(x$fpl$printf2)
    x$fpl$usenofp                            0x08003706   Section        0  usenofp.o(x$fpl$usenofp)
    initial_mbstate                          0x08003708   Data           8  _printf_wctomb.o(.constdata)
    .constdata                               0x08003708   Section        8  _printf_wctomb.o(.constdata)
    uc_hextab                                0x08003710   Data          20  _printf_hex_int_ll_ptr.o(.constdata)
    .constdata                               0x08003710   Section       40  _printf_hex_int_ll_ptr.o(.constdata)
    lc_hextab                                0x08003724   Data          20  _printf_hex_int_ll_ptr.o(.constdata)
    maptable                                 0x08003738   Data          17  __printf_flags_ss_wp.o(.constdata)
    .constdata                               0x08003738   Section       17  __printf_flags_ss_wp.o(.constdata)
    lc_hextab                                0x08003749   Data          19  _printf_fp_hex.o(.constdata)
    .constdata                               0x08003749   Section       38  _printf_fp_hex.o(.constdata)
    uc_hextab                                0x0800375c   Data          19  _printf_fp_hex.o(.constdata)
    tenpwrs_x                                0x08003770   Data          60  bigflt0.o(.constdata)
    .constdata                               0x08003770   Section      148  bigflt0.o(.constdata)
    tenpwrs_i                                0x080037ac   Data          64  bigflt0.o(.constdata)
    .L__const.main.txt                       0x08003804   Data          50  lab_2.o(.rodata..L__const.main.txt)
    .L.str                                   0x08003836   Data           5  lab_2.o(.rodata.str1.1)
    [Anonymous Symbol]                       0x08003836   Section        0  lab_2.o(.rodata.str1.1)
    locale$$data                             0x0800385c   Section       28  lc_numeric_c.o(locale$$data)
    __lcnum_c_name                           0x08003860   Data           2  lc_numeric_c.o(locale$$data)
    __lcnum_c_start                          0x08003868   Data           0  lc_numeric_c.o(locale$$data)
    __lcnum_c_point                          0x08003874   Data           0  lc_numeric_c.o(locale$$data)
    __lcnum_c_thousands                      0x08003876   Data           0  lc_numeric_c.o(locale$$data)
    __lcnum_c_grouping                       0x08003877   Data           0  lc_numeric_c.o(locale$$data)
    __lcnum_c_end                            0x08003878   Data           0  lc_numeric_c.o(locale$$data)
    locale$$data                             0x08003878   Section      272  lc_ctype_c.o(locale$$data)
    __lcctype_c_name                         0x0800387c   Data           2  lc_ctype_c.o(locale$$data)
    __lcctype_c_start                        0x08003884   Data           0  lc_ctype_c.o(locale$$data)
    __lcctype_c_end                          0x08003988   Data           0  lc_ctype_c.o(locale$$data)
    .init_array                              0x0800398c   Section        0  init_aeabi.o(.init_array)
    .bss                                     0x20020010   Section       96  libspace.o(.bss)
    Heap_Mem                                 0x20020230   Data         512  startup_stm32f767xx.o(HEAP)
    HEAP                                     0x20020230   Section      512  startup_stm32f767xx.o(HEAP)
    Stack_Mem                                0x20020430   Data        1024  startup_stm32f767xx.o(STACK)
    STACK                                    0x20020430   Section     1024  startup_stm32f767xx.o(STACK)
    __initial_sp                             0x20020830   Data           0  startup_stm32f767xx.o(STACK)

    Global Symbols

    Symbol Name                              Value     Ov Type        Size  Object(Section)

    BuildAttributes$$THM_ISAv4$E$P$D$K$B$S$7EM$VFPv5_D16$PE$PLD8$A:L22UL41UL21$X:L11$S22US41US21$IEEE1$IW$~IW$USESV6$~STKCKD$USESV7$~SHL$OTIME$ROPI$IEEEJ$EBA8$UX$STANDARDLIB$REQ8$PRES8$EABIv2 0x00000000   Number         0  anon$$obj.o ABSOLUTE
    _printf_flags                            0x00000000   Number         0  printf_stubs.o ABSOLUTE
    _printf_return_value                     0x00000000   Number         0  printf_stubs.o ABSOLUTE
    _printf_sizespec                         0x00000000   Number         0  printf_stubs.o ABSOLUTE
    _printf_widthprec                        0x00000000   Number         0  printf_stubs.o ABSOLUTE
    __ARM_exceptions_init                     - Undefined Weak Reference
    __alloca_initialize                       - Undefined Weak Reference
    __arm_preinit_                            - Undefined Weak Reference
    __arm_relocate_pie_                       - Undefined Weak Reference
    __cxa_finalize                            - Undefined Weak Reference
    __sigvec_lookup                           - Undefined Weak Reference
    _atexit_init                              - Undefined Weak Reference
    _call_atexit_fns                          - Undefined Weak Reference
    _clock_init                               - Undefined Weak Reference
    _fp_trap_init                             - Undefined Weak Reference
    _fp_trap_shutdown                         - Undefined Weak Reference
    _get_lc_collate                           - Undefined Weak Reference
    _get_lc_monetary                          - Undefined Weak Reference
    _get_lc_time                              - Undefined Weak Reference
    _getenv_init                              - Undefined Weak Reference
    _handle_redirection                       - Undefined Weak Reference
    _init_alloc                               - Undefined Weak Reference
    _init_user_alloc                          - Undefined Weak Reference
    _initio                                   - Undefined Weak Reference
    _printf_mbtowc                            - Undefined Weak Reference
    _printf_wc                                - Undefined Weak Reference
    _rand_init                                - Undefined Weak Reference
    _signal_finish                            - Undefined Weak Reference
    _signal_init                              - Undefined Weak Reference
    _terminate_alloc                          - Undefined Weak Reference
    _terminate_user_alloc                     - Undefined Weak Reference
    _terminateio                              - Undefined Weak Reference
    __Vectors_Size                           0x000001f8   Number         0  startup_stm32f767xx.o ABSOLUTE
    __Vectors                                0x08000000   Data           4  startup_stm32f767xx.o(RESET)
    __Vectors_End                            0x080001f8   Data           0  startup_stm32f767xx.o(RESET)
    __main                                   0x080001f9   Thumb Code     8  __main.o(!!!main)
    __scatterload                            0x08000201   Thumb Code     0  __scatter.o(!!!scatter)
    __scatterload_rt2                        0x08000201   Thumb Code    84  __scatter.o(!!!scatter)
    __scatterload_rt2_thumb_only             0x08000201   Thumb Code     0  __scatter.o(!!!scatter)
    __scatterload_loop                       0x0800020b   Thumb Code     0  __scatter.o(!!!scatter)
    __scatterload_copy                       0x0800025d   Thumb Code    26  __scatter_copy.o(!!handler_copy)
    __scatterload_null                       0x08000279   Thumb Code     2  __scatter.o(!!handler_null)
    __scatterload_zeroinit                   0x0800027d   Thumb Code    28  __scatter_zi.o(!!handler_zi)
    _printf_n                                0x08000299   Thumb Code     0  _printf_n.o(.ARM.Collect$$_printf_percent$$00000001)
    _printf_percent                          0x08000299   Thumb Code     0  _printf_percent.o(.ARM.Collect$$_printf_percent$$00000000)
    _printf_p                                0x0800029f   Thumb Code     0  _printf_p.o(.ARM.Collect$$_printf_percent$$00000002)
    _printf_f                                0x080002a5   Thumb Code     0  _printf_f.o(.ARM.Collect$$_printf_percent$$00000003)
    _printf_e                                0x080002ab   Thumb Code     0  _printf_e.o(.ARM.Collect$$_printf_percent$$00000004)
    _printf_g                                0x080002b1   Thumb Code     0  _printf_g.o(.ARM.Collect$$_printf_percent$$00000005)
    _printf_a                                0x080002b7   Thumb Code     0  _printf_a.o(.ARM.Collect$$_printf_percent$$00000006)
    _printf_ll                               0x080002bd   Thumb Code     0  _printf_ll.o(.ARM.Collect$$_printf_percent$$00000007)
    _printf_i                                0x080002c7   Thumb Code     0  _printf_i.o(.ARM.Collect$$_printf_percent$$00000008)
    _printf_d                                0x080002cd   Thumb Code     0  _printf_d.o(.ARM.Collect$$_printf_percent$$00000009)
    _printf_u                                0x080002d3   Thumb Code     0  _printf_u.o(.ARM.Collect$$_printf_percent$$0000000A)
    _printf_o                                0x080002d9   Thumb Code     0  _printf_o.o(.ARM.Collect$$_printf_percent$$0000000B)
    _printf_x                                0x080002df   Thumb Code     0  _printf_x.o(.ARM.Collect$$_printf_percent$$0000000C)
    _printf_lli                              0x080002e5   Thumb Code     0  _printf_lli.o(.ARM.Collect$$_printf_percent$$0000000D)
    _printf_lld                              0x080002eb   Thumb Code     0  _printf_lld.o(.ARM.Collect$$_printf_percent$$0000000E)
    _printf_llu                              0x080002f1   Thumb Code     0  _printf_llu.o(.ARM.Collect$$_printf_percent$$0000000F)
    _printf_llo                              0x080002f7   Thumb Code     0  _printf_llo.o(.ARM.Collect$$_printf_percent$$00000010)
    _printf_llx                              0x080002fd   Thumb Code     0  _printf_llx.o(.ARM.Collect$$_printf_percent$$00000011)
    _printf_l                                0x08000303   Thumb Code     0  _printf_l.o(.ARM.Collect$$_printf_percent$$00000012)
    _printf_c                                0x0800030d   Thumb Code     0  _printf_c.o(.ARM.Collect$$_printf_percent$$00000013)
    _printf_s                                0x08000313   Thumb Code     0  _printf_s.o(.ARM.Collect$$_printf_percent$$00000014)
    _printf_lc                               0x08000319   Thumb Code     0  _printf_lc.o(.ARM.Collect$$_printf_percent$$00000015)
    _printf_ls                               0x0800031f   Thumb Code     0  _printf_ls.o(.ARM.Collect$$_printf_percent$$00000016)
    _printf_percent_end                      0x08000325   Thumb Code     0  _printf_percent_end.o(.ARM.Collect$$_printf_percent$$00000017)
    __rt_lib_init                            0x08000329   Thumb Code     0  libinit.o(.ARM.Collect$$libinit$$00000000)
    __rt_lib_init_fp_1                       0x0800032b   Thumb Code     0  libinit2.o(.ARM.Collect$$libinit$$00000001)
    __rt_lib_init_heap_1                     0x0800032f   Thumb Code     0  libinit2.o(.ARM.Collect$$libinit$$0000000C)
    __rt_lib_init_lc_common                  0x0800032f   Thumb Code     0  libinit2.o(.ARM.Collect$$libinit$$00000011)
    __rt_lib_init_preinit_1                  0x0800032f   Thumb Code     0  libinit2.o(.ARM.Collect$$libinit$$00000006)
    __rt_lib_init_rand_1                     0x0800032f   Thumb Code     0  libinit2.o(.ARM.Collect$$libinit$$00000010)
    __rt_lib_init_relocate_pie_1             0x0800032f   Thumb Code     0  libinit2.o(.ARM.Collect$$libinit$$00000004)
    __rt_lib_init_user_alloc_1               0x0800032f   Thumb Code     0  libinit2.o(.ARM.Collect$$libinit$$0000000E)
    __rt_lib_init_lc_collate_1               0x08000335   Thumb Code     0  libinit2.o(.ARM.Collect$$libinit$$00000013)
    __rt_lib_init_lc_ctype_2                 0x08000335   Thumb Code     0  libinit2.o(.ARM.Collect$$libinit$$00000014)
    __rt_lib_init_lc_ctype_1                 0x08000341   Thumb Code     0  libinit2.o(.ARM.Collect$$libinit$$00000015)
    __rt_lib_init_lc_monetary_1              0x08000341   Thumb Code     0  libinit2.o(.ARM.Collect$$libinit$$00000017)
    __rt_lib_init_lc_numeric_2               0x08000341   Thumb Code     0  libinit2.o(.ARM.Collect$$libinit$$00000018)
    __rt_lib_init_alloca_1                   0x0800034b   Thumb Code     0  libinit2.o(.ARM.Collect$$libinit$$00000030)
    __rt_lib_init_argv_1                     0x0800034b   Thumb Code     0  libinit2.o(.ARM.Collect$$libinit$$0000002E)
    __rt_lib_init_atexit_1                   0x0800034b   Thumb Code     0  libinit2.o(.ARM.Collect$$libinit$$0000001D)
    __rt_lib_init_clock_1                    0x0800034b   Thumb Code     0  libinit2.o(.ARM.Collect$$libinit$$00000023)
    __rt_lib_init_cpp_2                      0x0800034b   Thumb Code     0  libinit2.o(.ARM.Collect$$libinit$$00000033)
    __rt_lib_init_exceptions_1               0x0800034b   Thumb Code     0  libinit2.o(.ARM.Collect$$libinit$$00000032)
    __rt_lib_init_fp_trap_1                  0x0800034b   Thumb Code     0  libinit2.o(.ARM.Collect$$libinit$$00000021)
    __rt_lib_init_getenv_1                   0x0800034b   Thumb Code     0  libinit2.o(.ARM.Collect$$libinit$$00000025)
    __rt_lib_init_lc_numeric_1               0x0800034b   Thumb Code     0  libinit2.o(.ARM.Collect$$libinit$$00000019)
    __rt_lib_init_lc_time_1                  0x0800034b   Thumb Code     0  libinit2.o(.ARM.Collect$$libinit$$0000001B)
    __rt_lib_init_signal_1                   0x0800034b   Thumb Code     0  libinit2.o(.ARM.Collect$$libinit$$0000001F)
    __rt_lib_init_stdio_1                    0x0800034b   Thumb Code     0  libinit2.o(.ARM.Collect$$libinit$$00000027)
    __rt_lib_init_cpp_1                      0x0800034f   Thumb Code     0  libinit2.o(.ARM.Collect$$libinit$$00000034)
    __rt_lib_init_return                     0x0800034f   Thumb Code     0  libinit2.o(.ARM.Collect$$libinit$$00000035)
    __rt_lib_shutdown                        0x08000351   Thumb Code     0  libshutdown.o(.ARM.Collect$$libshutdown$$00000000)
    __rt_lib_shutdown_cpp_1                  0x08000353   Thumb Code     0  libshutdown2.o(.ARM.Collect$$libshutdown$$00000002)
    __rt_lib_shutdown_fp_trap_1              0x08000353   Thumb Code     0  libshutdown2.o(.ARM.Collect$$libshutdown$$00000007)
    __rt_lib_shutdown_heap_1                 0x08000353   Thumb Code     0  libshutdown2.o(.ARM.Collect$$libshutdown$$0000000F)
    __rt_lib_shutdown_return                 0x08000353   Thumb Code     0  libshutdown2.o(.ARM.Collect$$libshutdown$$00000010)
    __rt_lib_shutdown_signal_1               0x08000353   Thumb Code     0  libshutdown2.o(.ARM.Collect$$libshutdown$$0000000A)
    __rt_lib_shutdown_stdio_1                0x08000353   Thumb Code     0  libshutdown2.o(.ARM.Collect$$libshutdown$$00000004)
    __rt_lib_shutdown_user_alloc_1           0x08000353   Thumb Code     0  libshutdown2.o(.ARM.Collect$$libshutdown$$0000000C)
    __rt_entry                               0x08000355   Thumb Code     0  __rtentry.o(.ARM.Collect$$rtentry$$00000000)
    __rt_entry_presh_1                       0x08000355   Thumb Code     0  __rtentry2.o(.ARM.Collect$$rtentry$$00000002)
    __rt_entry_sh                            0x08000355   Thumb Code     0  __rtentry4.o(.ARM.Collect$$rtentry$$00000004)
    __rt_entry_li                            0x0800035b   Thumb Code     0  __rtentry2.o(.ARM.Collect$$rtentry$$0000000A)
    __rt_entry_postsh_1                      0x0800035b   Thumb Code     0  __rtentry2.o(.ARM.Collect$$rtentry$$00000009)
    __rt_entry_main                          0x0800035f   Thumb Code     0  __rtentry2.o(.ARM.Collect$$rtentry$$0000000D)
    __rt_entry_postli_1                      0x0800035f   Thumb Code     0  __rtentry2.o(.ARM.Collect$$rtentry$$0000000C)
    __rt_exit                                0x08000367   Thumb Code     0  rtexit.o(.ARM.Collect$$rtexit$$00000000)
    __rt_exit_ls                             0x08000369   Thumb Code     0  rtexit2.o(.ARM.Collect$$rtexit$$00000003)
    __rt_exit_prels_1                        0x08000369   Thumb Code     0  rtexit2.o(.ARM.Collect$$rtexit$$00000002)
    __rt_exit_exit                           0x0800036d   Thumb Code     0  rtexit2.o(.ARM.Collect$$rtexit$$00000004)
    Reset_Handler                            0x08000375   Thumb Code     8  startup_stm32f767xx.o(.text)
    NMI_Handler                              0x0800037d   Thumb Code     2  startup_stm32f767xx.o(.text)
    HardFault_Handler                        0x0800037f   Thumb Code     2  startup_stm32f767xx.o(.text)
    MemManage_Handler                        0x08000381   Thumb Code     2  startup_stm32f767xx.o(.text)
    BusFault_Handler                         0x08000383   Thumb Code     2  startup_stm32f767xx.o(.text)
    UsageFault_Handler                       0x08000385   Thumb Code     2  startup_stm32f767xx.o(.text)
    SVC_Handler                              0x08000387   Thumb Code     2  startup_stm32f767xx.o(.text)
    DebugMon_Handler                         0x08000389   Thumb Code     2  startup_stm32f767xx.o(.text)
    PendSV_Handler                           0x0800038b   Thumb Code     2  startup_stm32f767xx.o(.text)
    SysTick_Handler                          0x0800038d   Thumb Code     2  startup_stm32f767xx.o(.text)
    ADC_IRQHandler                           0x0800038f   Thumb Code     0  startup_stm32f767xx.o(.text)
    CAN1_RX0_IRQHandler                      0x0800038f   Thumb Code     0  startup_stm32f767xx.o(.text)
    CAN1_RX1_IRQHandler                      0x0800038f   Thumb Code     0  startup_stm32f767xx.o(.text)
    CAN1_SCE_IRQHandler                      0x0800038f   Thumb Code     0  startup_stm32f767xx.o(.text)
    CAN1_TX_IRQHandler                       0x0800038f   Thumb Code     0  startup_stm32f767xx.o(.text)
    CAN2_RX0_IRQHandler                      0x0800038f   Thumb Code     0  startup_stm32f767xx.o(.text)
    CAN2_RX1_IRQHandler                      0x0800038f   Thumb Code     0  startup_stm32f767xx.o(.text)
    CAN2_SCE_IRQHandler                      0x0800038f   Thumb Code     0  startup_stm32f767xx.o(.text)
    CAN2_TX_IRQHandler                       0x0800038f   Thumb Code     0  startup_stm32f767xx.o(.text)
    CAN3_RX0_IRQHandler                      0x0800038f   Thumb Code     0  startup_stm32f767xx.o(.text)
    CAN3_RX1_IRQHandler                      0x0800038f   Thumb Code     0  startup_stm32f767xx.o(.text)
    CAN3_SCE_IRQHandler                      0x0800038f   Thumb Code     0  startup_stm32f767xx.o(.text)
    CAN3_TX_IRQHandler                       0x0800038f   Thumb Code     0  startup_stm32f767xx.o(.text)
    CEC_IRQHandler                           0x0800038f   Thumb Code     0  startup_stm32f767xx.o(.text)
    DCMI_IRQHandler                          0x0800038f   Thumb Code     0  startup_stm32f767xx.o(.text)
    DFSDM1_FLT0_IRQHandler                   0x0800038f   Thumb Code     0  startup_stm32f767xx.o(.text)
    DFSDM1_FLT1_IRQHandler                   0x0800038f   Thumb Code     0  startup_stm32f767xx.o(.text)
    DFSDM1_FLT2_IRQHandler                   0x0800038f   Thumb Code     0  startup_stm32f767xx.o(.text)
    DFSDM1_FLT3_IRQHandler                   0x0800038f   Thumb Code     0  startup_stm32f767xx.o(.text)
    DMA1_Stream0_IRQHandler                  0x0800038f   Thumb Code     0  startup_stm32f767xx.o(.text)
    DMA1_Stream1_IRQHandler                  0x0800038f   Thumb Code     0  startup_stm32f767xx.o(.text)
    DMA1_Stream2_IRQHandler                  0x0800038f   Thumb Code     0  startup_stm32f767xx.o(.text)
    DMA1_Stream3_IRQHandler                  0x0800038f   Thumb Code     0  startup_stm32f767xx.o(.text)
    DMA1_Stream4_IRQHandler                  0x0800038f   Thumb Code     0  startup_stm32f767xx.o(.text)
    DMA1_Stream5_IRQHandler                  0x0800038f   Thumb Code     0  startup_stm32f767xx.o(.text)
    DMA1_Stream6_IRQHandler                  0x0800038f   Thumb Code     0  startup_stm32f767xx.o(.text)
    DMA1_Stream7_IRQHandler                  0x0800038f   Thumb Code     0  startup_stm32f767xx.o(.text)
    DMA2D_IRQHandler                         0x0800038f   Thumb Code     0  startup_stm32f767xx.o(.text)
    DMA2_Stream0_IRQHandler                  0x0800038f   Thumb Code     0  startup_stm32f767xx.o(.text)
    DMA2_Stream1_IRQHandler                  0x0800038f   Thumb Code     0  startup_stm32f767xx.o(.text)
    DMA2_Stream2_IRQHandler                  0x0800038f   Thumb Code     0  startup_stm32f767xx.o(.text)
    DMA2_Stream3_IRQHandler                  0x0800038f   Thumb Code     0  startup_stm32f767xx.o(.text)
    DMA2_Stream4_IRQHandler                  0x0800038f   Thumb Code     0  startup_stm32f767xx.o(.text)
    DMA2_Stream5_IRQHandler                  0x0800038f   Thumb Code     0  startup_stm32f767xx.o(.text)
    DMA2_Stream6_IRQHandler                  0x0800038f   Thumb Code     0  startup_stm32f767xx.o(.text)
    DMA2_Stream7_IRQHandler                  0x0800038f   Thumb Code     0  startup_stm32f767xx.o(.text)
    ETH_IRQHandler                           0x0800038f   Thumb Code     0  startup_stm32f767xx.o(.text)
    ETH_WKUP_IRQHandler                      0x0800038f   Thumb Code     0  startup_stm32f767xx.o(.text)
    EXTI0_IRQHandler                         0x0800038f   Thumb Code     0  startup_stm32f767xx.o(.text)
    EXTI15_10_IRQHandler                     0x0800038f   Thumb Code     0  startup_stm32f767xx.o(.text)
    EXTI1_IRQHandler                         0x0800038f   Thumb Code     0  startup_stm32f767xx.o(.text)
    EXTI2_IRQHandler                         0x0800038f   Thumb Code     0  startup_stm32f767xx.o(.text)
    EXTI3_IRQHandler                         0x0800038f   Thumb Code     0  startup_stm32f767xx.o(.text)
    EXTI4_IRQHandler                         0x0800038f   Thumb Code     0  startup_stm32f767xx.o(.text)
    EXTI9_5_IRQHandler                       0x0800038f   Thumb Code     0  startup_stm32f767xx.o(.text)
    FLASH_IRQHandler                         0x0800038f   Thumb Code     0  startup_stm32f767xx.o(.text)
    FMC_IRQHandler                           0x0800038f   Thumb Code     0  startup_stm32f767xx.o(.text)
    FPU_IRQHandler                           0x0800038f   Thumb Code     0  startup_stm32f767xx.o(.text)
    I2C1_ER_IRQHandler                       0x0800038f   Thumb Code     0  startup_stm32f767xx.o(.text)
    I2C1_EV_IRQHandler                       0x0800038f   Thumb Code     0  startup_stm32f767xx.o(.text)
    I2C2_ER_IRQHandler                       0x0800038f   Thumb Code     0  startup_stm32f767xx.o(.text)
    I2C2_EV_IRQHandler                       0x0800038f   Thumb Code     0  startup_stm32f767xx.o(.text)
    I2C3_ER_IRQHandler                       0x0800038f   Thumb Code     0  startup_stm32f767xx.o(.text)
    I2C3_EV_IRQHandler                       0x0800038f   Thumb Code     0  startup_stm32f767xx.o(.text)
    I2C4_ER_IRQHandler                       0x0800038f   Thumb Code     0  startup_stm32f767xx.o(.text)
    I2C4_EV_IRQHandler                       0x0800038f   Thumb Code     0  startup_stm32f767xx.o(.text)
    JPEG_IRQHandler                          0x0800038f   Thumb Code     0  startup_stm32f767xx.o(.text)
    LPTIM1_IRQHandler                        0x0800038f   Thumb Code     0  startup_stm32f767xx.o(.text)
    LTDC_ER_IRQHandler                       0x0800038f   Thumb Code     0  startup_stm32f767xx.o(.text)
    LTDC_IRQHandler                          0x0800038f   Thumb Code     0  startup_stm32f767xx.o(.text)
    MDIOS_IRQHandler                         0x0800038f   Thumb Code     0  startup_stm32f767xx.o(.text)
    OTG_FS_IRQHandler                        0x0800038f   Thumb Code     0  startup_stm32f767xx.o(.text)
    OTG_FS_WKUP_IRQHandler                   0x0800038f   Thumb Code     0  startup_stm32f767xx.o(.text)
    OTG_HS_EP1_IN_IRQHandler                 0x0800038f   Thumb Code     0  startup_stm32f767xx.o(.text)
    OTG_HS_EP1_OUT_IRQHandler                0x0800038f   Thumb Code     0  startup_stm32f767xx.o(.text)
    OTG_HS_IRQHandler                        0x0800038f   Thumb Code     0  startup_stm32f767xx.o(.text)
    OTG_HS_WKUP_IRQHandler                   0x0800038f   Thumb Code     0  startup_stm32f767xx.o(.text)
    PVD_IRQHandler                           0x0800038f   Thumb Code     0  startup_stm32f767xx.o(.text)
    QUADSPI_IRQHandler                       0x0800038f   Thumb Code     0  startup_stm32f767xx.o(.text)
    RCC_IRQHandler                           0x0800038f   Thumb Code     0  startup_stm32f767xx.o(.text)
    RNG_IRQHandler                           0x0800038f   Thumb Code     0  startup_stm32f767xx.o(.text)
    RTC_Alarm_IRQHandler                     0x0800038f   Thumb Code     0  startup_stm32f767xx.o(.text)
    RTC_WKUP_IRQHandler                      0x0800038f   Thumb Code     0  startup_stm32f767xx.o(.text)
    SAI1_IRQHandler                          0x0800038f   Thumb Code     0  startup_stm32f767xx.o(.text)
    SAI2_IRQHandler                          0x0800038f   Thumb Code     0  startup_stm32f767xx.o(.text)
    SDMMC1_IRQHandler                        0x0800038f   Thumb Code     0  startup_stm32f767xx.o(.text)
    SDMMC2_IRQHandler                        0x0800038f   Thumb Code     0  startup_stm32f767xx.o(.text)
    SPDIF_RX_IRQHandler                      0x0800038f   Thumb Code     0  startup_stm32f767xx.o(.text)
    SPI1_IRQHandler                          0x0800038f   Thumb Code     0  startup_stm32f767xx.o(.text)
    SPI2_IRQHandler                          0x0800038f   Thumb Code     0  startup_stm32f767xx.o(.text)
    SPI3_IRQHandler                          0x0800038f   Thumb Code     0  startup_stm32f767xx.o(.text)
    SPI4_IRQHandler                          0x0800038f   Thumb Code     0  startup_stm32f767xx.o(.text)
    SPI5_IRQHandler                          0x0800038f   Thumb Code     0  startup_stm32f767xx.o(.text)
    SPI6_IRQHandler                          0x0800038f   Thumb Code     0  startup_stm32f767xx.o(.text)
    TAMP_STAMP_IRQHandler                    0x0800038f   Thumb Code     0  startup_stm32f767xx.o(.text)
    TIM1_BRK_TIM9_IRQHandler                 0x0800038f   Thumb Code     0  startup_stm32f767xx.o(.text)
    TIM1_CC_IRQHandler                       0x0800038f   Thumb Code     0  startup_stm32f767xx.o(.text)
    TIM1_TRG_COM_TIM11_IRQHandler            0x0800038f   Thumb Code     0  startup_stm32f767xx.o(.text)
    TIM1_UP_TIM10_IRQHandler                 0x0800038f   Thumb Code     0  startup_stm32f767xx.o(.text)
    TIM2_IRQHandler                          0x0800038f   Thumb Code     0  startup_stm32f767xx.o(.text)
    TIM3_IRQHandler                          0x0800038f   Thumb Code     0  startup_stm32f767xx.o(.text)
    TIM4_IRQHandler                          0x0800038f   Thumb Code     0  startup_stm32f767xx.o(.text)
    TIM5_IRQHandler                          0x0800038f   Thumb Code     0  startup_stm32f767xx.o(.text)
    TIM6_DAC_IRQHandler                      0x0800038f   Thumb Code     0  startup_stm32f767xx.o(.text)
    TIM7_IRQHandler                          0x0800038f   Thumb Code     0  startup_stm32f767xx.o(.text)
    TIM8_BRK_TIM12_IRQHandler                0x0800038f   Thumb Code     0  startup_stm32f767xx.o(.text)
    TIM8_CC_IRQHandler                       0x0800038f   Thumb Code     0  startup_stm32f767xx.o(.text)
    TIM8_TRG_COM_TIM14_IRQHandler            0x0800038f   Thumb Code     0  startup_stm32f767xx.o(.text)
    TIM8_UP_TIM13_IRQHandler                 0x0800038f   Thumb Code     0  startup_stm32f767xx.o(.text)
    UART4_IRQHandler                         0x0800038f   Thumb Code     0  startup_stm32f767xx.o(.text)
    UART5_IRQHandler                         0x0800038f   Thumb Code     0  startup_stm32f767xx.o(.text)
    UART7_IRQHandler                         0x0800038f   Thumb Code     0  startup_stm32f767xx.o(.text)
    UART8_IRQHandler                         0x0800038f   Thumb Code     0  startup_stm32f767xx.o(.text)
    USART1_IRQHandler                        0x0800038f   Thumb Code     0  startup_stm32f767xx.o(.text)
    USART2_IRQHandler                        0x0800038f   Thumb Code     0  startup_stm32f767xx.o(.text)
    USART6_IRQHandler                        0x0800038f   Thumb Code     0  startup_stm32f767xx.o(.text)
    WWDG_IRQHandler                          0x0800038f   Thumb Code     0  startup_stm32f767xx.o(.text)
    __user_initial_stackheap                 0x08000391   Thumb Code     0  startup_stm32f767xx.o(.text)
    sprintf                                  0x080003b5   Thumb Code    38  sprintf.o(.text)
    __aeabi_memcpy                           0x080003e1   Thumb Code     0  rt_memcpy_v6.o(.text)
    __rt_memcpy                              0x080003e1   Thumb Code   138  rt_memcpy_v6.o(.text)
    _memcpy_lastbytes                        0x08000447   Thumb Code     0  rt_memcpy_v6.o(.text)
    __use_two_region_memory                  0x0800046b   Thumb Code     2  heapauxi.o(.text)
    __rt_heap_escrow$2region                 0x0800046d   Thumb Code     2  heapauxi.o(.text)
    __rt_heap_expand$2region                 0x0800046f   Thumb Code     2  heapauxi.o(.text)
    __cpp_initialize__aeabi_                 0x08000471   Thumb Code    36  init_aeabi.o(.text)
    _printf_pre_padding                      0x0800049d   Thumb Code    44  _printf_pad.o(.text)
    _printf_post_padding                     0x080004c9   Thumb Code    34  _printf_pad.o(.text)
    _printf_truncate_signed                  0x080004eb   Thumb Code    18  _printf_truncate.o(.text)
    _printf_truncate_unsigned                0x080004fd   Thumb Code    18  _printf_truncate.o(.text)
    _printf_str                              0x0800050f   Thumb Code    82  _printf_str.o(.text)
    _printf_int_dec                          0x08000561   Thumb Code   104  _printf_dec.o(.text)
    _printf_charcount                        0x080005d9   Thumb Code    40  _printf_charcount.o(.text)
    _printf_char_common                      0x0800060b   Thumb Code    32  _printf_char_common.o(.text)
    _sputc                                   0x08000631   Thumb Code    10  _sputc.o(.text)
    _printf_wctomb                           0x0800063d   Thumb Code   182  _printf_wctomb.o(.text)
    _printf_longlong_dec                     0x080006f9   Thumb Code   108  _printf_longlong_dec.o(.text)
    _printf_longlong_oct                     0x08000775   Thumb Code    68  _printf_oct_int_ll.o(.text)
    _printf_int_oct                          0x080007b9   Thumb Code    24  _printf_oct_int_ll.o(.text)
    _printf_ll_oct                           0x080007d1   Thumb Code    12  _printf_oct_int_ll.o(.text)
    _printf_longlong_hex                     0x080007e5   Thumb Code    86  _printf_hex_int_ll_ptr.o(.text)
    _printf_int_hex                          0x0800083b   Thumb Code    28  _printf_hex_int_ll_ptr.o(.text)
    _printf_ll_hex                           0x08000857   Thumb Code    12  _printf_hex_int_ll_ptr.o(.text)
    _printf_hex_ptr                          0x08000863   Thumb Code    18  _printf_hex_int_ll_ptr.o(.text)
    __printf                                 0x08000879   Thumb Code   388  __printf_flags_ss_wp.o(.text)
    __aeabi_memcpy4                          0x08000a01   Thumb Code     0  rt_memcpy_w.o(.text)
    __aeabi_memcpy8                          0x08000a01   Thumb Code     0  rt_memcpy_w.o(.text)
    __rt_memcpy_w                            0x08000a01   Thumb Code   100  rt_memcpy_w.o(.text)
    _memcpy_lastbytes_aligned                0x08000a49   Thumb Code     0  rt_memcpy_w.o(.text)
    _ll_udiv10                               0x08000a65   Thumb Code   138  lludiv10.o(.text)
    _printf_int_common                       0x08000aef   Thumb Code   178  _printf_intcommon.o(.text)
    _printf_fp_dec_real                      0x08000d51   Thumb Code   620  _printf_fp_dec.o(.text)
    _printf_fp_hex_real                      0x08000fbd   Thumb Code   756  _printf_fp_hex.o(.text)
    _printf_cs_common                        0x080012b9   Thumb Code    20  _printf_char.o(.text)
    _printf_char                             0x080012cd   Thumb Code    16  _printf_char.o(.text)
    _printf_string                           0x080012dd   Thumb Code     8  _printf_char.o(.text)
    _printf_lcs_common                       0x080012e5   Thumb Code    20  _printf_wchar.o(.text)
    _printf_wchar                            0x080012f9   Thumb Code    16  _printf_wchar.o(.text)
    _printf_wstring                          0x08001309   Thumb Code     8  _printf_wchar.o(.text)
    _c16rtomb                                0x08001311   Thumb Code    72  _c16rtomb.o(.text)
    _wcrtomb                                 0x08001311   Thumb Code     0  _c16rtomb.o(.text)
    __user_setup_stackheap                   0x08001359   Thumb Code    74  sys_stackheap_outer.o(.text)
    __rt_ctype_table                         0x080013a5   Thumb Code    16  rt_ctype_table.o(.text)
    __rt_locale                              0x080013b5   Thumb Code     8  rt_locale_intlibspace.o(.text)
    _printf_fp_infnan                        0x080013bd   Thumb Code   112  _printf_fp_infnan.o(.text)
    _btod_etento                             0x0800143d   Thumb Code   224  bigflt0.o(.text)
    exit                                     0x08001521   Thumb Code    18  exit.o(.text)
    __user_libspace                          0x08001535   Thumb Code     8  libspace.o(.text)
    __user_perproc_libspace                  0x08001535   Thumb Code     0  libspace.o(.text)
    __user_perthread_libspace                0x08001535   Thumb Code     0  libspace.o(.text)
    strcmp                                   0x08001541   Thumb Code   124  strcmpv7m_pel.o(.text)
    __I$use$semihosting                      0x080015bd   Thumb Code     0  use_no_semi.o(.text)
    __use_no_semihosting_swi                 0x080015bd   Thumb Code     2  use_no_semi.o(.text)
    __semihosting_library_function           0x080015bf   Thumb Code     0  indicate_semi.o(.text)
    _sys_exit                                0x080015c1   Thumb Code     8  sys_exit.o(.text)
    SystemInit                               0x080015d1   Thumb Code    18  system_stm32f7xx.o(.text.SystemInit)
    USART3_IRQHandler                        0x080015e9   Thumb Code    52  lab_2.o(.text.USART3_IRQHandler)
    USART3_Init(unsigned int)                0x08001631   Thumb Code   100  lab_2.o(.text._Z11USART3_Initj)
    SysTick_Init()                           0x08001699   Thumb Code    28  lab_2.o(.text._Z12SysTick_Initv)
    SysTick_Wait(unsigned int)               0x080016b9   Thumb Code    56  lab_2.o(.text._Z12SysTick_Waitj)
    Servo_SetAngle(TIM_TypeDef*, unsigned char, unsigned char) 0x080016f1   Thumb Code   128  lab_2.o(.text._Z14Servo_SetAngleP11TIM_TypeDefhh)
    ADC_ReadChannel(unsigned char)           0x08001771   Thumb Code    86  lab_2.o(.text._Z15ADC_ReadChannelh)
    Config_TimerPWM(TIM_TypeDef*)            0x080017c9   Thumb Code    52  lab_2.o(.text._Z15Config_TimerPWMP11TIM_TypeDef)
    SysTick_Wait1ms(unsigned int)            0x08001801   Thumb Code    44  lab_2.o(.text._Z15SysTick_Wait1msj)
    SysTick_Wait1us(unsigned int)            0x08001831   Thumb Code    42  lab_2.o(.text._Z15SysTick_Wait1usj)
    USART3_SendChar(int)                     0x08001861   Thumb Code    44  lab_2.o(.text._Z15USART3_SendChari)
    USART3_SendFloat(float)                  0x08001891   Thumb Code    46  lab_2.o(.text._Z16USART3_SendFloatf)
    USART3_SendString(char const*)           0x080018c1   Thumb Code    34  lab_2.o(.text._Z17USART3_SendStringPKc)
    LCD_W(char)                              0x080018e9   Thumb Code    64  lab_2.o(.text._Z5LCD_Wc)
    SetTxt()                                 0x08001929   Thumb Code  2002  lab_2.o(.text._Z6SetTxtv)
    LCD_COM(char)                            0x08002101   Thumb Code    66  lab_2.o(.text._Z7LCD_COMc)
    vector1()                                0x08002149   Thumb Code   248  lab_2.o(.text._Z7vector1v)
    vector2()                                0x08002241   Thumb Code   248  lab_2.o(.text._Z7vector2v)
    vector3()                                0x08002339   Thumb Code   248  lab_2.o(.text._Z7vector3v)
    vector4()                                0x08002431   Thumb Code   248  lab_2.o(.text._Z7vector4v)
    vector5()                                0x08002529   Thumb Code   248  lab_2.o(.text._Z7vector5v)
    main                                     0x08002899   Thumb Code  1560  lab_2.o(.text.main)
    _btod_d2e                                0x08002ebd   Thumb Code    62  btod.o(CL$$btod_d2e)
    _d2e_denorm_low                          0x08002efb   Thumb Code    70  btod.o(CL$$btod_d2e_denorm_low)
    _d2e_norm_op1                            0x08002f41   Thumb Code    96  btod.o(CL$$btod_d2e_norm_op1)
    __btod_div_common                        0x08002fa1   Thumb Code   696  btod.o(CL$$btod_div_common)
    _e2e                                     0x080032d9   Thumb Code   220  btod.o(CL$$btod_e2e)
    _btod_ediv                               0x080033b5   Thumb Code    42  btod.o(CL$$btod_ediv)
    _btod_emul                               0x080033df   Thumb Code    42  btod.o(CL$$btod_emul)
    __btod_mult_common                       0x08003409   Thumb Code   580  btod.o(CL$$btod_mult_common)
    __ARM_fpclassify                         0x0800364d   Thumb Code    48  fpclassify.o(i.__ARM_fpclassify)
    _is_digit                                0x0800367d   Thumb Code    14  __printf_wp.o(i._is_digit)
    _get_lc_numeric                          0x0800368d   Thumb Code    44  lc_numeric_c.o(locale$$code)
    _get_lc_ctype                            0x080036b9   Thumb Code    44  lc_ctype_c.o(locale$$code)
    _fp_init                                 0x080036e5   Thumb Code    26  fpinit.o(x$fpl$fpinit)
    __fplib_config_fpu_vfp                   0x080036fd   Thumb Code     0  fpinit.o(x$fpl$fpinit)
    __fplib_config_pureend_doubles           0x080036fd   Thumb Code     0  fpinit.o(x$fpl$fpinit)
    _printf_fp_dec                           0x080036ff   Thumb Code     4  printf1.o(x$fpl$printf1)
    _printf_fp_hex                           0x08003703   Thumb Code     4  printf2.o(x$fpl$printf2)
    __I$use$fp                               0x08003706   Number         0  usenofp.o(x$fpl$usenofp)
    Region$$Table$$Base                      0x0800383c   Number         0  anon$$obj.o(Region$$Table)
    Region$$Table$$Limit                     0x0800385c   Number         0  anon$$obj.o(Region$$Table)
    __ctype                                  0x08003885   Data           0  lc_ctype_c.o(locale$$data)
    SHT$$INIT_ARRAY$$Base                    0x08003988   Number         0  lab_2.o(.init_array)
    SHT$$INIT_ARRAY$$Limit                   0x0800398c   Number         0  init_aeabi.o(.init_array)
    LCD_Mode                                 0x20020000   Data           1  lab_2.o(.data.LCD_Mode)
    LCD_ON                                   0x20020001   Data           1  lab_2.o(.data.LCD_ON)
    clean                                    0x20020002   Data           1  lab_2.o(.data.clean)
    dealyl                                   0x20020004   Data           4  lab_2.o(.data.dealyl)
    home                                     0x20020008   Data           1  lab_2.o(.data.home)
    set                                      0x20020009   Data           1  lab_2.o(.data.set)
    __libspace_start                         0x20020010   Data          96  libspace.o(.bss)
    BAUDRATE                                 0x20020070   Data           4  lab_2.o(.bss.BAUDRATE)
    __temporary_stack_top$libspace           0x20020070   Data           0  libspace.o(.bss)
    LCD_pos                                  0x20020074   Data           1  lab_2.o(.bss.LCD_pos)
    LINE1                                    0x20020075   Data           1  lab_2.o(.bss.LINE1)
    LINE2                                    0x20020076   Data           1  lab_2.o(.bss.LINE2)
    ang1                                     0x20020078   Data           4  lab_2.o(.bss.ang1)
    ang2                                     0x2002007c   Data           4  lab_2.o(.bss.ang2)
    ang3                                     0x20020080   Data           4  lab_2.o(.bss.ang3)
    ang4                                     0x20020084   Data           4  lab_2.o(.bss.ang4)
    ang5                                     0x20020088   Data           4  lab_2.o(.bss.ang5)
    aux                                      0x2002008c   Data          40  lab_2.o(.bss.aux)
    bandera                                  0x200200b4   Data           4  lab_2.o(.bss.bandera)
    cmd1                                     0x200200b8   Data           4  lab_2.o(.bss.cmd1)
    cmd2                                     0x200200bc   Data           4  lab_2.o(.bss.cmd2)
    cmd3                                     0x200200c0   Data           4  lab_2.o(.bss.cmd3)
    cmd4                                     0x200200c4   Data           4  lab_2.o(.bss.cmd4)
    cmd5                                     0x200200c8   Data           4  lab_2.o(.bss.cmd5)
    mult                                     0x200200cc   Data           4  lab_2.o(.bss.mult)
    pot1                                     0x200200d0   Data           4  lab_2.o(.bss.pot1)
    pot2                                     0x200200d4   Data           4  lab_2.o(.bss.pot2)
    pot3                                     0x200200d8   Data           4  lab_2.o(.bss.pot3)
    pot4                                     0x200200dc   Data           4  lab_2.o(.bss.pot4)
    pot5                                     0x200200e0   Data           4  lab_2.o(.bss.pot5)
    prom1                                    0x200200e4   Data           4  lab_2.o(.bss.prom1)
    prom2                                    0x200200e8   Data           4  lab_2.o(.bss.prom2)
    prom3                                    0x200200ec   Data           4  lab_2.o(.bss.prom3)
    prom4                                    0x200200f0   Data           4  lab_2.o(.bss.prom4)
    prom5                                    0x200200f4   Data           4  lab_2.o(.bss.prom5)
    reco                                     0x200200f8   Data           4  lab_2.o(.bss.reco)
    sec_home                                 0x200200fc   Data           4  lab_2.o(.bss.sec_home)
    target1                                  0x20020100   Data           4  lab_2.o(.bss.target1)
    target2                                  0x20020104   Data           4  lab_2.o(.bss.target2)
    target3                                  0x20020108   Data           4  lab_2.o(.bss.target3)
    target4                                  0x2002010c   Data           4  lab_2.o(.bss.target4)
    target5                                  0x20020110   Data           4  lab_2.o(.bss.target5)
    txt1                                     0x20020114   Data          32  lab_2.o(.bss.txt1)
    txt2                                     0x20020134   Data          32  lab_2.o(.bss.txt2)
    vec1                                     0x20020154   Data          44  lab_2.o(.bss.vec1)
    vec2                                     0x20020180   Data          44  lab_2.o(.bss.vec2)
    vec3                                     0x200201ac   Data          44  lab_2.o(.bss.vec3)
    vec4                                     0x200201d8   Data          44  lab_2.o(.bss.vec4)
    vec5                                     0x20020204   Data          44  lab_2.o(.bss.vec5)



==============================================================================

Memory Map of the image

  Image Entry point : 0x08000375

  Load Region LR_1 (Base: 0x08000000, Size: 0x00003998, Max: 0xffffffff, ABSOLUTE)

    Execution Region ER_RO (Exec base: 0x08000000, Load base: 0x08000000, Size: 0x0000398c, Max: 0xffffffff, ABSOLUTE)

    Exec Addr    Load Addr    Size         Type   Attr      Idx    E Section Name        Object

    0x08000000   0x08000000   0x000001f8   Data   RO          130    RESET               startup_stm32f767xx.o
    0x080001f8   0x080001f8   0x00000008   Code   RO          163  * !!!main             c_w.l(__main.o)
    0x08000200   0x08000200   0x0000005c   Code   RO          516    !!!scatter          c_w.l(__scatter.o)
    0x0800025c   0x0800025c   0x0000001a   Code   RO          520    !!handler_copy      c_w.l(__scatter_copy.o)
    0x08000276   0x08000276   0x00000002   PAD
    0x08000278   0x08000278   0x00000002   Code   RO          517    !!handler_null      c_w.l(__scatter.o)
    0x0800027a   0x0800027a   0x00000002   PAD
    0x0800027c   0x0800027c   0x0000001c   Code   RO          522    !!handler_zi        c_w.l(__scatter_zi.o)
    0x08000298   0x08000298   0x00000000   Code   RO          253    .ARM.Collect$$_printf_percent$$00000000  c_w.l(_printf_percent.o)
    0x08000298   0x08000298   0x00000006   Code   RO          242    .ARM.Collect$$_printf_percent$$00000001  c_w.l(_printf_n.o)
    0x0800029e   0x0800029e   0x00000006   Code   RO          244    .ARM.Collect$$_printf_percent$$00000002  c_w.l(_printf_p.o)
    0x080002a4   0x080002a4   0x00000006   Code   RO          249    .ARM.Collect$$_printf_percent$$00000003  c_w.l(_printf_f.o)
    0x080002aa   0x080002aa   0x00000006   Code   RO          250    .ARM.Collect$$_printf_percent$$00000004  c_w.l(_printf_e.o)
    0x080002b0   0x080002b0   0x00000006   Code   RO          251    .ARM.Collect$$_printf_percent$$00000005  c_w.l(_printf_g.o)
    0x080002b6   0x080002b6   0x00000006   Code   RO          252    .ARM.Collect$$_printf_percent$$00000006  c_w.l(_printf_a.o)
    0x080002bc   0x080002bc   0x0000000a   Code   RO          257    .ARM.Collect$$_printf_percent$$00000007  c_w.l(_printf_ll.o)
    0x080002c6   0x080002c6   0x00000006   Code   RO          246    .ARM.Collect$$_printf_percent$$00000008  c_w.l(_printf_i.o)
    0x080002cc   0x080002cc   0x00000006   Code   RO          247    .ARM.Collect$$_printf_percent$$00000009  c_w.l(_printf_d.o)
    0x080002d2   0x080002d2   0x00000006   Code   RO          248    .ARM.Collect$$_printf_percent$$0000000A  c_w.l(_printf_u.o)
    0x080002d8   0x080002d8   0x00000006   Code   RO          245    .ARM.Collect$$_printf_percent$$0000000B  c_w.l(_printf_o.o)
    0x080002de   0x080002de   0x00000006   Code   RO          243    .ARM.Collect$$_printf_percent$$0000000C  c_w.l(_printf_x.o)
    0x080002e4   0x080002e4   0x00000006   Code   RO          254    .ARM.Collect$$_printf_percent$$0000000D  c_w.l(_printf_lli.o)
    0x080002ea   0x080002ea   0x00000006   Code   RO          255    .ARM.Collect$$_printf_percent$$0000000E  c_w.l(_printf_lld.o)
    0x080002f0   0x080002f0   0x00000006   Code   RO          256    .ARM.Collect$$_printf_percent$$0000000F  c_w.l(_printf_llu.o)
    0x080002f6   0x080002f6   0x00000006   Code   RO          261    .ARM.Collect$$_printf_percent$$00000010  c_w.l(_printf_llo.o)
    0x080002fc   0x080002fc   0x00000006   Code   RO          262    .ARM.Collect$$_printf_percent$$00000011  c_w.l(_printf_llx.o)
    0x08000302   0x08000302   0x0000000a   Code   RO          258    .ARM.Collect$$_printf_percent$$00000012  c_w.l(_printf_l.o)
    0x0800030c   0x0800030c   0x00000006   Code   RO          240    .ARM.Collect$$_printf_percent$$00000013  c_w.l(_printf_c.o)
    0x08000312   0x08000312   0x00000006   Code   RO          241    .ARM.Collect$$_printf_percent$$00000014  c_w.l(_printf_s.o)
    0x08000318   0x08000318   0x00000006   Code   RO          259    .ARM.Collect$$_printf_percent$$00000015  c_w.l(_printf_lc.o)
    0x0800031e   0x0800031e   0x00000006   Code   RO          260    .ARM.Collect$$_printf_percent$$00000016  c_w.l(_printf_ls.o)
    0x08000324   0x08000324   0x00000004   Code   RO          358    .ARM.Collect$$_printf_percent$$00000017  c_w.l(_printf_percent_end.o)
    0x08000328   0x08000328   0x00000002   Code   RO          419    .ARM.Collect$$libinit$$00000000  c_w.l(libinit.o)
    0x0800032a   0x0800032a   0x00000004   Code   RO          267    .ARM.Collect$$libinit$$00000001  c_w.l(libinit2.o)
    0x0800032e   0x0800032e   0x00000000   Code   RO          270    .ARM.Collect$$libinit$$00000004  c_w.l(libinit2.o)
    0x0800032e   0x0800032e   0x00000000   Code   RO          272    .ARM.Collect$$libinit$$00000006  c_w.l(libinit2.o)
    0x0800032e   0x0800032e   0x00000000   Code   RO          275    .ARM.Collect$$libinit$$0000000C  c_w.l(libinit2.o)
    0x0800032e   0x0800032e   0x00000000   Code   RO          277    .ARM.Collect$$libinit$$0000000E  c_w.l(libinit2.o)
    0x0800032e   0x0800032e   0x00000000   Code   RO          279    .ARM.Collect$$libinit$$00000010  c_w.l(libinit2.o)
    0x0800032e   0x0800032e   0x00000006   Code   RO          280    .ARM.Collect$$libinit$$00000011  c_w.l(libinit2.o)
    0x08000334   0x08000334   0x00000000   Code   RO          282    .ARM.Collect$$libinit$$00000013  c_w.l(libinit2.o)
    0x08000334   0x08000334   0x0000000c   Code   RO          283    .ARM.Collect$$libinit$$00000014  c_w.l(libinit2.o)
    0x08000340   0x08000340   0x00000000   Code   RO          284    .ARM.Collect$$libinit$$00000015  c_w.l(libinit2.o)
    0x08000340   0x08000340   0x00000000   Code   RO          286    .ARM.Collect$$libinit$$00000017  c_w.l(libinit2.o)
    0x08000340   0x08000340   0x0000000a   Code   RO          287    .ARM.Collect$$libinit$$00000018  c_w.l(libinit2.o)
    0x0800034a   0x0800034a   0x00000000   Code   RO          288    .ARM.Collect$$libinit$$00000019  c_w.l(libinit2.o)
    0x0800034a   0x0800034a   0x00000000   Code   RO          290    .ARM.Collect$$libinit$$0000001B  c_w.l(libinit2.o)
    0x0800034a   0x0800034a   0x00000000   Code   RO          292    .ARM.Collect$$libinit$$0000001D  c_w.l(libinit2.o)
    0x0800034a   0x0800034a   0x00000000   Code   RO          294    .ARM.Collect$$libinit$$0000001F  c_w.l(libinit2.o)
    0x0800034a   0x0800034a   0x00000000   Code   RO          296    .ARM.Collect$$libinit$$00000021  c_w.l(libinit2.o)
    0x0800034a   0x0800034a   0x00000000   Code   RO          298    .ARM.Collect$$libinit$$00000023  c_w.l(libinit2.o)
    0x0800034a   0x0800034a   0x00000000   Code   RO          300    .ARM.Collect$$libinit$$00000025  c_w.l(libinit2.o)
    0x0800034a   0x0800034a   0x00000000   Code   RO          302    .ARM.Collect$$libinit$$00000027  c_w.l(libinit2.o)
    0x0800034a   0x0800034a   0x00000000   Code   RO          306    .ARM.Collect$$libinit$$0000002E  c_w.l(libinit2.o)
    0x0800034a   0x0800034a   0x00000000   Code   RO          308    .ARM.Collect$$libinit$$00000030  c_w.l(libinit2.o)
    0x0800034a   0x0800034a   0x00000000   Code   RO          310    .ARM.Collect$$libinit$$00000032  c_w.l(libinit2.o)
    0x0800034a   0x0800034a   0x00000004   Code   RO          311    .ARM.Collect$$libinit$$00000033  c_w.l(libinit2.o)
    0x0800034e   0x0800034e   0x00000000   Code   RO          312    .ARM.Collect$$libinit$$00000034  c_w.l(libinit2.o)
    0x0800034e   0x0800034e   0x00000002   Code   RO          313    .ARM.Collect$$libinit$$00000035  c_w.l(libinit2.o)
    0x08000350   0x08000350   0x00000002   Code   RO          475    .ARM.Collect$$libshutdown$$00000000  c_w.l(libshutdown.o)
    0x08000352   0x08000352   0x00000000   Code   RO          483    .ARM.Collect$$libshutdown$$00000002  c_w.l(libshutdown2.o)
    0x08000352   0x08000352   0x00000000   Code   RO          485    .ARM.Collect$$libshutdown$$00000004  c_w.l(libshutdown2.o)
    0x08000352   0x08000352   0x00000000   Code   RO          488    .ARM.Collect$$libshutdown$$00000007  c_w.l(libshutdown2.o)
    0x08000352   0x08000352   0x00000000   Code   RO          491    .ARM.Collect$$libshutdown$$0000000A  c_w.l(libshutdown2.o)
    0x08000352   0x08000352   0x00000000   Code   RO          493    .ARM.Collect$$libshutdown$$0000000C  c_w.l(libshutdown2.o)
    0x08000352   0x08000352   0x00000000   Code   RO          496    .ARM.Collect$$libshutdown$$0000000F  c_w.l(libshutdown2.o)
    0x08000352   0x08000352   0x00000002   Code   RO          497    .ARM.Collect$$libshutdown$$00000010  c_w.l(libshutdown2.o)
    0x08000354   0x08000354   0x00000000   Code   RO          171    .ARM.Collect$$rtentry$$00000000  c_w.l(__rtentry.o)
    0x08000354   0x08000354   0x00000000   Code   RO          327    .ARM.Collect$$rtentry$$00000002  c_w.l(__rtentry2.o)
    0x08000354   0x08000354   0x00000006   Code   RO          339    .ARM.Collect$$rtentry$$00000004  c_w.l(__rtentry4.o)
    0x0800035a   0x0800035a   0x00000000   Code   RO          329    .ARM.Collect$$rtentry$$00000009  c_w.l(__rtentry2.o)
    0x0800035a   0x0800035a   0x00000004   Code   RO          330    .ARM.Collect$$rtentry$$0000000A  c_w.l(__rtentry2.o)
    0x0800035e   0x0800035e   0x00000000   Code   RO          332    .ARM.Collect$$rtentry$$0000000C  c_w.l(__rtentry2.o)
    0x0800035e   0x0800035e   0x00000008   Code   RO          333    .ARM.Collect$$rtentry$$0000000D  c_w.l(__rtentry2.o)
    0x08000366   0x08000366   0x00000002   Code   RO          432    .ARM.Collect$$rtexit$$00000000  c_w.l(rtexit.o)
    0x08000368   0x08000368   0x00000000   Code   RO          451    .ARM.Collect$$rtexit$$00000002  c_w.l(rtexit2.o)
    0x08000368   0x08000368   0x00000004   Code   RO          452    .ARM.Collect$$rtexit$$00000003  c_w.l(rtexit2.o)
    0x0800036c   0x0800036c   0x00000006   Code   RO          453    .ARM.Collect$$rtexit$$00000004  c_w.l(rtexit2.o)
    0x08000372   0x08000372   0x00000002   PAD
    0x08000374   0x08000374   0x00000040   Code   RO          131  * .text               startup_stm32f767xx.o
    0x080003b4   0x080003b4   0x0000002c   Code   RO          153    .text               c_w.l(sprintf.o)
    0x080003e0   0x080003e0   0x0000008a   Code   RO          157    .text               c_w.l(rt_memcpy_v6.o)
    0x0800046a   0x0800046a   0x00000006   Code   RO          161    .text               c_w.l(heapauxi.o)
    0x08000470   0x08000470   0x0000002c   Code   RO          168    .text               c_w.l(init_aeabi.o)
    0x0800049c   0x0800049c   0x0000004e   Code   RO          174    .text               c_w.l(_printf_pad.o)
    0x080004ea   0x080004ea   0x00000024   Code   RO          176    .text               c_w.l(_printf_truncate.o)
    0x0800050e   0x0800050e   0x00000052   Code   RO          178    .text               c_w.l(_printf_str.o)
    0x08000560   0x08000560   0x00000078   Code   RO          180    .text               c_w.l(_printf_dec.o)
    0x080005d8   0x080005d8   0x00000028   Code   RO          182    .text               c_w.l(_printf_charcount.o)
    0x08000600   0x08000600   0x00000030   Code   RO          184    .text               c_w.l(_printf_char_common.o)
    0x08000630   0x08000630   0x0000000a   Code   RO          186    .text               c_w.l(_sputc.o)
    0x0800063a   0x0800063a   0x00000002   PAD
    0x0800063c   0x0800063c   0x000000bc   Code   RO          188    .text               c_w.l(_printf_wctomb.o)
    0x080006f8   0x080006f8   0x0000007c   Code   RO          191    .text               c_w.l(_printf_longlong_dec.o)
    0x08000774   0x08000774   0x00000070   Code   RO          197    .text               c_w.l(_printf_oct_int_ll.o)
    0x080007e4   0x080007e4   0x00000094   Code   RO          217    .text               c_w.l(_printf_hex_int_ll_ptr.o)
    0x08000878   0x08000878   0x00000188   Code   RO          237    .text               c_w.l(__printf_flags_ss_wp.o)
    0x08000a00   0x08000a00   0x00000064   Code   RO          263    .text               c_w.l(rt_memcpy_w.o)
    0x08000a64   0x08000a64   0x0000008a   Code   RO          341    .text               c_w.l(lludiv10.o)
    0x08000aee   0x08000aee   0x000000b2   Code   RO          343    .text               c_w.l(_printf_intcommon.o)
    0x08000ba0   0x08000ba0   0x0000041c   Code   RO          345    .text               c_w.l(_printf_fp_dec.o)
    0x08000fbc   0x08000fbc   0x000002fc   Code   RO          349    .text               c_w.l(_printf_fp_hex.o)
    0x080012b8   0x080012b8   0x0000002c   Code   RO          354    .text               c_w.l(_printf_char.o)
    0x080012e4   0x080012e4   0x0000002c   Code   RO          356    .text               c_w.l(_printf_wchar.o)
    0x08001310   0x08001310   0x00000048   Code   RO          359    .text               c_w.l(_c16rtomb.o)
    0x08001358   0x08001358   0x0000004a   Code   RO          367    .text               c_w.l(sys_stackheap_outer.o)
    0x080013a2   0x080013a2   0x00000002   PAD
    0x080013a4   0x080013a4   0x00000010   Code   RO          369    .text               c_w.l(rt_ctype_table.o)
    0x080013b4   0x080013b4   0x00000008   Code   RO          374    .text               c_w.l(rt_locale_intlibspace.o)
    0x080013bc   0x080013bc   0x00000080   Code   RO          376    .text               c_w.l(_printf_fp_infnan.o)
    0x0800143c   0x0800143c   0x000000e4   Code   RO          378    .text               c_w.l(bigflt0.o)
    0x08001520   0x08001520   0x00000012   Code   RO          408    .text               c_w.l(exit.o)
    0x08001532   0x08001532   0x00000002   PAD
    0x08001534   0x08001534   0x00000008   Code   RO          429    .text               c_w.l(libspace.o)
    0x0800153c   0x0800153c   0x00000004   PAD
    0x08001540   0x08001540   0x0000007c   Code   RO          445    .text               c_w.l(strcmpv7m_pel.o)
    0x080015bc   0x080015bc   0x00000002   Code   RO          447    .text               c_w.l(use_no_semi.o)
    0x080015be   0x080015be   0x00000000   Code   RO          449    .text               c_w.l(indicate_semi.o)
    0x080015be   0x080015be   0x00000002   PAD
    0x080015c0   0x080015c0   0x0000000c   Code   RO          465    .text               c_w.l(sys_exit.o)
    0x080015cc   0x080015cc   0x00000004   PAD
    0x080015d0   0x080015d0   0x00000012   Code   RO          138    .text.SystemInit    system_stm32f7xx.o
    0x080015e2   0x080015e2   0x00000006   PAD
    0x080015e8   0x080015e8   0x00000034   Code   RO           58    .text.USART3_IRQHandler  lab_2.o
    0x0800161c   0x0800161c   0x00000004   PAD
    0x08001620   0x08001620   0x0000000c   Code   RO           60    .text._GLOBAL__sub_I_LAB_2.cpp  lab_2.o
    0x0800162c   0x0800162c   0x00000004   PAD
    0x08001630   0x08001630   0x00000064   Code   RO           28    .text._Z11USART3_Initj  lab_2.o
    0x08001694   0x08001694   0x00000004   PAD
    0x08001698   0x08001698   0x0000001c   Code   RO            2    .text._Z12SysTick_Initv  lab_2.o
    0x080016b4   0x080016b4   0x00000004   PAD
    0x080016b8   0x080016b8   0x00000038   Code   RO            4    .text._Z12SysTick_Waitj  lab_2.o
    0x080016f0   0x080016f0   0x00000080   Code   RO           22    .text._Z14Servo_SetAngleP11TIM_TypeDefhh  lab_2.o
    0x08001770   0x08001770   0x00000056   Code   RO           26    .text._Z15ADC_ReadChannelh  lab_2.o
    0x080017c6   0x080017c6   0x00000002   PAD
    0x080017c8   0x080017c8   0x00000034   Code   RO           20    .text._Z15Config_TimerPWMP11TIM_TypeDef  lab_2.o
    0x080017fc   0x080017fc   0x00000004   PAD
    0x08001800   0x08001800   0x0000002c   Code   RO            8    .text._Z15SysTick_Wait1msj  lab_2.o
    0x0800182c   0x0800182c   0x00000004   PAD
    0x08001830   0x08001830   0x0000002a   Code   RO           10    .text._Z15SysTick_Wait1usj  lab_2.o
    0x0800185a   0x0800185a   0x00000006   PAD
    0x08001860   0x08001860   0x0000002c   Code   RO           34    .text._Z15USART3_SendChari  lab_2.o
    0x0800188c   0x0800188c   0x00000004   PAD
    0x08001890   0x08001890   0x0000002e   Code   RO           40    .text._Z16USART3_SendFloatf  lab_2.o
    0x080018be   0x080018be   0x00000002   PAD
    0x080018c0   0x080018c0   0x00000022   Code   RO           38    .text._Z17USART3_SendStringPKc  lab_2.o
    0x080018e2   0x080018e2   0x00000006   PAD
    0x080018e8   0x080018e8   0x00000040   Code   RO           14    .text._Z5LCD_Wc     lab_2.o
    0x08001928   0x08001928   0x000007d2   Code   RO           42    .text._Z6SetTxtv    lab_2.o
    0x080020fa   0x080020fa   0x00000006   PAD
    0x08002100   0x08002100   0x00000042   Code   RO           12    .text._Z7LCD_COMc   lab_2.o
    0x08002142   0x08002142   0x00000006   PAD
    0x08002148   0x08002148   0x000000f8   Code   RO           44    .text._Z7vector1v   lab_2.o
    0x08002240   0x08002240   0x000000f8   Code   RO           46    .text._Z7vector2v   lab_2.o
    0x08002338   0x08002338   0x000000f8   Code   RO           48    .text._Z7vector3v   lab_2.o
    0x08002430   0x08002430   0x000000f8   Code   RO           50    .text._Z7vector4v   lab_2.o
    0x08002528   0x08002528   0x000000f8   Code   RO           52    .text._Z7vector5v   lab_2.o
    0x08002620   0x08002620   0x000001d0   Code   RO           56    .text._ZL11Config_GPIOv  lab_2.o
    0x080027f0   0x080027f0   0x00000030   Code   RO           32    .text._ZL16__NVIC_EnableIRQ9IRQn_Type  lab_2.o
    0x08002820   0x08002820   0x00000042   Code   RO           30    .text._ZL18__NVIC_SetPriority9IRQn_Typej  lab_2.o
    0x08002862   0x08002862   0x00000006   PAD
    0x08002868   0x08002868   0x00000018   Code   RO           16    .text.__cxx_global_var_init  lab_2.o
    0x08002880   0x08002880   0x00000018   Code   RO           18    .text.__cxx_global_var_init.1  lab_2.o
    0x08002898   0x08002898   0x00000624   Code   RO           54    .text.main          lab_2.o
    0x08002ebc   0x08002ebc   0x0000003e   Code   RO          381    CL$$btod_d2e        c_w.l(btod.o)
    0x08002efa   0x08002efa   0x00000046   Code   RO          383    CL$$btod_d2e_denorm_low  c_w.l(btod.o)
    0x08002f40   0x08002f40   0x00000060   Code   RO          382    CL$$btod_d2e_norm_op1  c_w.l(btod.o)
    0x08002fa0   0x08002fa0   0x00000338   Code   RO          391    CL$$btod_div_common  c_w.l(btod.o)
    0x080032d8   0x080032d8   0x000000dc   Code   RO          388    CL$$btod_e2e        c_w.l(btod.o)
    0x080033b4   0x080033b4   0x0000002a   Code   RO          385    CL$$btod_ediv       c_w.l(btod.o)
    0x080033de   0x080033de   0x0000002a   Code   RO          384    CL$$btod_emul       c_w.l(btod.o)
    0x08003408   0x08003408   0x00000244   Code   RO          390    CL$$btod_mult_common  c_w.l(btod.o)
    0x0800364c   0x0800364c   0x00000030   Code   RO          423    i.__ARM_fpclassify  m_wv.l(fpclassify.o)
    0x0800367c   0x0800367c   0x0000000e   Code   RO          230    i._is_digit         c_w.l(__printf_wp.o)
    0x0800368a   0x0800368a   0x00000002   PAD
    0x0800368c   0x0800368c   0x0000002c   Code   RO          406    locale$$code        c_w.l(lc_numeric_c.o)
    0x080036b8   0x080036b8   0x0000002c   Code   RO          439    locale$$code        c_w.l(lc_ctype_c.o)
    0x080036e4   0x080036e4   0x0000001a   Code   RO          365    x$fpl$fpinit        fz_wv.l(fpinit.o)
    0x080036fe   0x080036fe   0x00000004   Code   RO          318    x$fpl$printf1       fz_wv.l(printf1.o)
    0x08003702   0x08003702   0x00000004   Code   RO          320    x$fpl$printf2       fz_wv.l(printf2.o)
    0x08003706   0x08003706   0x00000000   Code   RO          422    x$fpl$usenofp       fz_wv.l(usenofp.o)
    0x08003706   0x08003706   0x00000002   PAD
    0x08003708   0x08003708   0x00000008   Data   RO          189    .constdata          c_w.l(_printf_wctomb.o)
    0x08003710   0x08003710   0x00000028   Data   RO          218    .constdata          c_w.l(_printf_hex_int_ll_ptr.o)
    0x08003738   0x08003738   0x00000011   Data   RO          238    .constdata          c_w.l(__printf_flags_ss_wp.o)
    0x08003749   0x08003749   0x00000026   Data   RO          350    .constdata          c_w.l(_printf_fp_hex.o)
    0x0800376f   0x0800376f   0x00000001   PAD
    0x08003770   0x08003770   0x00000094   Data   RO          379    .constdata          c_w.l(bigflt0.o)
    0x08003804   0x08003804   0x00000032   Data   RO          119    .rodata..L__const.main.txt  lab_2.o
    0x08003836   0x08003836   0x00000005   Data   RO          118    .rodata.str1.1      lab_2.o
    0x0800383b   0x0800383b   0x00000001   PAD
    0x0800383c   0x0800383c   0x00000020   Data   RO          515    Region$$Table       anon$$obj.o
    0x0800385c   0x0800385c   0x0000001c   Data   RO          405    locale$$data        c_w.l(lc_numeric_c.o)
    0x08003878   0x08003878   0x00000110   Data   RO          438    locale$$data        c_w.l(lc_ctype_c.o)
    0x08003988   0x08003988   0x00000004   Data   RO          120    .init_array         lab_2.o
    0x0800398c   0x08003988   0x00000000   Data   RO          166    .init_array         c_w.l(init_aeabi.o)


    Execution Region ER_RW (Exec base: 0x20020000, Load base: 0x0800398c, Size: 0x0000000c, Max: 0xffffffff, ABSOLUTE)

    Exec Addr    Load Addr    Size         Type   Attr      Idx    E Section Name        Object

    0x20020000   0x0800398c   0x00000001   Data   RW           81    .data.LCD_Mode      lab_2.o
    0x20020001   0x0800398d   0x00000001   Data   RW           80    .data.LCD_ON        lab_2.o
    0x20020002   0x0800398e   0x00000001   Data   RW           77    .data.clean         lab_2.o
    0x20020003   0x0800398f   0x00000001   PAD
    0x20020004   0x08003990   0x00000004   Data   RW           73    .data.dealyl        lab_2.o
    0x20020008   0x08003994   0x00000001   Data   RW           78    .data.home          lab_2.o
    0x20020009   0x08003995   0x00000001   Data   RW           79    .data.set           lab_2.o


    Execution Region ER_ZI (Exec base: 0x20020010, Load base: 0x08003998, Size: 0x00000820, Max: 0xffffffff, ABSOLUTE)

    Exec Addr    Load Addr    Size         Type   Attr      Idx    E Section Name        Object

    0x20020010        -       0x00000060   Zero   RW          430    .bss                c_w.l(libspace.o)
    0x20020070        -       0x00000004   Zero   RW           62    .bss.BAUDRATE       lab_2.o
    0x20020074        -       0x00000001   Zero   RW           82    .bss.LCD_pos        lab_2.o
    0x20020075        -       0x00000001   Zero   RW           83    .bss.LINE1          lab_2.o
    0x20020076        -       0x00000001   Zero   RW           84    .bss.LINE2          lab_2.o
    0x20020077   0x08003998   0x00000001   PAD
    0x20020078        -       0x00000004   Zero   RW           99    .bss.ang1           lab_2.o
    0x2002007c        -       0x00000004   Zero   RW          100    .bss.ang2           lab_2.o
    0x20020080        -       0x00000004   Zero   RW          101    .bss.ang3           lab_2.o
    0x20020084        -       0x00000004   Zero   RW          102    .bss.ang4           lab_2.o
    0x20020088        -       0x00000004   Zero   RW          103    .bss.ang5           lab_2.o
    0x2002008c        -       0x00000028   Zero   RW           87    .bss.aux            lab_2.o
    0x200200b4        -       0x00000004   Zero   RW           75    .bss.bandera        lab_2.o
    0x200200b8        -       0x00000004   Zero   RW           94    .bss.cmd1           lab_2.o
    0x200200bc        -       0x00000004   Zero   RW           95    .bss.cmd2           lab_2.o
    0x200200c0        -       0x00000004   Zero   RW           96    .bss.cmd3           lab_2.o
    0x200200c4        -       0x00000004   Zero   RW           97    .bss.cmd4           lab_2.o
    0x200200c8        -       0x00000004   Zero   RW           98    .bss.cmd5           lab_2.o
    0x200200cc        -       0x00000004   Zero   RW           76    .bss.mult           lab_2.o
    0x200200d0        -       0x00000004   Zero   RW           68    .bss.pot1           lab_2.o
    0x200200d4        -       0x00000004   Zero   RW           69    .bss.pot2           lab_2.o
    0x200200d8        -       0x00000004   Zero   RW           70    .bss.pot3           lab_2.o
    0x200200dc        -       0x00000004   Zero   RW           71    .bss.pot4           lab_2.o
    0x200200e0        -       0x00000004   Zero   RW           72    .bss.pot5           lab_2.o
    0x200200e4        -       0x00000004   Zero   RW          109    .bss.prom1          lab_2.o
    0x200200e8        -       0x00000004   Zero   RW          110    .bss.prom2          lab_2.o
    0x200200ec        -       0x00000004   Zero   RW          111    .bss.prom3          lab_2.o
    0x200200f0        -       0x00000004   Zero   RW          112    .bss.prom4          lab_2.o
    0x200200f4        -       0x00000004   Zero   RW          113    .bss.prom5          lab_2.o
    0x200200f8        -       0x00000004   Zero   RW           74    .bss.reco           lab_2.o
    0x200200fc        -       0x00000004   Zero   RW          114    .bss.sec_home       lab_2.o
    0x20020100        -       0x00000004   Zero   RW           63    .bss.target1        lab_2.o
    0x20020104        -       0x00000004   Zero   RW           64    .bss.target2        lab_2.o
    0x20020108        -       0x00000004   Zero   RW           65    .bss.target3        lab_2.o
    0x2002010c        -       0x00000004   Zero   RW           66    .bss.target4        lab_2.o
    0x20020110        -       0x00000004   Zero   RW           67    .bss.target5        lab_2.o
    0x20020114        -       0x00000020   Zero   RW           85    .bss.txt1           lab_2.o
    0x20020134        -       0x00000020   Zero   RW           86    .bss.txt2           lab_2.o
    0x20020154        -       0x0000002c   Zero   RW          104    .bss.vec1           lab_2.o
    0x20020180        -       0x0000002c   Zero   RW          105    .bss.vec2           lab_2.o
    0x200201ac        -       0x0000002c   Zero   RW          106    .bss.vec3           lab_2.o
    0x200201d8        -       0x0000002c   Zero   RW          107    .bss.vec4           lab_2.o
    0x20020204        -       0x0000002c   Zero   RW          108    .bss.vec5           lab_2.o
    0x20020230        -       0x00000200   Zero   RW          129    HEAP                startup_stm32f767xx.o
    0x20020430        -       0x00000400   Zero   RW          128    STACK               startup_stm32f767xx.o


==============================================================================

Image component sizes


      Code (inc. data)   RO Data    RW Data    ZI Data      Debug   Object Name

      6294         40         59          9        447      32850   lab_2.o
        64         26        504          0       1536        884   startup_stm32f767xx.o
        18          0          0          0          0       3434   system_stm32f7xx.o

    ----------------------------------------------------------------------
      6444         66        596         12       1984      37168   Object Totals
         0          0         32          0          0          0   (incl. Generated)
        68          0          1          3          1          0   (incl. Padding)

    ----------------------------------------------------------------------

      Code (inc. data)   RO Data    RW Data    ZI Data      Debug   Library Member Name

         8          0          0          0          0         68   __main.o
       392          4         17          0          0         92   __printf_flags_ss_wp.o
        14          0          0          0          0         68   __printf_wp.o
         0          0          0          0          0          0   __rtentry.o
        12          0          0          0          0          0   __rtentry2.o
         6          0          0          0          0          0   __rtentry4.o
        94          8          0          0          0          0   __scatter.o
        26          0          0          0          0          0   __scatter_copy.o
        28          0          0          0          0          0   __scatter_zi.o
        72          0          0          0          0         96   _c16rtomb.o
         6          0          0          0          0          0   _printf_a.o
         6          0          0          0          0          0   _printf_c.o
        44          0          0          0          0        108   _printf_char.o
        48          6          0          0          0         96   _printf_char_common.o
        40          0          0          0          0         68   _printf_charcount.o
         6          0          0          0          0          0   _printf_d.o
       120         16          0          0          0         92   _printf_dec.o
         6          0          0          0          0          0   _printf_e.o
         6          0          0          0          0          0   _printf_f.o
      1052          0          0          0          0        148   _printf_fp_dec.o
       764          8         38          0          0        100   _printf_fp_hex.o
       128         16          0          0          0         84   _printf_fp_infnan.o
         6          0          0          0          0          0   _printf_g.o
       148          4         40          0          0        160   _printf_hex_int_ll_ptr.o
         6          0          0          0          0          0   _printf_i.o
       178          0          0          0          0         88   _printf_intcommon.o
        10          0          0          0          0          0   _printf_l.o
         6          0          0          0          0          0   _printf_lc.o
        10          0          0          0          0          0   _printf_ll.o
         6          0          0          0          0          0   _printf_lld.o
         6          0          0          0          0          0   _printf_lli.o
         6          0          0          0          0          0   _printf_llo.o
         6          0          0          0          0          0   _printf_llu.o
         6          0          0          0          0          0   _printf_llx.o
       124         16          0          0          0         92   _printf_longlong_dec.o
         6          0          0          0          0          0   _printf_ls.o
         6          0          0          0          0          0   _printf_n.o
         6          0          0          0          0          0   _printf_o.o
       112          8          0          0          0        124   _printf_oct_int_ll.o
         6          0          0          0          0          0   _printf_p.o
        78          0          0          0          0        108   _printf_pad.o
         0          0          0          0          0          0   _printf_percent.o
         4          0          0          0          0          0   _printf_percent_end.o
         6          0          0          0          0          0   _printf_s.o
        82          0          0          0          0         80   _printf_str.o
        36          0          0          0          0         84   _printf_truncate.o
         6          0          0          0          0          0   _printf_u.o
        44          0          0          0          0        108   _printf_wchar.o
       188          6          8          0          0         92   _printf_wctomb.o
         6          0          0          0          0          0   _printf_x.o
        10          0          0          0          0         68   _sputc.o
       228          4        148          0          0         96   bigflt0.o
      1936        128          0          0          0        668   btod.o
        18          0          0          0          0         80   exit.o
         6          0          0          0          0        152   heapauxi.o
         0          0          0          0          0          0   indicate_semi.o
        44          8          0          0          0         80   init_aeabi.o
        44         10        272          0          0         76   lc_ctype_c.o
        44         10         28          0          0         76   lc_numeric_c.o
         2          0          0          0          0          0   libinit.o
        38          0          0          0          0          0   libinit2.o
         2          0          0          0          0          0   libshutdown.o
         2          0          0          0          0          0   libshutdown2.o
         8          4          0          0         96         68   libspace.o
       138          0          0          0          0         80   lludiv10.o
        16          4          0          0          0         76   rt_ctype_table.o
         8          4          0          0          0         68   rt_locale_intlibspace.o
       138          0          0          0          0         68   rt_memcpy_v6.o
       100          0          0          0          0         80   rt_memcpy_w.o
         2          0          0          0          0          0   rtexit.o
        10          0          0          0          0          0   rtexit2.o
        44          6          0          0          0         84   sprintf.o
       124          0          0          0          0         88   strcmpv7m_pel.o
        12          4          0          0          0         68   sys_exit.o
        74          0          0          0          0         80   sys_stackheap_outer.o
         2          0          0          0          0         68   use_no_semi.o
        26          0          0          0          0        116   fpinit.o
         4          0          0          0          0        116   printf1.o
         4          0          0          0          0        116   printf2.o
         0          0          0          0          0          0   usenofp.o
        48          0          0          0          0        124   fpclassify.o

    ----------------------------------------------------------------------
      7140        282        552          0         96       4552   Library Totals
        26          8          1          0          0          0   (incl. Padding)

    ----------------------------------------------------------------------

      Code (inc. data)   RO Data    RW Data    ZI Data      Debug   Library Name

      7032        274        551          0         96       4080   c_w.l
        34          0          0          0          0        348   fz_wv.l
        48          0          0          0          0        124   m_wv.l

    ----------------------------------------------------------------------
      7140        282        552          0         96       4552   Library Totals

    ----------------------------------------------------------------------

==============================================================================


      Code (inc. data)   RO Data    RW Data    ZI Data      Debug   

     13584        348       1148         12       2080      39384   Grand Totals
     13584        348       1148         12       2080      39384   ELF Image Totals
     13584        348       1148         12          0          0   ROM Totals

==============================================================================

    Total RO  Size (Code + RO Data)                14732 (  14.39kB)
    Total RW  Size (RW Data + ZI Data)              2092 (   2.04kB)
    Total ROM Size (Code + RO Data + RW Data)      14744 (  14.40kB)

==============================================================================

