Log started at 19.04.2026	21:27:02
Number of used processors (NPROC): 12.
Number of mesh partitions (NPART): 12.
Total Physical Memory = 15.33 Gb, Available Physical Memory = 5.98 Gb
Computer name:	MANUNKIND
Operating system:	Windows 11 (or higher) (Version 10.0.26200)

Commandline:	"C:\Program Files\SOLIDWORKS Corp\SOLIDWORKS Flow Simulation\BINCFW\efdsolver.exe" /config:"C:\Cursando\Termofluidos\Proyecto\3\3.xmlconfig" /guid:0a19a089-9e59-4e26-9c0e-6830e731adc2 /processors:max /m /s /prjnamelm:"Flow Simulation 2025" /prjnamehabout:"Flow Simulation 2025" /companyname:"COSMOS Applications" /prjaliasid:1002 /lang:English /port:53016

SOLIDWORKS 2025 SP5.0
Flow Simulation 2025  x64 / 6875

Project: C:\Cursando\Termofluidos\Proyecto\3\3.xmlconfig
Configuration name: Default
Project name: Torre
Problem type: external-type
Exclude cavities without flow conditions: ON
NGK: OFF
MBO: OFF
-----------------------------------------------------------------------
Mesher option run = eRunMesherNormal
-----------------------------------------------------------------------

Mesh generation started:	19.4.2026	21:27:2
-----------------------------------------------------------------------
Memory Working Set Current = 19.79 Mb, Memory Working Set Peak = 19.79 Mb
Memory Private Bytes Current = 13.91 Mb, Memory Private Bytes Peak = 13.91 Mb
Process Threads Number: 8
-----------------------------------------------------------------------
Mesher adjust APD = OFF; AdjustAPD_method=0; N_per_Channel = 0; N2_per_Channel = 0
Current CPU = 0 sec
-----------------------------------------------------------------------
Geometries initialization:
-----------------------------------------------------------------------
Loading mesh settings (global/local)...
-----------------------------------------------------------------------
Number of geometries from DB: 2
Geometry(0):
	Guid = {00000000-0000-0000-0000-000000000000}
	Fluid..
	1 Body.
	3 Real bodies.
	-- Bodyset 0 --
		Tolerance=2.58575e-05.
		276 Face(s).
			276 of b-spline type.
		272 Face(s) that have no ref faces
		156 Plane surface(s).
		94 Cylinder surface(s).
		8 Cone surface(s).
		18 B- surface(s).
		76064 Triangle(s).
		Getting triangle connectivities from DB: 0.003 s
		611 Edge(s).
			611 of b-spline type.
		BodyGeom reading: 0.038 s.
		272 Reference Face(s).
		75964 Reference Triangles.
		Getting triangle connectivities from DB (Ref): 0.003 s
		BodyGeom Ref reading: 0.019 s.
Geometry(1):
	Guid = {dd052fb8-f4ba-414e-9721-1ae179e64a9b}
	Solid.Aluminum 6061.
	3 Bodies.
	1 Real body.
	-- Bodyset 1 --
		Tolerance=2.58575e-05.
		282 Face(s).
			282 of b-spline type.
		0 Face(s) that have no ref faces
		162 Plane surface(s).
		94 Cylinder surface(s).
		8 Cone surface(s).
		18 B- surface(s).
		76474 Triangle(s).
		Getting triangle connectivities from DB: 0.003 s
		623 Edge(s).
			623 of b-spline type.
		BodyGeom reading: 0.038 s.
		272 Reference Face(s).
		76392 Reference Triangles.
		Getting triangle connectivities from DB (Ref): 0.003 s
		BodyGeom Ref reading: 0.014 s.
-----------------------------------------------------------------------
Calculating t-connected sets:
BodySet (0):
		Number of t-connected sets:3 (cavity=2)
BodySet (1):
		Number of t-connected sets:4 (cavity=1)

Calculating t-connected sets takes 0.011 s
-----------------------------------------------------------------------
Number of geometries in task: 2
	G : 0	Type: Fluid	Bodies: 1		Faces: 276		Edges: 611		Triangles: 76064
	G : 1	Type: Solid	Bodies: 1		Faces: 282		Edges: 623		Triangles: 76474
Number of bodysets in task: 2

Bodies:     2
Faces:      558
Edges:      1234
Triangles:  152538
-----------------------------------------------------------------------
BodySet (0):
	Making hash and connectivity for Bodyset ...
		CBodyGeom:
		Hashing triangles...Ok.
		Hash size: {32, 40, 32}.
		Mesh size: {8, 10, 8}.
			axis(0) tr sizes: average=106 max=1723
			axis(1) tr sizes: average=141 max=648
			axis(2) tr sizes: average=103 max=3205
		CBodyGeomRef:
		Hashing triangles...Ok.
		Hash size: {8, 10, 8}.
		Mesh size: {8, 10, 8}.
			axis(0) tr sizes: average=1080 max=7825
			axis(1) tr sizes: average=1361 max=3017
			axis(2) tr sizes: average=1070 max=7536
	0.0373 s.
BodySet (1):
	Making hash and connectivity for Bodyset ...
		CBodyGeom:
		Hashing triangles...Ok.
		Hash size: {32, 40, 32}.
		Mesh size: {8, 10, 8}.
			axis(0) tr sizes: average=100 max=2051
			axis(1) tr sizes: average=120 max=689
			axis(2) tr sizes: average=96 max=2006
		CBodyGeomRef:
		Hashing triangles...Ok.
		Hash size: {8, 10, 8}.
		Mesh size: {8, 10, 8}.
			axis(0) tr sizes: average=1086 max=7827
			axis(1) tr sizes: average=1369 max=3088
			axis(2) tr sizes: average=1076 max=7574
	0.0308 s.
Geometries reading and preparing has taken 0.193 s.
-----------------------------------------------------------------------
Mapped triangles:
Hashing rough geometry(bodies) triangulation:
BodySet (0):
	Triangles num=76064
	Triangles box={0.639012 ,0.771512 ,0.872807 ,1.05098 ,1.2744 ,1.4069}
		3d-hash size is 367256 bytes
BodySet (1):
	Triangles num=76474
	Triangles box={0.629524 ,0.788596 ,0.858211 ,1.06304 ,1.26806 ,1.4146}
		3d-hash size is 369432 bytes

Hashing peculiar surfaces triangles:
Surface triangles (0):
	Triangles num=25
	Triangles box={0.70696 ,0.711069 ,0.94575 ,0.949856 ,1.40561 ,1.40561}
		3d-hash size is 2668 bytes
Surface triangles (1):
	Triangles num=2
	Triangles box={0.652456 ,0.765568 ,0.945426 ,0.945426 ,1.28035 ,1.39346}
		3d-hash size is 2784 bytes
Surface triangles (2):
	Triangles num=25
	Triangles box={0.640306 ,0.640306 ,0.898257 ,0.902363 ,1.33485 ,1.33896}
		3d-hash size is 2688 bytes
Surface triangles (3):
	Triangles num=2
	Triangles box={0.652456 ,0.765568 ,0.944133 ,0.944133 ,1.28035 ,1.39346}
		3d-hash size is 2784 bytes
Surface triangles (4):
	Triangles num=8
	Triangles box={0.649012 ,0.769012 ,0.967807 ,0.967807 ,1.2769 ,1.3969}
		3d-hash size is 2864 bytes

MMP (mapped_tr): locals=6, allc_sz=10.73 MB (0.00 MB), used_sz=10.19 MB, blk_sz=(0.14 MB/0.25 MB), blks-min-max=23/29 (big 0/0)
Free work mem pool...OK (0.003 s)
Mapped triangles processed in 0.038 s.
-----------------------------------------------------------------------
-----------------------------------------------------------------------
Getting sectors:
Number of sectors: 0
-----------------------------------------------------------------------
Current CPU = 1 sec
-----------------------------------------------------------------------
Memory Working Set Current = 106.68 Mb, Memory Working Set Peak = 141.27 Mb
Memory Private Bytes Current = 127.86 Mb, Memory Private Bytes Peak = 163.50 Mb
Process Threads Number: 19
-----------------------------------------------------------------------
-----------------------------------------------------------------------
Checking faces on CD...
FCD = [0 0 0 0 0 0]
FCD_conflicts = 0
Time (check faces on CD)=0.002 s
-----------------------------------------------------------------------

-----------------------------------------------------------------------
Mesh dimensions:
				I[0 ]=8
				I[1 ]=10
				I[2 ]=8

Comp. domain size:
				a[0  ]=0.629683
				a[1  ]=0.788437
				a[2  ]=0.858415
				a[3  ]=1.06284
				a[4  ]=1.2682
				a[5  ]=1.41446

Fluid calculated			1
Solid calculated			1
-----------------------------------------------------------------------
MESH Build started...
-----------------------------------------------------------------------
Mesh LEVEL = 4
-----------------------------------------------------------------------
-----------------------------------------------------------------------
CPT-mode xeps:
	D / dh / eps [axis=0] = (0.158754, 0.00118089, 1.18089e-06)
	D / dh / eps [axis=1] = (0.204425, 0.00126148, 1.26148e-06)
	D / dh / eps [axis=2] = (0.146253, 0.00113202, 1.13202e-06)
-----------------------------------------------------------------------
Initial allocation and brick-body-box intersection...OK (0.000 s)
Initial triangle brick intersection...OK (0.000 s)
Setting regions (640 / 640)...OK (0.000 s)
-----------------------------------------------------------------------
Base mesh info:
	3D task
	Nx=8
	Ny=10
	Nz=8
	N(Nx*Ny*Nz) = 80
	Period    axis=[0, 0, 0]
	Symmetry  ni=[0 0 0 0 0 0]
	ZoomingBC ni=[0 0 0 0 0 0]
	Nx=8
		x[0]=0.629683
		x[1]=0.648583
		x[2]=0.667478
		x[3]=0.686372
		x[4]=0.705266
		x[5]=0.726061
		x[6]=0.746855
		x[7]=0.767649
		x[8]=0.788437
	Ny=10
		y[0]=0.858415
		y[1]=0.879117
		y[2]=0.899812
		y[3]=0.920508
		y[4]=0.941204
		y[5]=0.9619
		y[6]=0.982089
		y[7]=1.00228
		y[8]=1.02247
		y[9]=1.04266
		y[10]=1.06284
	Nz=8
		z[0]=1.2682
		z[1]=1.28632
		z[2]=1.30443
		z[3]=1.32255
		z[4]=1.34066
		z[5]=1.35911
		z[6]=1.37756
		z[7]=1.39601
		z[8]=1.41446
-----------------------------------------------------------------------
Input_mesh_settings--------------------------------
Settings 0----------------
	Scope: GLOBAL
	Type:	------MESHER_SETTINGS----------
	RefAllCells           =0
	RefFluidCells         =0
	RefPartCells          =0
	RefSolidCells         =0
	l_SSFR(Capture crit)  =4
	l_curv(Curvature crit)=0
	l_tol(Tolerance crit) =4
	  k_tol               =0.00104064
	UseChannelRef         =1
	  NCR_method          =0
	  l_NCR               =2
	  N_gap               =5
	  Use d_NCR_min       =0
	  Use d_NCR_max       =0
	CloseThinSlotsHeight         =0
	--END_OF_MESHER_SETTINGS-------
End of input mesh settings-------------------------
-----------------------------------------------------------------------
Memory Working Set Current = 107.29 Mb, Memory Working Set Peak = 141.27 Mb
Memory Private Bytes Current = 128.49 Mb, Memory Private Bytes Peak = 163.50 Mb
Process Threads Number: 19
-----------------------------------------------------------------------
MMP (gbs): locals=6, allc_sz=97.37 MB (0.00 MB), used_sz=80.01 MB, blk_sz=(0.02 MB/12.32 MB), blks-min-max=1/11 (big 0/0)
MMP (cpt_rgs): locals=0, allc_sz=0.00 MB (0.00 MB), used_sz=0.00 MB, blk_sz=(0.00 MB/0.00 MB), blks-min-max=0/0 (big 0/0)
MMP (slv_rgs): locals=0, allc_sz=0.00 MB (0.00 MB), used_sz=0.00 MB, blk_sz=(0.00 MB/0.00 MB), blks-min-max=0/0 (big 0/0)
MMP (msh): locals=12, allc_sz=0.28 MB (0.00 MB), used_sz=0.08 MB, blk_sz=(0.02 MB/0.04 MB), blks-min-max=1/3 (big 0/0)
MMP (brx): locals=12, allc_sz=0.21 MB (0.00 MB), used_sz=0.05 MB, blk_sz=(0.02 MB/0.02 MB), blks-min-max=1/1 (big 0/0)
MMP (bcf): locals=0, allc_sz=0.00 MB (0.00 MB), used_sz=0.00 MB, blk_sz=(0.00 MB/0.00 MB), blks-min-max=0/0 (big 0/0)
MMP (xsl): locals=1, allc_sz=0.02 MB (0.00 MB), used_sz=0.00 MB, blk_sz=(0.02 MB/0.02 MB), blks-min-max=1/1 (big 0/0)
NxNyNz = [8, 10, 8]
base_dx=0.0195228; 
NxNyNz_reverse = [8, 10, 7]

-----------------------------------------------------------------------
Refining geometries:
-----------------------------------------------------------------------

-----------------------------------------------------------------------
Refining by triangulation...
Refinement input: 640 bricks
	Checking crit (640 / 640)...282 marked (0.012 s)
	Time(refinement): 0.001 s
Setting regions (2256 / 2614)...OK (0.000 s)
	Checking crit (2256 / 2614)...725 marked (0.021 s)
	Time(refinement): 0.000 s
Setting regions (7248 / 8956)...OK (0.000 s)
	Checking crit (7248 / 8956)...1554 marked (0.033 s)
	Time(refinement): 0.001 s
Setting regions (19248 / 25798)...OK (0.000 s)
	Checking crit (19248 / 25798)...1777 marked (0.061 s)
	Time(refinement): 0.001 s
Setting regions (26864 / 49304)...OK (0.001 s)
	Checking crit (12648 / 49304)...0 marked (0.050 s)
Refinement result (4 iterations): 49304 bricks (0.188 s)
Refinement input: 49304 bricks
	Checking crit (35088 / 49304)...0 marked (0.020 s)
Refinement result (0 iterations): 49304 bricks (0.021 s)
Collecting and processing rays:
	Adding rays...OK (0.005 s)
	Adding flags...OK (0.002 s)
	new bricks = 49304 / 49304
	new rays   = 16462 (x=5034, y=7089, z=4339)
	Processing rays...
		Rays process: Total time: 0.442, count: 2, Average time: 0.221, Maximum time: 0.221
		Sort xstacks: Total time: 0.002, count: 2, Average time: 0.001, Maximum time: 0.001
		Put xstacks:  Total time: 0.010, count: 2, Average time: 0.005, Maximum time: 0.005
		Total:         0.229 s
	Correcting rays...
		Lame vertices: Total time: 0.064, count: 6, Average time: 0.011, Maximum time: 0.014
		Bad rays:      Total time: 0.000, count: 2, Average time: 0.000, Maximum time: 0.000
		Emit rays:     Total time: 0.012, count: 2, Average time: 0.006, Maximum time: 0.007
		Correct ray f: Total time: 0.000, count: 2, Average time: 0.000, Maximum time: 0.000
		Undef:         Total time: 0.000, count: 2, Average time: 0.000, Maximum time: 0.000
		Sum:           Total time: 0.077, count: 2, Average time: 0.038, Maximum time: 0.041
		Total:         0.042 s
	Time (rays): 0.279 s
	Calls                32924
	CorrectRay Calls     0
Capturing (49304 / 49304)...
Capturing takes (0.012 s)
Refining by triangulation takes 0.501 s
-----------------------------------------------------------------------

-----------------------------------------------------------------------
Refining 5 peculiar surfaces...
Refinement input: 49304 bricks
	Time(refinement): 0.000 s
Setting regions (40 / 49339)...OK (0.001 s)
Refinement result (1 iterations): 49339 bricks (0.004 s)
Collecting and processing rays:
	Adding rays...OK (0.000 s)
	Adding flags...OK (0.000 s)
	new bricks = 40 / 49339
	new rays   = 5 (x=0, y=5, z=0)
	Processing rays...
		Rays process: Total time: 0.000, count: 2, Average time: 0.000, Maximum time: 0.000
		Sort xstacks: Total time: 0.000, count: 2, Average time: 0.000, Maximum time: 0.000
		Put xstacks:  Total time: 0.000, count: 2, Average time: 0.000, Maximum time: 0.000
		Total:         0.001 s
	Correcting rays...
		Lame vertices: Total time: 0.001, count: 2, Average time: 0.000, Maximum time: 0.000
		Bad rays:      No data
		Emit rays:     No data
		Correct ray f: No data
		Undef:         Total time: 0.000, count: 2, Average time: 0.000, Maximum time: 0.000
		Sum:           Total time: 0.001, count: 2, Average time: 0.000, Maximum time: 0.000
		Total:         0.001 s
	Time (rays): 0.004 s
	Calls                10
	CorrectRay Calls     0
Capturing (40 / 49339)...
Capturing takes (0.001 s)
1 surfaces refined
Refining peculiar surfaces takes 0.011 s
-----------------------------------------------------------------------

-----------------------------------------------------------------------
Base mesh 1 Refining...
Collecting and processing rays:
	Adding rays...OK (0.000 s)
	Adding flags...OK (0.000 s)
	new bricks = 0 / 49339
	new rays   = 0 (x=0, y=0, z=0)
	Processing rays...
		Rays process: Total time: 0.000, count: 2, Average time: 0.000, Maximum time: 0.000
		Sort xstacks: Total time: 0.000, count: 2, Average time: 0.000, Maximum time: 0.000
		Put xstacks:  Total time: 0.000, count: 2, Average time: 0.000, Maximum time: 0.000
		Total:         0.000 s
	Correcting rays...
		Total:         0.000 s
	Time (rays): 0.001 s
	Calls                0
	CorrectRay Calls     0
Capturing (0 / 49339)...
Capturing takes (0.001 s)
Refinement input: 49339 bricks
	Checking crit (35099 / 49339)...0 marked (0.001 s)
Refinement result (0 iterations): 49339 bricks (0.001 s)
-----------------------------------------------------------------------
Refining channels...
FYI: CNarrowChannelRefiner::RefineChannels_PRLL
Refinement input: 49339 bricks
	Time(refinement): 0.000 s
Setting regions (1080 / 50284)...OK (0.001 s)
Refinement result (1 iterations): 50284 bricks (0.003 s)
Collecting and processing rays:
	Adding rays...OK (0.000 s)
	Adding flags...OK (0.000 s)
	new bricks = 1080 / 50284
	new rays   = 4 (x=1, y=0, z=3)
	Processing rays...
		Rays process: Total time: 0.000, count: 2, Average time: 0.000, Maximum time: 0.000
		Sort xstacks: Total time: 0.000, count: 2, Average time: 0.000, Maximum time: 0.000
		Put xstacks:  Total time: 0.000, count: 2, Average time: 0.000, Maximum time: 0.000
		Total:         0.000 s
	Correcting rays...
		Lame vertices: Total time: 0.001, count: 2, Average time: 0.000, Maximum time: 0.001
		Bad rays:      No data
		Emit rays:     No data
		Correct ray f: No data
		Undef:         Total time: 0.000, count: 2, Average time: 0.000, Maximum time: 0.000
		Sum:           Total time: 0.001, count: 2, Average time: 0.001, Maximum time: 0.001
		Total:         0.001 s
	Time (rays): 0.003 s
	Calls                8
	CorrectRay Calls     0
Capturing (1080 / 50284)...
Capturing takes (0.001 s)
FYI: m_iteration_count = 0
Level1 statistics:
     level1_cnt_plus[1]=1080;		level1_cnt_minus[1]=0
     level1_cnt_plus[2]=0;		level1_cnt_minus[2]=0
     level1_cnt_plus[3]=0;		level1_cnt_minus[3]=0
     level1_cnt_plus[4]=0;		level1_cnt_minus[4]=0
     level1_cnt_plus[5]=0;		level1_cnt_minus[5]=0
     level1_cnt_plus[6]=0;		level1_cnt_minus[6]=0
     level1_cnt_plus[7]=0;		level1_cnt_minus[7]=0
     level1_cnt_plus[8]=0;		level1_cnt_minus[8]=0
     level1_cnt_plus[9]=0;		level1_cnt_minus[9]=0
Refinement input: 50284 bricks
	Time(refinement): 0.000 s
Setting regions (32 / 50312)...OK (0.001 s)
Refinement result (1 iterations): 50312 bricks (0.003 s)
Collecting and processing rays:
	Adding rays...OK (0.000 s)
	Adding flags...OK (0.000 s)
	new bricks = 32 / 50312
	new rays   = 0 (x=0, y=0, z=0)
	Processing rays...
		Rays process: Total time: 0.000, count: 2, Average time: 0.000, Maximum time: 0.000
		Sort xstacks: Total time: 0.000, count: 2, Average time: 0.000, Maximum time: 0.000
		Put xstacks:  Total time: 0.000, count: 2, Average time: 0.000, Maximum time: 0.000
		Total:         0.000 s
	Correcting rays...
		Total:         0.000 s
	Time (rays): 0.001 s
	Calls                0
	CorrectRay Calls     0
Capturing (32 / 50312)...
Capturing takes (0.001 s)
FYI: m_iteration_count = 1
Level1 statistics:
     level1_cnt_plus[1]=1112;		level1_cnt_minus[1]=0
     level1_cnt_plus[2]=0;		level1_cnt_minus[2]=0
     level1_cnt_plus[3]=0;		level1_cnt_minus[3]=0
     level1_cnt_plus[4]=0;		level1_cnt_minus[4]=0
     level1_cnt_plus[5]=0;		level1_cnt_minus[5]=0
     level1_cnt_plus[6]=0;		level1_cnt_minus[6]=0
     level1_cnt_plus[7]=0;		level1_cnt_minus[7]=0
     level1_cnt_plus[8]=0;		level1_cnt_minus[8]=0
     level1_cnt_plus[9]=0;		level1_cnt_minus[9]=0
FYI: m_iteration_count = 2
Level1 statistics:
     level1_cnt_plus[1]=1112;		level1_cnt_minus[1]=0
     level1_cnt_plus[2]=0;		level1_cnt_minus[2]=0
     level1_cnt_plus[3]=0;		level1_cnt_minus[3]=0
     level1_cnt_plus[4]=0;		level1_cnt_minus[4]=0
     level1_cnt_plus[5]=0;		level1_cnt_minus[5]=0
     level1_cnt_plus[6]=0;		level1_cnt_minus[6]=0
     level1_cnt_plus[7]=0;		level1_cnt_minus[7]=0
     level1_cnt_plus[8]=0;		level1_cnt_minus[8]=0
     level1_cnt_plus[9]=0;		level1_cnt_minus[9]=0
Refinement input: 50312 bricks
	Time(refinement): 0.000 s
Setting regions (312 / 50585)...OK (0.001 s)
Refinement result (1 iterations): 50585 bricks (0.003 s)
Collecting and processing rays:
	Adding rays...OK (0.000 s)
	Adding flags...OK (0.000 s)
	new bricks = 312 / 50585
	new rays   = 0 (x=0, y=0, z=0)
	Processing rays...
		Rays process: Total time: 0.000, count: 2, Average time: 0.000, Maximum time: 0.000
		Sort xstacks: Total time: 0.000, count: 2, Average time: 0.000, Maximum time: 0.000
		Put xstacks:  Total time: 0.000, count: 2, Average time: 0.000, Maximum time: 0.000
		Total:         0.000 s
	Correcting rays...
		Total:         0.000 s
	Time (rays): 0.002 s
	Calls                0
	CorrectRay Calls     0
Capturing (312 / 50585)...
Capturing takes (0.001 s)
FYI: m_iteration_count = 3
Level1 statistics:
     level1_cnt_plus[1]=1424;		level1_cnt_minus[1]=0
     level1_cnt_plus[2]=0;		level1_cnt_minus[2]=0
     level1_cnt_plus[3]=0;		level1_cnt_minus[3]=0
     level1_cnt_plus[4]=0;		level1_cnt_minus[4]=0
     level1_cnt_plus[5]=0;		level1_cnt_minus[5]=0
     level1_cnt_plus[6]=0;		level1_cnt_minus[6]=0
     level1_cnt_plus[7]=0;		level1_cnt_minus[7]=0
     level1_cnt_plus[8]=0;		level1_cnt_minus[8]=0
     level1_cnt_plus[9]=0;		level1_cnt_minus[9]=0
Refinement input: 50585 bricks
	Time(refinement): 0.000 s
Setting regions (8 / 50592)...OK (0.001 s)
Refinement result (1 iterations): 50592 bricks (0.003 s)
Collecting and processing rays:
	Adding rays...OK (0.000 s)
	Adding flags...OK (0.000 s)
	new bricks = 8 / 50592
	new rays   = 0 (x=0, y=0, z=0)
	Processing rays...
		Rays process: Total time: 0.000, count: 2, Average time: 0.000, Maximum time: 0.000
		Sort xstacks: Total time: 0.000, count: 2, Average time: 0.000, Maximum time: 0.000
		Put xstacks:  Total time: 0.000, count: 2, Average time: 0.000, Maximum time: 0.000
		Total:         0.000 s
	Correcting rays...
		Total:         0.000 s
	Time (rays): 0.001 s
	Calls                0
	CorrectRay Calls     0
Capturing (8 / 50592)...
Capturing takes (0.001 s)
FYI: m_iteration_count = 4
Level1 statistics:
     level1_cnt_plus[1]=1432;		level1_cnt_minus[1]=0
     level1_cnt_plus[2]=0;		level1_cnt_minus[2]=0
     level1_cnt_plus[3]=0;		level1_cnt_minus[3]=0
     level1_cnt_plus[4]=0;		level1_cnt_minus[4]=0
     level1_cnt_plus[5]=0;		level1_cnt_minus[5]=0
     level1_cnt_plus[6]=0;		level1_cnt_minus[6]=0
     level1_cnt_plus[7]=0;		level1_cnt_minus[7]=0
     level1_cnt_plus[8]=0;		level1_cnt_minus[8]=0
     level1_cnt_plus[9]=0;		level1_cnt_minus[9]=0
FYI: m_iteration_count = 5
Level1 statistics:
     level1_cnt_plus[1]=1432;		level1_cnt_minus[1]=0
     level1_cnt_plus[2]=0;		level1_cnt_minus[2]=0
     level1_cnt_plus[3]=0;		level1_cnt_minus[3]=0
     level1_cnt_plus[4]=0;		level1_cnt_minus[4]=0
     level1_cnt_plus[5]=0;		level1_cnt_minus[5]=0
     level1_cnt_plus[6]=0;		level1_cnt_minus[6]=0
     level1_cnt_plus[7]=0;		level1_cnt_minus[7]=0
     level1_cnt_plus[8]=0;		level1_cnt_minus[8]=0
     level1_cnt_plus[9]=0;		level1_cnt_minus[9]=0
Level1 statistics:
     level1_cnt_plus[1]=1432;		level1_cnt_minus[1]=0
     level1_cnt_plus[2]=0;		level1_cnt_minus[2]=0
     level1_cnt_plus[3]=0;		level1_cnt_minus[3]=0
     level1_cnt_plus[4]=0;		level1_cnt_minus[4]=0
     level1_cnt_plus[5]=0;		level1_cnt_minus[5]=0
     level1_cnt_plus[6]=0;		level1_cnt_minus[6]=0
     level1_cnt_plus[7]=0;		level1_cnt_minus[7]=0
     level1_cnt_plus[8]=0;		level1_cnt_minus[8]=0
     level1_cnt_plus[9]=0;		level1_cnt_minus[9]=0

-----------------------------------------------------------------------
U-shapes refinement...
Refinement input: 50592 bricks
	Checking crit (36352 / 50592)...55 marked (0.005 s)
	Time(refinement): 0.000 s
Setting regions (616 / 51131)...OK (0.001 s)
	Checking crit (192 / 51131)...2 marked (0.001 s)
	Time(refinement): 0.000 s
Setting regions (40 / 51166)...OK (0.001 s)
	Checking crit (24 / 51166)...0 marked (0.000 s)
Refinement result (2 iterations): 51166 bricks (0.016 s)
Collecting and processing rays:
	Adding rays...OK (0.000 s)
	Adding flags...OK (0.000 s)
	new bricks = 654 / 51166
	new rays   = 172 (x=30, y=68, z=74)
	Processing rays...
		Rays process: Total time: 0.002, count: 2, Average time: 0.001, Maximum time: 0.001
		Sort xstacks: Total time: 0.000, count: 2, Average time: 0.000, Maximum time: 0.000
		Put xstacks:  Total time: 0.000, count: 2, Average time: 0.000, Maximum time: 0.000
		Total:         0.002 s
	Correcting rays...
		Lame vertices: Total time: 0.001, count: 2, Average time: 0.001, Maximum time: 0.001
		Bad rays:      No data
		Emit rays:     No data
		Correct ray f: No data
		Undef:         Total time: 0.000, count: 2, Average time: 0.000, Maximum time: 0.000
		Sum:           Total time: 0.001, count: 2, Average time: 0.001, Maximum time: 0.001
		Total:         0.001 s
	Time (rays): 0.005 s
	Calls                344
	CorrectRay Calls     0
Capturing (654 / 51166)...
Capturing takes (0.001 s)
-----------------------------------------------------------------------
-----------------------------------------------------------------------
Equi Distant Refiner Objects:
-----------------------------------------------------------------------
-----------------------------------------------------------------------
Equi Distant Refiner:
Equi Distant Refiner takes 0.00 s
-----------------------------------------------------------------------
	Calls                0
	CorrectRay Calls     0

-----------------------------------------------------------------------
Refining geometries takes 0.996 s
-----------------------------------------------------------------------
-----------------------------------------------------------------------
Memory Working Set Current = 250.39 Mb, Memory Working Set Peak = 250.39 Mb
Memory Private Bytes Current = 272.57 Mb, Memory Private Bytes Peak = 272.57 Mb
Process Threads Number: 19
-----------------------------------------------------------------------
Defect ray count	0
-----------------------------------------------------------------------
CNarrowChannelRefiner::RedistributeLevel1_step_1_new: started...
	PrePass:                     1432
	Distribute level_1 on level = 0
	Front spread algorithm. Partition count = 12
	Time (front spread): 0.001 s
	Groups count = 0
	Changed level 1 count = 0
	Distribute level_1 on level = 1
	Front spread algorithm. Partition count = 12
	Time (front spread): 0.001 s
	Groups count = 5
	Changed level 1 count = 0
	Distribute level_1 on level = 2
	Front spread algorithm. Partition count = 12
	Time (front spread): 0.001 s
	Groups count = 43
	Changed level 1 count = 0
	Distribute level_1 on level = 3
	Front spread algorithm. Partition count = 12
	Time (front spread): 0.001 s
	Groups count = 0
	Changed level 1 count = 0
	Distribute level_1 on level = 4
	Front spread algorithm. Partition count = 12
	Time (front spread): 0.001 s
	Groups count = 0
	Changed level 1 count = 0
	AfterPass:                   1432
CNarrowChannelRefiner::RedistributeLevel1_step_1_new: finished in 0.009 s
Level1 statistics:
     level1_cnt_plus[1]=1432;		level1_cnt_minus[1]=0
     level1_cnt_plus[2]=0;		level1_cnt_minus[2]=0
     level1_cnt_plus[3]=0;		level1_cnt_minus[3]=0
     level1_cnt_plus[4]=0;		level1_cnt_minus[4]=0
     level1_cnt_plus[5]=0;		level1_cnt_minus[5]=0
     level1_cnt_plus[6]=0;		level1_cnt_minus[6]=0
     level1_cnt_plus[7]=0;		level1_cnt_minus[7]=0
     level1_cnt_plus[8]=0;		level1_cnt_minus[8]=0
     level1_cnt_plus[9]=0;		level1_cnt_minus[9]=0
CNarrowChannelRefiner::RedistributeLevel1_step_2: started...
	PrePass(step2):                     1432
	Brick chains count: 31811
	Level 1 changed: 33790 / 51166
	Sum (level 1 changed): 14255
	AfterPass(step2):                   14659
CNarrowChannelRefiner::RedistributeLevel1_step_2: finished in 0.223 s
Level1 statistics:
     level1_cnt_plus[1]=14659;		level1_cnt_minus[1]=0
     level1_cnt_plus[2]=0;		level1_cnt_minus[2]=0
     level1_cnt_plus[3]=0;		level1_cnt_minus[3]=0
     level1_cnt_plus[4]=0;		level1_cnt_minus[4]=0
     level1_cnt_plus[5]=0;		level1_cnt_minus[5]=0
     level1_cnt_plus[6]=0;		level1_cnt_minus[6]=0
     level1_cnt_plus[7]=0;		level1_cnt_minus[7]=0
     level1_cnt_plus[8]=0;		level1_cnt_minus[8]=0
     level1_cnt_plus[9]=0;		level1_cnt_minus[9]=0
CNarrowChannelRefiner::RedistributeLevel1_step_3_new: started...
	PrePass(step3):                     14659
	Distribute level_1 on level = 0
	Front spread algorithm. Partition count = 12
	Time (front spread): 0.001 s
	Groups count = 3
	Changed level 1 count = 0
	Distribute level_1 on level = 1
	Front spread algorithm. Partition count = 12
	Time (front spread): 0.001 s
	Groups count = 16
	Changed level 1 count = 1614
	Distribute level_1 on level = 2
	Front spread algorithm. Partition count = 12
	Time (front spread): 0.001 s
	Groups count = 99
	Changed level 1 count = 6082
	Distribute level_1 on level = 3
	Front spread algorithm. Partition count = 12
	Time (front spread): 0.003 s
	Groups count = 130
	Changed level 1 count = 13430
	Distribute level_1 on level = 4
	Front spread algorithm. Partition count = 12
	Time (front spread): 0.001 s
	Groups count = 232
	Changed level 1 count = 9863
	AfterPass(step3):                   45648
CNarrowChannelRefiner::RedistributeLevel1_step_3_new: finished in 0.015 s
Level1 statistics:
     level1_cnt_plus[1]=14659;		level1_cnt_minus[1]=30989
     level1_cnt_plus[2]=0;		level1_cnt_minus[2]=0
     level1_cnt_plus[3]=0;		level1_cnt_minus[3]=0
     level1_cnt_plus[4]=0;		level1_cnt_minus[4]=0
     level1_cnt_plus[5]=0;		level1_cnt_minus[5]=0
     level1_cnt_plus[6]=0;		level1_cnt_minus[6]=0
     level1_cnt_plus[7]=0;		level1_cnt_minus[7]=0
     level1_cnt_plus[8]=0;		level1_cnt_minus[8]=0
     level1_cnt_plus[9]=0;		level1_cnt_minus[9]=0
MMP (ncr): locals=12, allc_sz=146.02 MB (0.00 MB), used_sz=138.29 MB, blk_sz=(0.78 MB/1.52 MB), blks-min-max=41/48 (big 0/0)
-----------------------------------------------------------------------
MSH format builder (Iteration 0)
-----------------------------------------------------------------------
Memory Working Set Current = 160.98 Mb, Memory Working Set Peak = 300.56 Mb
Memory Private Bytes Current = 178.97 Mb, Memory Private Bytes Peak = 325.92 Mb
Process Threads Number: 19
-----------------------------------------------------------------------
Total bricks count: 51166
-----------------------------------------------------------------------
MSH (Real Geometry) format constructor:
	Geom    Count = 2
	Bodyset Count = 2
	3D task
	Getting parser brick sets...OK (0.001 s)

	Min x-stack xeps = 1.79653e-07
	D / dh / eps [axis=0] = (0.158754, 0.00118089, 5.98843e-08)
	D / dh / eps [axis=1] = (0.204425, 0.00126148, 5.98843e-08)
	D / dh / eps [axis=2] = (0.146253, 0.00113202, 5.98843e-08)
	Time (xeps): 0.001 s
Level 4
	Set (0)  size: 7340
	Set (0)  time: 0.288 s
	Set (1)  size: 7340
	Set (1)  time: 0.212 s
Level 3
	Set (0)  size: 10742
	Set (0)  time: 0.098 s
	Set (1)  size: 10743
	Set (1)  time: 0.109 s
Level 2
	Set (0)  size: 6020
	Set (0)  time: 0.033 s
	Set (1)  size: 6009
	Set (1)  time: 0.033 s
Level 1
	Set (0)  size: 1468
	Set (0)  time: 0.006 s
	Set (1)  size: 1464
	Set (1)  time: 0.005 s
Level 0
	Set (0)  size: 20
	Set (0)  time: 0.000 s
	Set (1)  size: 20
	Set (1)  time: 0.000 s

	Spread npq bricks...0 marked (0.002 s)

Result:
	Bricks number:                        51166

	Memory usage:                         17.919 MB
	Memory usage (per brick):             0.359 KB
	Construction time:                    0.793 s

	Topology features:
	------------------
	- High quality bricks                   99.99 % (51160)
	- Medium quality bricks                  0.01 % (6)
	- Bad quality bricks                     0.00 % (0)
	- NPQ bricks                             0.17 % (85)
	- Type-1 bricks                         50.04 % (25605)
	- Ribs corrected bricks                  0.00 % (0)
	- Points with geom-info (bricks)         0.05 % (25)
	- Points with closest-info (bricks)      0.00 % (0)
	- Triangulated by center (bricks)        0.15 % (78)
	- Facet w-faces mergings (bricks)        0.00 % (0)
	- To refine (bricks)                     0.00 % (0)
	- Points-count                           0.00 % (0)
	- T-self-intersection-all (bricks)       0.00 % (0)
	- T-self-intersection-simple (bricks)    0.00 % (0)
	- T-self-intersection-complex (bricks)   0.00 % (0)
	- NPQ by reason 1 u-shape                0.01 % (3)
	- NPQ by reason 2 tri-by-ctr             0.14 % (72)
	- NPQ by reason 3 ray-correction         0.00 % (0)
	- NPQ by reason 4 t-self-intersection    0.00 % (0)
	- NPQ by reason 5 non-good               0.01 % (6)
	- NPQ by reason 6 npq-worker             0.00 % (0)

-----------------------------------------------------------------------
Memory Working Set Current = 197.19 Mb, Memory Working Set Peak = 300.56 Mb
Memory Private Bytes Current = 214.12 Mb, Memory Private Bytes Peak = 325.92 Mb
Process Threads Number: 19
-----------------------------------------------------------------------
-----------------------------------------------------------------------
msh-iterations: 1
-----------------------------------------------------------------------
high---q-brick-count =  99.99 % (51166 51160)
medium-q-brick-count =   0.01 % (51166 6)
bad----q-brick-count =   0.00 % (51166 0)
np-----q-brick-count =   0.17 % (51166 85)
-----------------------------------------------------------------------
Free brick parser storage...OK(0.002 s)
-----------------------------------------------------------------------
Memory Working Set Current = 196.20 Mb, Memory Working Set Peak = 300.56 Mb
Memory Private Bytes Current = 213.05 Mb, Memory Private Bytes Peak = 325.92 Mb
Process Threads Number: 19
-----------------------------------------------------------------------
-----------------------------------------------------------------------
MSH --> BCF format (Iteration 0)...
BCF collector...(remove mode=0)
	Time (alloc counter per brick): 0.001 s
	Brick    count: 51166
	Av.f all count: 49831
	Av.s all count: 31403
	Av.f pid count: 29444
	Av.s pid count: 26229
	Faces fs count: 53056
	Faces ff count: 0
	Faces ss count: 0
	Faces bb count: 0
	Faces fe count: 2485
	Faces se count: 0
	Faces fw count: 55541
	Faces af count: 152713
	Faces as count: 89713
	Time (all count): 	0.007 s
	Time (bcf alloc): 	0.001 s
	Time (shifts alloc): 	0.002 s
	Time (shifts init): 	0.002 s
	Time (bcf fill): 	0.016 s
	Time (add av to faces): 0.001 s
	Time (add faces to av): 0.010 s
Time (bcf collect): 		0.042 s
	AV checker...
		Hole marker...
	Front spread algorithm. Partition count = 12
	Front spread algorithm. Partition count = 12
	Time (front spread): 0.006 s
	Time (front spread): 0.006 s
			Subdomains:               3.
			Subdomains (cond):        3.
			Time (subdomain constructors): 0.006 s.
			Time (potential-hole marking): 	0.001 s
	Front spread algorithm. Partition count = 12
	Time (front spread): 0.003 s
			Hole av set size = 0
			Hole checking...
			Time (hole checking): 0.000 s.
			0 av(s) are marked to fill 0 subdomain holes.
		Time (hole marker): 0.013 s.
	Time (check av): 	0.024 s
	Subdomain checker...
	Front spread algorithm. Partition count = 12
	Time (front spread): 0.003 s
		Subdomains construction time: 0.003 s.
		Subdomains sort time: 0.000 s.
			Subdomain 0 (geom_ind=0): 44560 av
			Subdomain 1 (geom_ind=0): 4658 av
			Subdomain 2 (geom_ind=0): 613 av
			Subdomain 3 (geom_ind=1): 31387 av
			Subdomain 4 (geom_ind=1): 4 av
			Subdomain 5 (geom_ind=1): 4 av
			Subdomain 6 (geom_ind=1): 4 av
			Subdomain 7 (geom_ind=1): 4 av
		gi: 0, real bodies: 3
		gi: 0, subdomains:  3
		gi: 1, real bodies: 1
		gi: 1, subdomains:  5
		Defect subdomains by real bodies count: 4
		Defect subdomains: 4
	Time (check subdoms): 	0.006 s
Free bcf...            OK	Time=0.004 s
	Time (corr msh): 	0.000 s
	Bricks corrected: 16
Time (bcf iteration total): 	0.083 s
-----------------------------------------------------------------------
MSH --> BCF format (Iteration 1)...
BCF collector...(remove mode=0)
	Time (alloc counter per brick): 0.001 s
	Brick    count: 51166
	Av.f all count: 49831
	Av.s all count: 31387
	Av.f pid count: 29438
	Av.s pid count: 26213
	Faces fs count: 53000
	Faces ff count: 0
	Faces ss count: 0
	Faces bb count: 0
	Faces fe count: 2485
	Faces se count: 0
	Faces fw count: 55485
	Faces af count: 152727
	Faces as count: 89697
	Time (all count): 	0.008 s
	Time (bcf alloc): 	0.001 s
	Time (shifts alloc): 	0.002 s
	Time (shifts init): 	0.002 s
	Time (bcf fill): 	0.016 s
	Time (add av to faces): 0.001 s
	Time (add faces to av): 0.010 s
Time (bcf collect): 		0.042 s
	AV checker...
		Hole marker...
	Front spread algorithm. Partition count = 12
	Front spread algorithm. Partition count = 12
	Time (front spread): 0.005 s
	Time (front spread): 0.006 s
			Subdomains:               3.
			Subdomains (cond):        3.
			Time (subdomain constructors): 0.006 s.
			Time (potential-hole marking): 	0.002 s
	Front spread algorithm. Partition count = 12
	Time (front spread): 0.003 s
			Hole av set size = 0
			Hole checking...
			Time (hole checking): 0.000 s.
			0 av(s) are marked to fill 0 subdomain holes.
		Time (hole marker): 0.012 s.
	Time (check av): 	0.023 s
	Subdomain checker...
	Front spread algorithm. Partition count = 12
	Time (front spread): 0.004 s
		Subdomains construction time: 0.004 s.
		Subdomains sort time: 0.000 s.
			Subdomain 0 (geom_ind=0): 44560 av
			Subdomain 1 (geom_ind=0): 4658 av
			Subdomain 2 (geom_ind=0): 613 av
			Subdomain 3 (geom_ind=1): 31387 av
		gi: 0, real bodies: 3
		gi: 0, subdomains:  3
		gi: 1, real bodies: 1
		gi: 1, subdomains:  1
		Defect subdomains: 0
	Time (check subdoms): 	0.006 s
Time (bcf iteration total): 	0.072 s
	Sum of fw-nb: 		23535
	Time (fw-nb): 		0.002 s
	Fixed mutual fw-nb:     23535 (bb: 0)
	Time (fw-nb mutual): 	0.005 s
	Time (fw-nb sort): 	0.001 s
	Fw-opt BEFORE total:    55485 (fs=53000, ff=0, ss=0)
	Fw-opt AFTER  total:    42841 (fs=40356, ff=0, ss=0, failed fw/br=27/3, big_curv=255, big_poly=0)
	Fw-opt RESULT:          12644 (res/(fs+ff+ss) = 23.86 %)
	Time (fw-opt): 		0.005 s
	Time (fw-re-order): 	0.004 s
	Sum of fw-nb: 		89975
	Time (fw-nb): 		0.023 s
	Fixed mutual fw-nb:     89975 (bb: 0)
	Time (fw-nb mutual): 	0.009 s
	Time (fw-nb sort): 	0.001 s
	Time (rfd conservation): 	0.000 s
	Time (rfd correct): 	0.000 s
	Time (av convexity): 	0.008 s
	Time (av small volume): 0.001 s
	Time (diagonal fw-nb): 	0.047 s
	Fixed mutual fw-nb:     0 (bb: 0)
	Time (fw-nb mutual): 	0.004 s
	Time (fw-nb sort): 	0.001 s
	Front spread algorithm. Partition count = 12
	Time (front spread): 0.003 s
	Fluid subdomains: 3
	Faces fw-nb diff sd:    0
	Time (fw-nb diff sd): 	0.005 s
Time (bcf calc): 		0.126 s
-----------------------------------------------------------------------
Time (bcf total): 		0.281 s
-----------------------------------------------------------------------
bcf-iterations: 2
-----------------------------------------------------------------------
-----------------------------------------------------------------------
Mega-cv constructor for fluid...
	 491 av's is treated as thin
Relative size generator (threshold = 0.05)...
	Iteration 1 (small cluster count = 1943)
	Iteration 2 (small cluster count = 866)
	Iteration 3 (small cluster count = 172)
	Iteration 4 (small cluster count = 41)
	Iteration 5 (small cluster count = 9)
	Iteration 6 (small cluster count = 1)
	Iteration 7 (small cluster count = 0)
	 1875 mega-cv's generated
	 54 mega-cv's removed
Relative size generator is completed OK (0.010 s)
Apply fa-rules to mega-cv clusters fixes...
	Fa-rule violation fixes:       96 of       97 (total cluster# =     1865)
OK (0.010 s)
There are 10 clusters with nbrs connected in more than one axis
Convert clusters:
	 1822 mega-cv's total
Mega-cv count: 1822
Time (mega-cv fill): 	0.002 s
WARNING! Mega-cv normal-direction rule violation counts: rule-I = 1, rule-II = 0
Time (mega-cv total): 	0.031 s
-----------------------------------------------------------------------
-----------------------------------------------------------------------
Mega-cv constructor for solid...
-----------------------------------------------------------------------
Mixing plane rotation regions: NO.
Sliding mesh rotation regions: NO.
Fluid/fluid faces: NO.
-----------------------------------------------------------------------
Memory Working Set Current = 240.39 Mb, Memory Working Set Peak = 300.56 Mb
Memory Private Bytes Current = 285.91 Mb, Memory Private Bytes Peak = 325.92 Mb
Process Threads Number: 19
-----------------------------------------------------------------------
----------------------------------------------------------
BCF --> BCF.GEOMSUBDOM (bridge arrays):
MESH (0):
	Front spread algorithm. Partition count = 12
	Time (front spread): 0.005 s
	Fluid Subdom Constructor: 3 subdom(s).
	Front spread algorithm. Partition count = 12
	Time (front spread): 0.002 s
	Solid Subdom Constructor: 1 subdom(s).
	Front spread algorithm. Partition count = 12
	Time (front spread): 0.001 s
	Net Asm Subdom Constructor: 0 subdom(s).
	GEOMSUBDOM (0): gi=0 Fluid av=44560 cv=42840 fa=137478 fw=38117 V=3.419311e-03
	Cache data...OK
	GEOMSUBDOM (1): gi=0 Fluid av=4658 cv=4458 fa=13771 fw=3929 V=8.026894e-04
	Cache data...OK
	GEOMSUBDOM (2): gi=0 Fluid av=613 cv=490 fa=1478 fw=795 V=1.219173e-06
	Cache data...OK
	GEOMSUBDOM (3): gi=1 Solid av=31387 cv=31387 fa=89697 fw=40356 V=5.231534e-04
	Cache data...OK
	Setting nb of w-faces...OK (0.007 s).
	Correcting nb of w-faces...
	Time(correct_fw_nb)=0.007 s

MESH (0) checking:
	GEOMSUBDOM (0):fa_s=1.4665114662464818 fw_s=0.3922428997142567 fw_nb=302258
	              :d_const(36062)=3.06522e-10 d_linear(10166)=3.3552e-10
	GEOMSUBDOM (1):fa_s=0.2708528406488089 fw_s=0.0535509349873356 fw_nb=30518
	              :d_const(902)=1.40403e-11 d_linear(902)=1.51462e-10
	GEOMSUBDOM (2):fa_s=0.0021533117156176 fw_s=0.0015189046963233 fw_nb=6288
	              :d_const(489)=1.50657e-10 d_linear(350)=2.89581e-10
	GEOMSUBDOM (3):fa_s=0.3619826773028991 fw_s=0.2761745688056675 fw_nb=319520
	              :d_const(15702)=3.08407e-09 d_linear(25145)=5.74042e-09
MESH (0) checking: OK.
Time (MDS): 	0.079 s
----------------------------------------------------------
-----------------------------------------------------------------------
Memory Working Set Current = 270.18 Mb, Memory Working Set Peak = 300.56 Mb
Memory Private Bytes Current = 323.62 Mb, Memory Private Bytes Peak = 325.92 Mb
Process Threads Number: 19
-----------------------------------------------------------------------

-----------------------------------------------------------------------
BCF CHECKSUM DATA (Mesh 0):

WARNING! 4 w-face(s) without RefFacesData.
BRICK |Level1| Sum:               45648
FACE_A Area Sum:   G.Fluid        1.7395176186109085
FACE_A Area Sum:   G.Solid        0.3619826773028991
FACE_W Area Sum:                  0.4473127393979157
FACE_W Nb   Sum:                  339064
FACE_W min curvatures sum:        -833787.88774719
FACE_W max curvatures sum:        5404942.85549483
AV Max Disbalance(Const) :        3.08407e-09 (cid=27412, t={95, 116, 51}, avid=67016, pid=14066)
AV Max Disbalance(Linear):        2.44811e-08 (cid=27588, t={82, 116, 61}, avid=26467, pid=15888)
BRICK-AV Volume Disbalance:       0 (cid=0, t={0, 0, 0})
-----------------------------------------------------------------------


-----------------------------------------------------------------------
MESHER TOPOLOGY DATA:

BRICKS: Total                 51166
BRICKS: Fluid                 45992
BRICKS: Fluid Partial         25599
BRICKS: Type 1                25599
BRICKS: Max AV number         4
BRICKS: |level1| sum          45648


AV:     G.Total               81218
AV:     G.Fluid               49831
AV:     G.Solid               31387

AV:     G.Fluid Thin Profile    1.23 % (613)
AV:     G.Solid Thin Profile   12.21 % (3832)

AV:     G.Fluid Thin For Mega   0.99 % (491)
AV:     G.Solid Thin For Mega  10.12 % (3176)

AV:     G.Fluid Non-Convex     14.90 % (7426)
AV:     G.Solid Non-Convex     21.33 % (6694)

AV:     G.Fluid Non-Ess-Convex      8.66 % (4315)
AV:     G.Solid Non-Ess-Convex     14.00 % (4395)

FACE_A: G.Fluid          (af) 152727 (partially opened 63902)
FACE_A: G.Solid          (as) 89697 (partially opened 57590)

FACE_W: G.Total                 42841       Brick/Bound
FACE_W: G.Fluid/Solid    (fs_g) 40356       0           
FACE_W: G.Fluid/Fluid    (ff_g) 0           0           
FACE_W: G.Solid/Solid    (ss_g) 0           0           
FACE_W: G.Fluid/Void     (fv_g) 0           0           
FACE_W: G.Fluid/External (fe_g) 2485
FACE_W: G.Solid/External (se_g) 0

AV/CV max fa count (on brick side):8
AV/CV max fw count:                8
AV/CV max fw poly count:           20

MEMORY: Total                   28.398 MB
MEMORY: Per Brick               0.568 KB
-----------------------------------------------------------------------

-----------------------------------------------------------------------
Connectivities information:
	Number of conns: 0
-----------------------------------------------------------------------
	Time (gap size): 	0.293 s
-----------------------------------------------------------------------
Memory Working Set Current = 270.79 Mb, Memory Working Set Peak = 300.56 Mb
Memory Private Bytes Current = 324.29 Mb, Memory Private Bytes Peak = 325.92 Mb
Process Threads Number: 19
-----------------------------------------------------------------------
-----------------------------------------------------------------------
Calculating curvature and tolerance criteria...
Curvature: min=0 (cid=0) max=3.14159 (cid=5579)
Tolerance: min=0 (cid=0) max=0.0013914 (cid=31358)
Calculating curvature and tolerance criteria takes 0.107 s
-----------------------------------------------------------------------
MESH Build(FS) finished. Time=2.896 s
-----------------------------------------------------------------------
Current CPU = 4 sec

Nx=8
Ny=10
Nz=8
Max BRICK Level=4
Mesh Level=4
-----------------CModelBodies2MeshMapper::CollectData started -------------------------------
	Time (collect mesh base data): 0.007 s.
	Time (collect model bodies mapping): 0.000 s.
	Time (collect positive bodies mapping): 0.000 s.
	Time (collect fluid bodies mapping): 0.000 s.
-----------------CModelBodies2MeshMapper Report -------------------------------
FluidDomains 3 SolidDomains 1 VoidDomains 0 
Domains RefIndexes
----------------- -------------------------------
	ModelBodies
Total resolved Bodies 7 BodySets 1
BodySet 0	Material: Aluminum 6061
	Bodies list:
			#0	Name: Base_Torre-1/Boss-Extrude4;	ID: 7dfaa712-07ce-432c-8f4a-c6b974100fa7
			#1	Name: Fan_Torre-1/Cut-Extrude2;	ID: 08d05cab-01ad-4b2d-8e4c-a20aaceee408
			#2	Name: FAN-1/FAN BODY-1/Boss-Extrude2;	ID: dc96feca-5272-413c-8477-7f60d27abd0d
			#3	Name: FAN-1/FAN BLADES-1/CirPattern14;	ID: 375a800b-bca8-49a4-a85c-0915d2aca418
			#4	Name: LID7-1/Imported1;	ID: b342b506-bf92-47ed-b350-1f50ea15138d
			#5	Name: LID8-1/Imported1;	ID: 4a19af49-15b5-45ff-916d-fa119049061a
			#6	Name: LID10-1/Imported1;	ID: c2b0c6b0-3f98-4ed9-b9fc-7643b4976543
	Domains list:mesh type	 (0, 1)		 3 


--------------------------------------------------------------------------
	Positive geometry Bodies
Total resolved Bodies 4 BodySets 4
BodySet 0
	Bodies list:
			#0	Name: ;	ID: 57fc5980-e69a-4667-a748-74ff55acd94c
	Domains list:mesh type	 (0, 1)		 1 

BodySet 1
	Bodies list:
			#0	Name: ;	ID: cd58949f-10d8-4540-ae68-633ea4267c66
	Domains list:mesh type	 (0, 1)		 2 

BodySet 2
	Bodies list:
			#0	Name: ;	ID: 072805f0-cfad-4eff-822c-4437a0213f1f
	Domains list:mesh type	 (0, 1)		 0 

BodySet 3
	Bodies list:
			#0	Name: ;	ID: 5754b7b0-c3af-4c29-a8e1-26f33be7ba2f
	Domains list:mesh type	 (0, 1)		 3 


--------------------------------------------------------------------------
	Fluid regions
Total resolved Bodies 3 BodySets 1
BodySet 0	Material: H2O; Air; 
	Bodies list:
			#0	Name: ;	ID: 57fc5980-e69a-4667-a748-74ff55acd94c
			#1	Name: ;	ID: cd58949f-10d8-4540-ae68-633ea4267c66
			#2	Name: ;	ID: 072805f0-cfad-4eff-822c-4437a0213f1f
	Domains list:mesh type	 (0, 1)		 0 		 1 		 2 


--------------------------------------------------------------------------
Collect data takes...0.012 s
-----------------CModelBodies2MeshMapper::CollectData finished successfully-------------------
Saving initial mesh in: C:\Cursando\Termofluidos\Proyecto\3\3.fld .
Storing results...
	Estimated CPT size=15.713 MB.
Write section 436 takes 0.000 s
Write section 101 takes 0.000 s
Write section 400 takes 0.003 s
Write section 437 takes 0.003 s
Write mesh/bricks section: 0.007 s
Write section 408 takes 0.078 s
Write section 427 takes 0.004 s
Write msh format: 0.082 s
Write section 406 takes 0.007 s
Write section 405 takes 0.001 s
Write section 401 takes 0.021 s
Write section 402 takes 0.033 s
Write section 407 takes 0.009 s
Write section 421 takes 0.038 s
Write section 404 takes 0.005 s
Write section 416 takes 0.002 s
Write section 411 takes 0.003 s
Write section 413 takes 0.000 s
Write section 432 takes 0.000 s
Write plain bcf: 0.120 s
Write section 448 takes 0.007 s
Write section 446 takes 0.000 s
Write section 516 takes 0.000 s
	Time (write bcf): 0.216 s
X_STACK_LIST::write_x_stack_list4: started...
X_STACK_LIST::write_x_stack_list4: finished in 0.022 s
Storing results takes 0.245 s
-----------------------------------------------------------------------
Memory Working Set Current = 296.16 Mb, Memory Working Set Peak = 301.94 Mb
Memory Private Bytes Current = 349.09 Mb, Memory Private Bytes Peak = 354.95 Mb
Process Threads Number: 19
-----------------------------------------------------------------------
Cleaning memory...
-----------------------------------------------------------------------
Start to free mesher data...
MMP (gbs): locals=6, allc_sz=97.37 MB (0.00 MB), used_sz=80.01 MB, blk_sz=(0.02 MB/12.32 MB), blks-min-max=1/11 (big 0/0)
MMP (cpt_rgs): locals=0, allc_sz=0.00 MB (0.00 MB), used_sz=0.00 MB, blk_sz=(0.00 MB/0.00 MB), blks-min-max=0/0 (big 0/0)
MMP (slv_rgs): locals=0, allc_sz=0.00 MB (0.00 MB), used_sz=0.00 MB, blk_sz=(0.00 MB/0.00 MB), blks-min-max=0/0 (big 0/0)
MMP (msh): locals=12, allc_sz=7.55 MB (0.00 MB), used_sz=7.13 MB, blk_sz=(0.07 MB/0.09 MB), blks-min-max=12/17 (big 0/0)
MMP (brx): locals=12, allc_sz=35.48 MB (0.00 MB), used_sz=33.37 MB, blk_sz=(0.25 MB/0.33 MB), blks-min-max=29/32 (big 0/0)
MMP (bcf): locals=12, allc_sz=61.87 MB (0.00 MB), used_sz=52.13 MB, blk_sz=(0.17 MB/2.66 MB), blks-min-max=13/37 (big 0/0)
MMP (xsl): locals=12, allc_sz=6.95 MB (0.00 MB), used_sz=6.46 MB, blk_sz=(0.05 MB/0.09 MB), blks-min-max=12/18 (big 0/0)
Free xsl...            OK	Time=0.002 s
Free ray collector...  OK	Time=0.000 s
Free ray intersector...OK	Time=0.000 s
Free body sets...      OK	Time=0.003 s
Free Geometry DB takes 0.000 s
Free mesh conn...      OK	Time=0.000 s
Free geomsd...         OK	Time=0.000 s
Free mbricks...        OK	Time=0.001 s
Free hash info...      OK	Time=0.001 s
Free bricks-x...       OK	Time=0.000 s
Free bcf...            OK	Time=0.005 s
Free mesh h...         OK	Time=0.000 s
Free bricks arr..      OK	Time=0.000 s
Free bricks tree...    OK	Time=0.000 s
Free mesh pools...     OK	Time=0.024 s
Free bodies mapper...  OK	Time=0.000 s
Free geom crits...     OK	Time=0.000 s
Free cpt regions...    OK	Time=0.000 s
Free peculiar surfs... OK	Time=0.000 s
Free sw-geometries...  OK	Time=0.000 s
Free mesher wrk data...OK	Time=0.001 s
Total free mesher data time: 0.041 s
-----------------------------------------------------------------------
Copying... OK
CPT size=9.897 MB (10377952 bytes).
Mesh generation normally finished at	19.4.2026	21:27:6
Mesher CPU = 4 sec
Mesher is finished at	19.4.2026	21:27:6
-----------------------------------------------------------------------
Memory Working Set Current = 86.95 Mb, Memory Working Set Peak = 301.94 Mb
Memory Private Bytes Current = 111.68 Mb, Memory Private Bytes Peak = 354.95 Mb
Process Threads Number: 19
-----------------------------------------------------------------------
Algebra Pool      : mem_usage = 0.69 Mb, allocated count = 0
-----------------------------------------------------------------------
Memory Working Set Current = 86.27 Mb, Memory Working Set Peak = 301.94 Mb
Memory Private Bytes Current = 111.05 Mb, Memory Private Bytes Peak = 354.95 Mb
Process Threads Number: 19
Process Threads Number Peak: 19
-----------------------------------------------------------------------
Log ended at 19.04.2026	21:27:06
